Archive member included to satisfy reference by file (symbol)

C:\Users\Yusuke\Documents\LPCXpresso_8.1.4_606\workspace\CMSIS_CORE_LPC11Uxx\Debug\libCMSIS_CORE_LPC11Uxx.a(system_LPC11Uxx.o)
                              ./src/peripheral/vcom.o (SystemCoreClockUpdate)
c:/nxp/lpcxpresso_8.1.4_606/lpcxpresso/tools/bin/../lib/gcc/arm-none-eabi/5.2.1/../../../../arm-none-eabi/lib/armv6-m\libcr_nohost.a(_cr__main.o)
                              ./src/cr_startup_lpc11uxx.o (__main)
c:/nxp/lpcxpresso_8.1.4_606/lpcxpresso/tools/bin/../lib/gcc/arm-none-eabi/5.2.1/../../../../arm-none-eabi/lib/armv6-m\libcr_c.a(atan2f.o)
                              ./src/eMPL/MotionDriver.o (atan2f)
c:/nxp/lpcxpresso_8.1.4_606/lpcxpresso/tools/bin/../lib/gcc/arm-none-eabi/5.2.1/../../../../arm-none-eabi/lib/armv6-m\libcr_c.a(atanf.o)
                              c:/nxp/lpcxpresso_8.1.4_606/lpcxpresso/tools/bin/../lib/gcc/arm-none-eabi/5.2.1/../../../../arm-none-eabi/lib/armv6-m\libcr_c.a(atan2f.o) (atanf)
c:/nxp/lpcxpresso_8.1.4_606/lpcxpresso/tools/bin/../lib/gcc/arm-none-eabi/5.2.1/../../../../arm-none-eabi/lib/armv6-m\libcr_c.a(fabsf.o)
                              c:/nxp/lpcxpresso_8.1.4_606/lpcxpresso/tools/bin/../lib/gcc/arm-none-eabi/5.2.1/../../../../arm-none-eabi/lib/armv6-m\libcr_c.a(atan2f.o) (fabsf)
c:/nxp/lpcxpresso_8.1.4_606/lpcxpresso/tools/bin/../lib/gcc/arm-none-eabi/5.2.1/../../../../arm-none-eabi/lib/armv6-m\libcr_c.a(sqrtf.o)
                              ./src/eMPL/MotionDriver.o (sqrtf)
c:/nxp/lpcxpresso_8.1.4_606/lpcxpresso/tools/bin/../lib/gcc/arm-none-eabi/5.2.1/../../../../arm-none-eabi/lib/armv6-m\libcr_c.a(memcpy.o)
                              ./src/peripheral/comm.o (memcpy)
c:/nxp/lpcxpresso_8.1.4_606/lpcxpresso/tools/bin/../lib/gcc/arm-none-eabi/5.2.1/../../../../arm-none-eabi/lib/armv6-m\libcr_c.a(memset.o)
                              ./src/peripheral/microSD.o (memset)
c:/nxp/lpcxpresso_8.1.4_606/lpcxpresso/tools/bin/../lib/gcc/arm-none-eabi/5.2.1/../../../../arm-none-eabi/lib/armv6-m\libcr_c.a(errno.o)
                              c:/nxp/lpcxpresso_8.1.4_606/lpcxpresso/tools/bin/../lib/gcc/arm-none-eabi/5.2.1/../../../../arm-none-eabi/lib/armv6-m\libcr_c.a(atan2f.o) (errno)
c:/nxp/lpcxpresso_8.1.4_606/lpcxpresso/tools/bin/../lib/gcc/arm-none-eabi/5.2.1/../../../../arm-none-eabi/lib/armv6-m\libcr_c.a(fabs.o)
                              ./src/eMPL/inv_mpu.o (fabs)
c:/nxp/lpcxpresso_8.1.4_606/lpcxpresso/tools/bin/../lib/gcc/arm-none-eabi/5.2.1/../../../../arm-none-eabi/lib/armv6-m\libcr_c.a(fpprintf.o)
                              ./src/peripheral/microSD.o (sprintf)
c:/nxp/lpcxpresso_8.1.4_606/lpcxpresso/tools/bin/../lib/gcc/arm-none-eabi/5.2.1/../../../../arm-none-eabi/lib/armv6-m\libcr_c.a(initio.o)
                              c:/nxp/lpcxpresso_8.1.4_606/lpcxpresso/tools/bin/../lib/gcc/arm-none-eabi/5.2.1/../../../../arm-none-eabi/lib/armv6-m\libcr_nohost.a(_cr__main.o) (_initio)
c:/nxp/lpcxpresso_8.1.4_606/lpcxpresso/tools/bin/../lib/gcc/arm-none-eabi/5.2.1/../../../../arm-none-eabi/lib/armv6-m\libcr_c.a(memcmp.o)
                              ./src/eMPL/inv_mpu.o (memcmp)
c:/nxp/lpcxpresso_8.1.4_606/lpcxpresso/tools/bin/../lib/gcc/arm-none-eabi/5.2.1/../../../../arm-none-eabi/lib/armv6-m\libcr_c.a(printf.o)
                              c:/nxp/lpcxpresso_8.1.4_606/lpcxpresso/tools/bin/../lib/gcc/arm-none-eabi/5.2.1/../../../../arm-none-eabi/lib/armv6-m\libcr_c.a(fpprintf.o) (__vfprintf)
c:/nxp/lpcxpresso_8.1.4_606/lpcxpresso/tools/bin/../lib/gcc/arm-none-eabi/5.2.1/../../../../arm-none-eabi/lib/armv6-m\libcr_c.a(setvbuf.o)
                              c:/nxp/lpcxpresso_8.1.4_606/lpcxpresso/tools/bin/../lib/gcc/arm-none-eabi/5.2.1/../../../../arm-none-eabi/lib/armv6-m\libcr_c.a(initio.o) (setvbuf)
c:/nxp/lpcxpresso_8.1.4_606/lpcxpresso/tools/bin/../lib/gcc/arm-none-eabi/5.2.1/../../../../arm-none-eabi/lib/armv6-m\libcr_c.a(stdio.o)
                              c:/nxp/lpcxpresso_8.1.4_606/lpcxpresso/tools/bin/../lib/gcc/arm-none-eabi/5.2.1/../../../../arm-none-eabi/lib/armv6-m\libcr_c.a(fpprintf.o) (__Ciob)
c:/nxp/lpcxpresso_8.1.4_606/lpcxpresso/tools/bin/../lib/gcc/arm-none-eabi/5.2.1/../../../../arm-none-eabi/lib/armv6-m\libcr_c.a(strlen.o)
                              c:/nxp/lpcxpresso_8.1.4_606/lpcxpresso/tools/bin/../lib/gcc/arm-none-eabi/5.2.1/../../../../arm-none-eabi/lib/armv6-m\libcr_c.a(printf.o) (strlen)
c:/nxp/lpcxpresso_8.1.4_606/lpcxpresso/tools/bin/../lib/gcc/arm-none-eabi/5.2.1/../../../../arm-none-eabi/lib/armv6-m\libcr_c.a(__fillbuf.o)
                              c:/nxp/lpcxpresso_8.1.4_606/lpcxpresso/tools/bin/../lib/gcc/arm-none-eabi/5.2.1/../../../../arm-none-eabi/lib/armv6-m\libcr_c.a(stdio.o) (__filbuf)
c:/nxp/lpcxpresso_8.1.4_606/lpcxpresso/tools/bin/../lib/gcc/arm-none-eabi/5.2.1/../../../../arm-none-eabi/lib/armv6-m\libcr_c.a(_deferredlazyseek.o)
[...]
Memory Configuration

Name             Origin             Length             Attributes
MFlash64         0x00000000         0x00010000         xr
RamLoc8          0x10000000         0x00002000         xrw
RamUsb2          0x20004000         0x00000800         xrw
SRAM1_2          0x20000000         0x00000800         xrw
*default*        0x00000000         0xffffffff

Linker script and memory map

LOAD ./src/peripheral/cdc_desc.o
LOAD ./src/peripheral/comm.o
LOAD ./src/peripheral/i2c.o
LOAD ./src/peripheral/interrupt.o
LOAD ./src/peripheral/microSD.o
LOAD ./src/peripheral/timer.o
LOAD ./src/peripheral/uart.o
LOAD ./src/peripheral/vcom.o
LOAD ./src/fatfs/ff.o
LOAD ./src/fatfs/mmc_ssp.o
LOAD ./src/eMPL/MotionDriver.o
LOAD ./src/eMPL/inv_mpu.o
LOAD ./src/eMPL/inv_mpu_dmp_motion_driver.o
LOAD ./src/EM.o
LOAD ./src/aeabi_romdiv_patch.o
LOAD ./src/cr_startup_lpc11uxx.o
LOAD ./src/crp.o
LOAD ./src/gps.o
LOAD C:\Users\Yusuke\Documents\LPCXpresso_8.1.4_606\workspace\CMSIS_CORE_LPC11Uxx\Debug\libCMSIS_CORE_LPC11Uxx.a
START GROUP
LOAD c:/nxp/lpcxpresso_8.1.4_606/lpcxpresso/tools/bin/../lib/gcc/arm-none-eabi/5.2.1/../../../../arm-none-eabi/lib/armv6-m\libcr_nohost.a
LOAD c:/nxp/lpcxpresso_8.1.4_606/lpcxpresso/tools/bin/../lib/gcc/arm-none-eabi/5.2.1/../../../../arm-none-eabi/lib/armv6-m\libcr_c.a
LOAD c:/nxp/lpcxpresso_8.1.4_606/lpcxpresso/tools/bin/../lib/gcc/arm-none-eabi/5.2.1/armv6-m\libcr_eabihelpers.a
END GROUP
                0x00000000                __base_MFlash64 = 0x0
                0x00000000                __base_Flash = 0x0
                0x00010000                __top_MFlash64 = 0x10000
                0x00010000                __top_Flash = 0x10000
                0x10000000                __base_RamLoc8 = 0x10000000
                0x10000000                __base_RAM = 0x10000000
                0x10002000                __top_RamLoc8 = 0x10002000
                0x10002000                __top_RAM = 0x10002000
                0x20004000                __base_RamUsb2 = 0x20004000
                0x20004000                __base_RAM2 = 0x20004000
                0x20004800                __top_RamUsb2 = 0x20004800
                0x20004800                __top_RAM2 = 0x20004800
                0x20000000                __base_SRAM1_2 = 0x20000000
                0x20000000                __base_RAM3 = 0x20000000
                0x20000800                __top_SRAM1_2 = 0x20000800
                0x20000800                __top_RAM3 = 0x20000800

.text           0x00000000     0xd9c8
 FILL mask 0xff
                0x00000000                __vectors_start__ = ABSOLUTE (.)
 *(.isr_vector)
 .isr_vector    0x00000000       0xc0 ./src/cr_startup_lpc11uxx.o
                0x00000000                g_pfnVectors
                0x000000c0                . = ALIGN (0x4)
                0x000000c0                __section_table_start = .
                0x000000c0                __data_section_table = .
                0x000000c0        0x4 LONG 0xd9c8 LOADADDR (.data)
                0x000000c4        0x4 LONG 0x10000000 ADDR (.data)
                0x000000c8        0x4 LONG 0x6c SIZEOF (.data)
                0x000000cc        0x4 LONG 0xd9c8 LOADADDR (.data_RAM2)
                0x000000d0        0x4 LONG 0x20004000 ADDR (.data_RAM2)
                0x000000d4        0x4 LONG 0x0 SIZEOF (.data_RAM2)
                0x000000d8        0x4 LONG 0xd9c8 LOADADDR (.data_RAM3)
                0x000000dc        0x4 LONG 0x20000000 ADDR (.data_RAM3)
                0x000000e0        0x4 LONG 0x0 SIZEOF (.data_RAM3)
                0x000000e4                __data_section_table_end = .
                0x000000e4                __bss_section_table = .
                0x000000e4        0x4 LONG 0x10000070 ADDR (.bss)
                0x000000e8        0x4 LONG 0x878 SIZEOF (.bss)
                0x000000ec        0x4 LONG 0x20004000 ADDR (.bss_RAM2)
                0x000000f0        0x4 LONG 0x0 SIZEOF (.bss_RAM2)
                0x000000f4        0x4 LONG 0x20000000 ADDR (.bss_RAM3)
                0x000000f8        0x4 LONG 0x0 SIZEOF (.bss_RAM3)
                0x000000fc                __bss_section_table_end = .
                0x000000fc                __section_table_end = .
 *(.after_vectors*)
 .after_vectors
                0x000000fc      0x138 ./src/cr_startup_lpc11uxx.o
                0x000000fc                data_init
                0x0000013c                bss_init
                0x00000170                ResetISR
                0x00000204                NMI_Handler
                0x0000020c                HardFault_Handler
                0x00000214                SVC_Handler
                0x0000021c                PendSV_Handler
                0x0000022c                USBWakeup_IRQHandler
                0x0000022c                FLEX_INT7_IRQHandler
                0x0000022c                FLEX_INT2_IRQHandler
                0x0000022c                SSP0_IRQHandler
                0x0000022c                IntDefaultHandler
                0x0000022c                USB_FIQHandler
                0x0000022c                FLEX_INT5_IRQHandler
                0x0000022c                ADC_IRQHandler
                0x0000022c                SSP1_IRQHandler
                0x0000022c                FLEX_INT3_IRQHandler
                0x0000022c                BOD_IRQHandler
                0x0000022c                WDT_IRQHandler
                0x0000022c                FLEX_INT1_IRQHandler
                0x0000022c                GINT0_IRQHandler
                0x0000022c                FLEX_INT4_IRQHandler
                0x0000022c                TIMER16_1_IRQHandler
                0x0000022c                FLEX_INT6_IRQHandler
                0x0000022c                FMC_IRQHandler
                0x0000022c                GINT1_IRQHandler
                0x000002fc                . = 0x2fc
 *fill*         0x00000234       0xc8 ff
                0x000002fc                PROVIDE (__CRP_WORD_START__, .)
 *(.crp)
 .crp           0x000002fc        0x4 ./src/crp.o
                0x000002fc                CRP_WORD
                0x00000300                PROVIDE (__CRP_WORD_END__, .)
                0x00000001                ASSERT (! ((__CRP_WORD_START__ == __CRP_WORD_END__)), Linker CRP Enabled, but no CRP_WORD provided within application)
 *(.text*)
 .text.UART_IRQHandler
                0x00000300      0x1a4 ./src/peripheral/comm.o
                0x00000300                UART_IRQHandler
 .text.SavePacket
                0x000004a4      0x1f8 ./src/peripheral/comm.o
                0x000004a4                SavePacket
 .text.AnalyzePacket
                0x0000069c      0x10c ./src/peripheral/comm.o
                0x0000069c                AnalyzePacket
 .text.checksum
                0x000007a8       0x48 ./src/peripheral/comm.o
                0x000007a8                checksum
 .text.Binary_Simplicity
                0x000007f0      0x144 ./src/peripheral/comm.o
                0x000007f0                Binary_Simplicity
 .text.send_GPS
                0x00000934      0x21c ./src/peripheral/comm.o
                0x00000934                send_GPS
 .text.send_QUAT
                0x00000b50      0x138 ./src/peripheral/comm.o
                0x00000b50                send_QUAT
 .text.send_PC  0x00000c88      0x268 ./src/peripheral/comm.o
                0x00000c88                send_PC
 .text.check_connection
                0x00000ef0       0xa4 ./src/peripheral/comm.o
                0x00000ef0                check_connection
 .text.NVIC_EnableIRQ
                0x00000f94       0x2c ./src/peripheral/i2c.o
 .text.I2C_IRQHandler
                0x00000fc0      0x220 ./src/peripheral/i2c.o
                0x00000fc0                I2C_IRQHandler
 .text.I2C_Engine
                0x000011e0       0x6c ./src/peripheral/i2c.o
                0x000011e0                I2C_Engine
 .text.I2C_Initialize
                0x0000124c       0x60 ./src/peripheral/i2c.o
                0x0000124c                I2C_Initialize
 .text.I2C_Read
                0x000012ac       0xb8 ./src/peripheral/i2c.o
                0x000012ac                I2C_Read
 .text.I2C_Write
                0x00001364       0xa8 ./src/peripheral/i2c.o
                0x00001364                I2C_Write
 .text.I2C_ublox_Write
                0x0000140c       0x78 ./src/peripheral/i2c.o
                0x0000140c                I2C_ublox_Write
 .text.NVIC_EnableIRQ
                0x00001484       0x2c ./src/peripheral/interrupt.o
 .text.FLEX_INT0_IRQHandler
                0x000014b0       0xa8 ./src/peripheral/interrupt.o
                0x000014b0                FLEX_INT0_IRQHandler
 .text.interrupt_initialize
                0x00001558       0x80 ./src/peripheral/interrupt.o
                0x00001558                interrupt_initialize
 .text.open_microSD
                0x000015d8       0xc8 ./src/peripheral/microSD.o
                0x000015d8                open_microSD
 .text.save_GPS
                0x000016a0      0x1bc ./src/peripheral/microSD.o
                0x000016a0                save_GPS
 .text.save_QUAT
                0x0000185c      0x278 ./src/peripheral/microSD.o
                0x0000185c                save_QUAT
 .text.save_Instrument
                0x00001ad4      0x180 ./src/peripheral/microSD.o
                0x00001ad4                save_Instrument
 .text.save_PowerMeter
                0x00001c54      0x1a8 ./src/peripheral/microSD.o
                0x00001c54                save_PowerMeter
 .text.NVIC_EnableIRQ
                0x00001dfc       0x2c ./src/peripheral/timer.o
 .text.NVIC_SetPriority
                0x00001e28       0xdc ./src/peripheral/timer.o
 .text.SysTick_Config
                0x00001f04       0x48 ./src/peripheral/timer.o
 .text.SysTick_Handler
                0x00001f4c       0x1c ./src/peripheral/timer.o
                0x00001f4c                SysTick_Handler
 .text.TIMER16_0_IRQHandler
                0x00001f68       0x2c ./src/peripheral/timer.o
                0x00001f68                TIMER16_0_IRQHandler
 .text.TIMER32_0_IRQHandler
                0x00001f94       0x30 ./src/peripheral/timer.o
                0x00001f94                TIMER32_0_IRQHandler
 .text.TIMER32_1_IRQHandler
                0x00001fc4       0x30 ./src/peripheral/timer.o
                0x00001fc4                TIMER32_1_IRQHandler
 .text.SysTick_initialize
                0x00001ff4       0x24 ./src/peripheral/timer.o
                0x00001ff4                SysTick_initialize
 .text.get_ms   0x00002018       0x1c ./src/peripheral/timer.o
                0x00002018                get_ms
 .text.delay_ms
                0x00002034       0x2c ./src/peripheral/timer.o
                0x00002034                delay_ms
 .text.Timer32_0_initialize
                0x00002060       0x5c ./src/peripheral/timer.o
                0x00002060                Timer32_0_initialize
 .text.Timer32_0_start
                0x000020bc       0x1c ./src/peripheral/timer.o
                0x000020bc                Timer32_0_start
 .text.Timer32_1_initialize
                0x000020d8       0x5c ./src/peripheral/timer.o
                0x000020d8                Timer32_1_initialize
 .text.Timer32_1_start
                0x00002134       0x1c ./src/peripheral/timer.o
                0x00002134                Timer32_1_start
 .text.NVIC_EnableIRQ
                0x00002150       0x2c ./src/peripheral/uart.o
 .text.NVIC_DisableIRQ
                0x0000217c       0x30 ./src/peripheral/uart.o
 .text.UART_Initialize
                0x000021ac       0xc0 ./src/peripheral/uart.o
                0x000021ac                UART_Initialize
 .text.UART_Send
                0x0000226c       0x40 ./src/peripheral/uart.o
                0x0000226c                UART_Send
 .text.UART_printf
                0x000022ac       0x98 ./src/peripheral/uart.o
                0x000022ac                UART_printf
 .text.NVIC_EnableIRQ
                0x00002344       0x2c ./src/peripheral/vcom.o
 .text.USB_pin_clk_init
                0x00002370       0x68 ./src/peripheral/vcom.o
                0x00002370                USB_pin_clk_init
 .text.VCOM_usb_send
                0x000023d8       0x40 ./src/peripheral/vcom.o
                0x000023d8                VCOM_usb_send
 .text.VCOM_SetLineCode
                0x00002418       0x50 ./src/peripheral/vcom.o
                0x00002418                VCOM_SetLineCode
 .text.VCOM_sof_event
                0x00002468       0x38 ./src/peripheral/vcom.o
                0x00002468                VCOM_sof_event
 .text.VCOM_SendBreak
                0x000024a0       0x60 ./src/peripheral/vcom.o
                0x000024a0                VCOM_SendBreak
 .text.VCOM_bulk_in_hdlr
                0x00002500       0x18 ./src/peripheral/vcom.o
                0x00002500                VCOM_bulk_in_hdlr
 .text.VCOM_bulk_out_hdlr
                0x00002518       0x60 ./src/peripheral/vcom.o
                0x00002518                VCOM_bulk_out_hdlr
 .text.USB_IRQHandler
                0x00002578       0x24 ./src/peripheral/vcom.o
                0x00002578                USB_IRQHandler
 .text.vcom_send
                0x0000259c       0xcc ./src/peripheral/vcom.o
                0x0000259c                vcom_send
 .text.vcom_printf
                0x00002668       0x98 ./src/peripheral/vcom.o
                0x00002668                vcom_printf
 .text.vcom_init
                0x00002700      0x21c ./src/peripheral/vcom.o
                0x00002700                vcom_init
 .text.ld_word  0x0000291c       0x3c ./src/fatfs/ff.o
 .text.ld_dword
                0x00002958       0x44 ./src/fatfs/ff.o
 .text.st_word  0x0000299c       0x3c ./src/fatfs/ff.o
 .text.st_dword
                0x000029d8       0x54 ./src/fatfs/ff.o
 .text.mem_cpy  0x00002a2c       0x40 ./src/fatfs/ff.o
 .text.mem_set  0x00002a6c       0x30 ./src/fatfs/ff.o
 .text.mem_cmp  0x00002a9c       0x4c ./src/fatfs/ff.o
 .text.chk_chr  0x00002ae8       0x34 ./src/fatfs/ff.o
 .text.sync_window
                0x00002b1c       0x94 ./src/fatfs/ff.o
 .text.move_window
                0x00002bb0       0x70 ./src/fatfs/ff.o
 .text.sync_fs  0x00002c20       0xfc ./src/fatfs/ff.o
 .text.clust2sect
                0x00002d1c       0x38 ./src/fatfs/ff.o
 .text.get_fat  0x00002d54      0x154 ./src/fatfs/ff.o
 .text.put_fat  0x00002ea8      0x218 ./src/fatfs/ff.o
 .text.remove_chain
                0x000030c0       0xe8 ./src/fatfs/ff.o
 .text.create_chain
                0x000031a8      0x150 ./src/fatfs/ff.o
 .text.dir_sdi  0x000032f8      0x100 ./src/fatfs/ff.o
 .text.dir_next
                0x000033f8      0x198 ./src/fatfs/ff.o
 .text.dir_alloc
                0x00003590       0xb8 ./src/fatfs/ff.o
 .text.ld_clust
                0x00003648       0x40 ./src/fatfs/ff.o
 .text.st_clust
                0x00003688       0x40 ./src/fatfs/ff.o
 .text.dir_find
                0x000036c8       0xdc ./src/fatfs/ff.o
 .text.dir_register
                0x000037a4       0x7c ./src/fatfs/ff.o
 .text.create_name
                0x00003820      0x328 ./src/fatfs/ff.o
 .text.follow_path
                0x00003b48      0x160 ./src/fatfs/ff.o
 .text.get_ldnumber
                0x00003ca8       0x84 ./src/fatfs/ff.o
 .text.check_fs
                0x00003d2c       0x94 ./src/fatfs/ff.o
 .text.find_volume
                0x00003dc0      0x4e8 ./src/fatfs/ff.o
 .text.validate
                0x000042a8       0x78 ./src/fatfs/ff.o
 .text.f_mount  0x00004320       0x94 ./src/fatfs/ff.o
                0x00004320                f_mount
 .text.f_open   0x000043b4      0x2b8 ./src/fatfs/ff.o
                0x000043b4                f_open
 .text.f_write  0x0000466c      0x2dc ./src/fatfs/ff.o
                0x0000466c                f_write
 .text.f_sync   0x00004948      0x118 ./src/fatfs/ff.o
                0x00004948                f_sync
 .text.get_fattime
                0x00004a60       0x4c ./src/fatfs/ff.o
                0x00004a60                get_fattime
 .text.xchg_spi
                0x00004aac       0x34 ./src/fatfs/mmc_ssp.o
 .text.rcvr_spi_multi
                0x00004ae0       0xe0 ./src/fatfs/mmc_ssp.o
 .text.xmit_spi_multi
                0x00004bc0       0xec ./src/fatfs/mmc_ssp.o
 .text.wait_ready
                0x00004cac       0x48 ./src/fatfs/mmc_ssp.o
 .text.deselect
                0x00004cf4       0x20 ./src/fatfs/mmc_ssp.o
 .text.select   0x00004d14       0x38 ./src/fatfs/mmc_ssp.o
 .text.power_on
                0x00004d4c      0x110 ./src/fatfs/mmc_ssp.o
 .text.power_off
                0x00004e5c       0x14 ./src/fatfs/mmc_ssp.o
 .text.rcvr_datablock
                0x00004e70       0x64 ./src/fatfs/mmc_ssp.o
 .text.xmit_datablock
                0x00004ed4       0x74 ./src/fatfs/mmc_ssp.o
 .text.send_cmd
                0x00004f48      0x128 ./src/fatfs/mmc_ssp.o
 .text.disk_initialize
                0x00005070      0x228 ./src/fatfs/mmc_ssp.o
                0x00005070                disk_initialize
 .text.disk_status
                0x00005298       0x2c ./src/fatfs/mmc_ssp.o
                0x00005298                disk_status
 .text.disk_read
                0x000052c4       0xd0 ./src/fatfs/mmc_ssp.o
                0x000052c4                disk_read
 .text.disk_write
                0x00005394      0x100 ./src/fatfs/mmc_ssp.o
                0x00005394                disk_write
 .text.disk_ioctl
                0x00005494      0x42c ./src/fatfs/mmc_ssp.o
                0x00005494                disk_ioctl
 .text.disk_timerproc
                0x000058c0       0xa8 ./src/fatfs/mmc_ssp.o
                0x000058c0                disk_timerproc
 .text.inv_row_2_scale
                0x00005968       0xa0 ./src/eMPL/MotionDriver.o
 .text.inv_orientation_matrix_to_scalar
                0x00005a08       0x68 ./src/eMPL/MotionDriver.o
 .text.tap_cb   0x00005a70       0x30 ./src/eMPL/MotionDriver.o
 .text.android_orient_cb
                0x00005aa0       0x14 ./src/eMPL/MotionDriver.o
 .text.dmp_initialize
                0x00005ab4      0x214 ./src/eMPL/MotionDriver.o
                0x00005ab4                dmp_initialize
 .text.inv_q29_mult
                0x00005cc8       0x4c ./src/eMPL/MotionDriver.o
                0x00005cc8                inv_q29_mult
 .text.quat2euler
                0x00005d14      0x33c ./src/eMPL/MotionDriver.o
                0x00005d14                quat2euler
 .text.dmp_read_quat
                0x00006050       0x90 ./src/eMPL/MotionDriver.o
                0x00006050                dmp_read_quat
 .text.reg_int_cb
                0x000060e0       0x14 ./src/eMPL/inv_mpu.o
 .text.set_int_enable
                0x000060f4       0xd0 ./src/eMPL/inv_mpu.o
 .text.mpu_init
                0x000061c4      0x194 ./src/eMPL/inv_mpu.o
                0x000061c4                mpu_init
 .text.mpu_lp_accel_mode
                0x00006358      0x1c4 ./src/eMPL/inv_mpu.o
                0x00006358                mpu_lp_accel_mode
 .text.mpu_reset_fifo
                0x0000651c      0x20c ./src/eMPL/inv_mpu.o
                0x0000651c                mpu_reset_fifo
 .text.mpu_get_gyro_fsr
                0x00006728       0x60 ./src/eMPL/inv_mpu.o
                0x00006728                mpu_get_gyro_fsr
 .text.mpu_set_gyro_fsr
                0x00006788       0xc8 ./src/eMPL/inv_mpu.o
                0x00006788                mpu_set_gyro_fsr
 .text.mpu_get_accel_fsr
                0x00006850       0x6c ./src/eMPL/inv_mpu.o
                0x00006850                mpu_get_accel_fsr
 .text.mpu_set_accel_fsr
                0x000068bc       0xb4 ./src/eMPL/inv_mpu.o
                0x000068bc                mpu_set_accel_fsr
 .text.mpu_set_lpf
                0x00006970       0xf8 ./src/eMPL/inv_mpu.o
                0x00006970                mpu_set_lpf
 .text.mpu_get_sample_rate
                0x00006a68       0x30 ./src/eMPL/inv_mpu.o
                0x00006a68                mpu_get_sample_rate
 .text.mpu_set_sample_rate
                0x00006a98      0x104 ./src/eMPL/inv_mpu.o
                0x00006a98                mpu_set_sample_rate
 .text.mpu_set_compass_sample_rate
                0x00006b9c       0x9c ./src/eMPL/inv_mpu.o
                0x00006b9c                mpu_set_compass_sample_rate
 .text.mpu_get_fifo_count
                0x00006c38       0x54 ./src/eMPL/inv_mpu.o
                0x00006c38                mpu_get_fifo_count
 .text.mpu_configure_fifo
                0x00006c8c       0xb8 ./src/eMPL/inv_mpu.o
                0x00006c8c                mpu_configure_fifo
 .text.mpu_set_sensors
                0x00006d44      0x21c ./src/eMPL/inv_mpu.o
                0x00006d44                mpu_set_sensors
 .text.mpu_read_fifo_stream
                0x00006f60      0x128 ./src/eMPL/inv_mpu.o
                0x00006f60                mpu_read_fifo_stream
 .text.mpu_set_bypass
                0x00007088      0x1c8 ./src/eMPL/inv_mpu.o
                0x00007088                mpu_set_bypass
 .text.mpu_set_int_latched
                0x00007250       0xa8 ./src/eMPL/inv_mpu.o
                0x00007250                mpu_set_int_latched
 .text.mpu_write_mem
                0x000072f8       0xb8 ./src/eMPL/inv_mpu.o
                0x000072f8                mpu_write_mem
 .text.mpu_read_mem
                0x000073b0       0xb8 ./src/eMPL/inv_mpu.o
                0x000073b0                mpu_read_mem
 .text.mpu_load_firmware
                0x00007468      0x150 ./src/eMPL/inv_mpu.o
                0x00007468                mpu_load_firmware
 .text.mpu_set_dmp_state
                0x000075b8       0xb8 ./src/eMPL/inv_mpu.o
                0x000075b8                mpu_set_dmp_state
 .text.setup_compass
                0x00007670      0x2a4 ./src/eMPL/inv_mpu.o
 .text.dmp_load_motion_driver_firmware
                0x00007914       0x24 ./src/eMPL/inv_mpu_dmp_motion_driver.o
                0x00007914                dmp_load_motion_driver_firmware
 .text.dmp_set_orientation
                0x00007938      0x224 ./src/eMPL/inv_mpu_dmp_motion_driver.o
                0x00007938                dmp_set_orientation
 .text.dmp_set_fifo_rate
                0x00007b5c       0xb8 ./src/eMPL/inv_mpu_dmp_motion_driver.o
                0x00007b5c                dmp_set_fifo_rate
 .text.dmp_set_tap_thresh
                0x00007c14      0x260 ./src/eMPL/inv_mpu_dmp_motion_driver.o
                0x00007c14                dmp_set_tap_thresh
 .text.dmp_set_tap_axes
                0x00007e74       0x84 ./src/eMPL/inv_mpu_dmp_motion_driver.o
                0x00007e74                dmp_set_tap_axes
 .text.dmp_set_tap_count
                0x00007ef8       0x54 ./src/eMPL/inv_mpu_dmp_motion_driver.o
                0x00007ef8                dmp_set_tap_count
 .text.dmp_set_tap_time
                0x00007f4c       0x5c ./src/eMPL/inv_mpu_dmp_motion_driver.o
                0x00007f4c                dmp_set_tap_time
 .text.dmp_set_tap_time_multi
                0x00007fa8       0x5c ./src/eMPL/inv_mpu_dmp_motion_driver.o
                0x00007fa8                dmp_set_tap_time_multi
 .text.dmp_set_shake_reject_thresh
                0x00008004       0x70 ./src/eMPL/inv_mpu_dmp_motion_driver.o
                0x00008004                dmp_set_shake_reject_thresh
 .text.dmp_set_shake_reject_time
                0x00008074       0x54 ./src/eMPL/inv_mpu_dmp_motion_driver.o
                0x00008074                dmp_set_shake_reject_time
 .text.dmp_set_shake_reject_timeout
                0x000080c8       0x54 ./src/eMPL/inv_mpu_dmp_motion_driver.o
                0x000080c8                dmp_set_shake_reject_timeout
 .text.dmp_enable_feature
                0x0000811c      0x2f0 ./src/eMPL/inv_mpu_dmp_motion_driver.o
                0x0000811c                dmp_enable_feature
 .text.dmp_enable_gyro_cal
                0x0000840c       0x70 ./src/eMPL/inv_mpu_dmp_motion_driver.o
                0x0000840c                dmp_enable_gyro_cal
 .text.dmp_enable_lp_quat
                0x0000847c       0x64 ./src/eMPL/inv_mpu_dmp_motion_driver.o
                0x0000847c                dmp_enable_lp_quat
 .text.dmp_enable_6x_lp_quat
                0x000084e0       0x64 ./src/eMPL/inv_mpu_dmp_motion_driver.o
                0x000084e0                dmp_enable_6x_lp_quat
 .text.decode_gesture
                0x00008544       0xac ./src/eMPL/inv_mpu_dmp_motion_driver.o
 .text.dmp_set_interrupt_mode
                0x000085f0       0x78 ./src/eMPL/inv_mpu_dmp_motion_driver.o
                0x000085f0                dmp_set_interrupt_mode
 .text.dmp_read_fifo
                0x00008668      0x340 ./src/eMPL/inv_mpu_dmp_motion_driver.o
                0x00008668                dmp_read_fifo
 .text.dmp_register_tap_cb
                0x000089a8       0x1c ./src/eMPL/inv_mpu_dmp_motion_driver.o
                0x000089a8                dmp_register_tap_cb
 .text.dmp_register_android_orient_cb
                0x000089c4       0x1c ./src/eMPL/inv_mpu_dmp_motion_driver.o
                0x000089c4                dmp_register_android_orient_cb
 .text.main     0x000089e0      0x47c ./src/EM.o
                0x000089e0                main
 .text.UBX_send
                0x00008e5c      0x1a4 ./src/gps.o
                0x00008e5c                UBX_send
 .text.GPS_initialize
                0x00009000       0xe0 ./src/gps.o
                0x00009000                GPS_initialize
 .text.GPS_fifo_length
                0x000090e0       0x34 ./src/gps.o
                0x000090e0                GPS_fifo_length
 .text.GPS_read_fifo
                0x00009114       0x54 ./src/gps.o
                0x00009114                GPS_read_fifo
 .text.GPS_read_NAV_PVT
                0x00009168      0x194 ./src/gps.o
                0x00009168                GPS_read_NAV_PVT
 .text.SystemCoreClockUpdate
                0x000092fc       0xa0 C:\Users\Yusuke\Documents\LPCXpresso_8.1.4_606\workspace\CMSIS_CORE_LPC11Uxx\Debug\libCMSIS_CORE_LPC11Uxx.a(system_LPC11Uxx.o)
                0x000092fc                SystemCoreClockUpdate
 .text.SystemInit
                0x0000939c       0xd4 C:\Users\Yusuke\Documents\LPCXpresso_8.1.4_606\workspace\CMSIS_CORE_LPC11Uxx\Debug\libCMSIS_CORE_LPC11Uxx.a(system_LPC11Uxx.o)
                0x0000939c                SystemInit
 .text.__main   0x00009470       0x12 c:/nxp/lpcxpresso_8.1.4_606/lpcxpresso/tools/bin/../lib/gcc/arm-none-eabi/5.2.1/../../../../arm-none-eabi/lib/armv6-m\libcr_nohost.a(_cr__main.o)
                0x00009470                __main
 *fill*         0x00009482        0x2 ff
 .text.atan2f   0x00009484       0xc0 c:/nxp/lpcxpresso_8.1.4_606/lpcxpresso/tools/bin/../lib/gcc/arm-none-eabi/5.2.1/../../../../arm-none-eabi/lib/armv6-m\libcr_c.a(atan2f.o)
                0x00009484                atan2f
 .text.atanf    0x00009544      0x114 c:/nxp/lpcxpresso_8.1.4_606/lpcxpresso/tools/bin/../lib/gcc/arm-none-eabi/5.2.1/../../../../arm-none-eabi/lib/armv6-m\libcr_c.a(atanf.o)
                0x00009544                atanf
 .text.fabsf    0x00009658       0x1a c:/nxp/lpcxpresso_8.1.4_606/lpcxpresso/tools/bin/../lib/gcc/arm-none-eabi/5.2.1/../../../../arm-none-eabi/lib/armv6-m\libcr_c.a(fabsf.o)
                0x00009658                fabsf
 *fill*         0x00009672        0x2 ff
 .text.sqrtf    0x00009674       0xbc c:/nxp/lpcxpresso_8.1.4_606/lpcxpresso/tools/bin/../lib/gcc/arm-none-eabi/5.2.1/../../../../arm-none-eabi/lib/armv6-m\libcr_c.a(sqrtf.o)
                0x00009674                sqrtf
 .text.memcpy   0x00009730        0x8 c:/nxp/lpcxpresso_8.1.4_606/lpcxpresso/tools/bin/../lib/gcc/arm-none-eabi/5.2.1/../../../../arm-none-eabi/lib/armv6-m\libcr_c.a(memcpy.o)
                0x00009730                memcpy
 .text.memset   0x00009738        0x8 c:/nxp/lpcxpresso_8.1.4_606/lpcxpresso/tools/bin/../lib/gcc/arm-none-eabi/5.2.1/../../../../arm-none-eabi/lib/armv6-m\libcr_c.a(memset.o)
                0x00009738                memset
 .text.fp_round
                0x00009740       0x4a c:/nxp/lpcxpresso_8.1.4_606/lpcxpresso/tools/bin/../lib/gcc/arm-none-eabi/5.2.1/../../../../arm-none-eabi/lib/armv6-m\libcr_c.a(fpprintf.o)
 .text.pr_dec.constprop.1
                0x0000978a       0x2a c:/nxp/lpcxpresso_8.1.4_606/lpcxpresso/tools/bin/../lib/gcc/arm-none-eabi/5.2.1/../../../../arm-none-eabi/lib/armv6-m\libcr_c.a(fpprintf.o)
 .text.sprintf  0x000097b4       0x6c c:/nxp/lpcxpresso_8.1.4_606/lpcxpresso/tools/bin/../lib/gcc/arm-none-eabi/5.2.1/../../../../arm-none-eabi/lib/armv6-m\libcr_c.a(fpprintf.o)
                0x000097b4                sprintf
 .text.fp_display
                0x00009820      0x93c c:/nxp/lpcxpresso_8.1.4_606/lpcxpresso/tools/bin/../lib/gcc/arm-none-eabi/5.2.1/../../../../arm-none-eabi/lib/armv6-m\libcr_c.a(fpprintf.o)
 .text.vsprintf
                0x0000a15c       0x60 c:/nxp/lpcxpresso_8.1.4_606/lpcxpresso/tools/bin/../lib/gcc/arm-none-eabi/5.2.1/../../../../arm-none-eabi/lib/armv6-m\libcr_c.a(fpprintf.o)
                0x0000a15c                vsprintf
 .text._initio  0x0000a1bc       0xa8 c:/nxp/lpcxpresso_8.1.4_606/lpcxpresso/tools/bin/../lib/gcc/arm-none-eabi/5.2.1/../../../../arm-none-eabi/lib/armv6-m\libcr_c.a(initio.o)
                0x0000a1bc                _initio
 .text.memcmp   0x0000a264       0x3a c:/nxp/lpcxpresso_8.1.4_606/lpcxpresso/tools/bin/../lib/gcc/arm-none-eabi/5.2.1/../../../../arm-none-eabi/lib/armv6-m\libcr_c.a(memcmp.o)
                0x0000a264                memcmp
 *fill*         0x0000a29e        0x2 ff
 .text.__vfprintf
                0x0000a2a0      0xd5c c:/nxp/lpcxpresso_8.1.4_606/lpcxpresso/tools/bin/../lib/gcc/arm-none-eabi/5.2.1/../../../../arm-none-eabi/lib/armv6-m\libcr_c.a(printf.o)
                0x0000a2a0                __vfprintf
 .text.setvbuf  0x0000affc       0x48 c:/nxp/lpcxpresso_8.1.4_606/lpcxpresso/tools/bin/../lib/gcc/arm-none-eabi/5.2.1/../../../../arm-none-eabi/lib/armv6-m\libcr_c.a(setvbuf.o)
                0x0000affc                setvbuf
 .text.strlen   0x0000b044       0x54 c:/nxp/lpcxpresso_8.1.4_606/lpcxpresso/tools/bin/../lib/gcc/arm-none-eabi/5.2.1/../../../../arm-none-eabi/lib/armv6-m\libcr_c.a(strlen.o)
                0x0000b044                strlen
 .text._deferredlazyseek
                0x0000b098       0x44 c:/nxp/lpcxpresso_8.1.4_606/lpcxpresso/tools/bin/../lib/gcc/arm-none-eabi/5.2.1/../../../../arm-none-eabi/lib/armv6-m\libcr_c.a(_deferredlazyseek.o)
                0x0000b098                _deferredlazyseek
 .text.__flsbuf
                0x0000b0dc      0x150 c:/nxp/lpcxpresso_8.1.4_606/lpcxpresso/tools/bin/../lib/gcc/arm-none-eabi/5.2.1/../../../../arm-none-eabi/lib/armv6-m\libcr_c.a(_deferredlazyseek.o)
                0x0000b0dc                __flsbuf
 .text._fdopen  0x0000b22c       0x74 c:/nxp/lpcxpresso_8.1.4_606/lpcxpresso/tools/bin/../lib/gcc/arm-none-eabi/5.2.1/../../../../arm-none-eabi/lib/armv6-m\libcr_c.a(_fdopen.o)
                0x0000b22c                _fdopen
 .text._fflush  0x0000b2a0       0x64 c:/nxp/lpcxpresso_8.1.4_606/lpcxpresso/tools/bin/../lib/gcc/arm-none-eabi/5.2.1/../../../../arm-none-eabi/lib/armv6-m\libcr_c.a(_fflush.o)
                0x0000b2a0                _fflush
 .text._frexpl  0x0000b304       0x80 c:/nxp/lpcxpresso_8.1.4_606/lpcxpresso/tools/bin/../lib/gcc/arm-none-eabi/5.2.1/../../../../arm-none-eabi/lib/armv6-m\libcr_c.a(_frexpl.o)
                0x0000b304                _frexpl
 .text._ldexpl  0x0000b384       0x58 c:/nxp/lpcxpresso_8.1.4_606/lpcxpresso/tools/bin/../lib/gcc/arm-none-eabi/5.2.1/../../../../arm-none-eabi/lib/armv6-m\libcr_c.a(_ldexpl.o)
                0x0000b384                _ldexpl
 .text._Cwritebuf
                0x0000b3dc       0x6c c:/nxp/lpcxpresso_8.1.4_606/lpcxpresso/tools/bin/../lib/gcc/arm-none-eabi/5.2.1/../../../../arm-none-eabi/lib/armv6-m\libcr_c.a(_writebuf.o)
                0x0000b3dc                _Cwritebuf
 .text.malloc   0x0000b448       0xcc c:/nxp/lpcxpresso_8.1.4_606/lpcxpresso/tools/bin/../lib/gcc/arm-none-eabi/5.2.1/../../../../arm-none-eabi/lib/armv6-m\libcr_c.a(alloc.o)
                0x0000b448                malloc
 .text.free     0x0000b514       0x2e c:/nxp/lpcxpresso_8.1.4_606/lpcxpresso/tools/bin/../lib/gcc/arm-none-eabi/5.2.1/../../../../arm-none-eabi/lib/armv6-m\libcr_c.a(alloc.o)
                0x0000b514                free
 *fill*         0x0000b542        0x2 ff
 .text._Csys_alloc
                0x0000b544       0x20 c:/nxp/lpcxpresso_8.1.4_606/lpcxpresso/tools/bin/../lib/gcc/arm-none-eabi/5.2.1/../../../../arm-none-eabi/lib/armv6-m\libcr_c.a(alloc.o)
                0x0000b544                _Csys_alloc
 .text.fclose   0x0000b564       0x70 c:/nxp/lpcxpresso_8.1.4_606/lpcxpresso/tools/bin/../lib/gcc/arm-none-eabi/5.2.1/../../../../arm-none-eabi/lib/armv6-m\libcr_c.a(fclose.o)
                0x0000b564                fclose
 .text.fflush   0x0000b5d4       0x34 c:/nxp/lpcxpresso_8.1.4_606/lpcxpresso/tools/bin/../lib/gcc/arm-none-eabi/5.2.1/../../../../arm-none-eabi/lib/armv6-m\libcr_c.a(fflush.o)
                0x0000b5d4                fflush
 .text.fseek    0x0000b608      0x100 c:/nxp/lpcxpresso_8.1.4_606/lpcxpresso/tools/bin/../lib/gcc/arm-none-eabi/5.2.1/../../../../arm-none-eabi/lib/armv6-m\libcr_c.a(fseek.o)
                0x0000b608                fseek
 .text.ftell    0x0000b708       0x4c c:/nxp/lpcxpresso_8.1.4_606/lpcxpresso/tools/bin/../lib/gcc/arm-none-eabi/5.2.1/../../../../arm-none-eabi/lib/armv6-m\libcr_c.a(ftell.o)
                0x0000b708                ftell
 .text.remove   0x0000b754       0x12 c:/nxp/lpcxpresso_8.1.4_606/lpcxpresso/tools/bin/../lib/gcc/arm-none-eabi/5.2.1/../../../../arm-none-eabi/lib/armv6-m\libcr_c.a(remove.o)
                0x0000b754                remove
 *fill*         0x0000b766        0x2 ff
 .text._sbrk    0x0000b768       0x40 c:/nxp/lpcxpresso_8.1.4_606/lpcxpresso/tools/bin/../lib/gcc/arm-none-eabi/5.2.1/../../../../arm-none-eabi/lib/armv6-m\libcr_c.a(_cr_sbrk.o)
                0x0000b768                _sbrk
 .text._do_fflush
                0x0000b7a8       0x48 c:/nxp/lpcxpresso_8.1.4_606/lpcxpresso/tools/bin/../lib/gcc/arm-none-eabi/5.2.1/../../../../arm-none-eabi/lib/armv6-m\libcr_c.a(_do_fflush.o)
                0x0000b7a8                _do_fflush
 .text.__check_heap_overflow
                0x0000b7f0       0x14 c:/nxp/lpcxpresso_8.1.4_606/lpcxpresso/tools/bin/../lib/gcc/arm-none-eabi/5.2.1/../../../../arm-none-eabi/lib/armv6-m\libcr_c.a(_cr_check_heap.o)
                0x0000b7f0                __check_heap_overflow
 .text.__aeabi_division_idivmod
                0x0000b804       0x78 c:/nxp/lpcxpresso_8.1.4_606/lpcxpresso/tools/bin/../lib/gcc/arm-none-eabi/5.2.1/armv6-m\libcr_eabihelpers.a(division_32.o)
                0x0000b804                __aeabi_idivmod
                0x0000b804                __aeabi_idiv
                0x0000b80a                __aeabi_uidivmod
                0x0000b80a                __aeabi_uidiv
 .text.__aeabi_division_idiv0
                0x0000b87c        0x2 c:/nxp/lpcxpresso_8.1.4_606/lpcxpresso/tools/bin/../lib/gcc/arm-none-eabi/5.2.1/armv6-m\libcr_eabihelpers.a(division_idiv0.o)
                0x0000b87c                __aeabi_idiv0
 *fill*         0x0000b87e        0x2 ff
 .text.__aeabi_dmul
                0x0000b880      0x17c c:/nxp/lpcxpresso_8.1.4_606/lpcxpresso/tools/bin/../lib/gcc/arm-none-eabi/5.2.1/armv6-m\libcr_eabihelpers.a(double.o)
                0x0000b880                __aeabi_dmul
 .text.__aeabi_ddiv
                0x0000b9fc      0x14c c:/nxp/lpcxpresso_8.1.4_606/lpcxpresso/tools/bin/../lib/gcc/arm-none-eabi/5.2.1/armv6-m\libcr_eabihelpers.a(double.o)
                0x0000b9fc                __aeabi_ddiv
 .text.__aeabi_dsub
                0x0000bb48      0x1c8 c:/nxp/lpcxpresso_8.1.4_606/lpcxpresso/tools/bin/../lib/gcc/arm-none-eabi/5.2.1/armv6-m\libcr_eabihelpers.a(double.o)
                0x0000bb48                __aeabi_dsub
 .text.__aeabi_dadd
                0x0000bd10      0x130 c:/nxp/lpcxpresso_8.1.4_606/lpcxpresso/tools/bin/../lib/gcc/arm-none-eabi/5.2.1/armv6-m\libcr_eabihelpers.a(double.o)
                0x0000bd10                __aeabi_dadd
 .text.__aeabi_d2iz
                0x0000be40       0x44 c:/nxp/lpcxpresso_8.1.4_606/lpcxpresso/tools/bin/../lib/gcc/arm-none-eabi/5.2.1/armv6-m\libcr_eabihelpers.a(double.o)
                0x0000be40                __aeabi_d2iz
 .text.__bhs_ui2d
                0x0000be84       0x5e c:/nxp/lpcxpresso_8.1.4_606/lpcxpresso/tools/bin/../lib/gcc/arm-none-eabi/5.2.1/armv6-m\libcr_eabihelpers.a(double.o)
                0x0000be84                __bhs_ui2d
 .text.__aeabi_i2d
                0x0000bee2       0x16 c:/nxp/lpcxpresso_8.1.4_606/lpcxpresso/tools/bin/../lib/gcc/arm-none-eabi/5.2.1/armv6-m\libcr_eabihelpers.a(double.o)
                0x0000bee2                __aeabi_i2d
 .text.__aeabi_dcmpeq
                0x0000bef8       0x30 c:/nxp/lpcxpresso_8.1.4_606/lpcxpresso/tools/bin/../lib/gcc/arm-none-eabi/5.2.1/armv6-m\libcr_eabihelpers.a(double.o)
                0x0000bef8                __aeabi_dcmpeq
 .text.__aeabi_dcmplt
                0x0000bf28       0x5c c:/nxp/lpcxpresso_8.1.4_606/lpcxpresso/tools/bin/../lib/gcc/arm-none-eabi/5.2.1/armv6-m\libcr_eabihelpers.a(double.o)
                0x0000bf28                __aeabi_dcmplt
 .text.__aeabi_dcmple
                0x0000bf84       0x5c c:/nxp/lpcxpresso_8.1.4_606/lpcxpresso/tools/bin/../lib/gcc/arm-none-eabi/5.2.1/armv6-m\libcr_eabihelpers.a(double.o)
                0x0000bf84                __aeabi_dcmple
 .text.__aeabi_dcmpge
                0x0000bfe0       0x60 c:/nxp/lpcxpresso_8.1.4_606/lpcxpresso/tools/bin/../lib/gcc/arm-none-eabi/5.2.1/armv6-m\libcr_eabihelpers.a(double.o)
                0x0000bfe0                __aeabi_dcmpge
 .text.__aeabi_fmul
                0x0000c040       0xc4 c:/nxp/lpcxpresso_8.1.4_606/lpcxpresso/tools/bin/../lib/gcc/arm-none-eabi/5.2.1/armv6-m\libcr_eabihelpers.a(float.o)
                0x0000c040                __aeabi_fmul
 .text.__aeabi_fdiv
                0x0000c104       0xf0 c:/nxp/lpcxpresso_8.1.4_606/lpcxpresso/tools/bin/../lib/gcc/arm-none-eabi/5.2.1/armv6-m\libcr_eabihelpers.a(float.o)
                0x0000c104                __aeabi_fdiv
 .text.__aeabi_fsub
                0x0000c1f4      0x130 c:/nxp/lpcxpresso_8.1.4_606/lpcxpresso/tools/bin/../lib/gcc/arm-none-eabi/5.2.1/armv6-m\libcr_eabihelpers.a(float.o)
                0x0000c1f4                __aeabi_fsub
 .text.__aeabi_fadd
                0x0000c324       0xb8 c:/nxp/lpcxpresso_8.1.4_606/lpcxpresso/tools/bin/../lib/gcc/arm-none-eabi/5.2.1/armv6-m\libcr_eabihelpers.a(float.o)
                0x0000c324                __aeabi_fadd
 .text.__aeabi_f2iz
                0x0000c3dc       0x38 c:/nxp/lpcxpresso_8.1.4_606/lpcxpresso/tools/bin/../lib/gcc/arm-none-eabi/5.2.1/armv6-m\libcr_eabihelpers.a(float.o)
                0x0000c3dc                __aeabi_f2iz
 .text.__aeabi_f2uiz
                0x0000c414       0x28 c:/nxp/lpcxpresso_8.1.4_606/lpcxpresso/tools/bin/../lib/gcc/arm-none-eabi/5.2.1/armv6-m\libcr_eabihelpers.a(float.o)
                0x0000c414                __aeabi_f2uiz
 .text.__bhs_ui2f
                0x0000c43c       0x62 c:/nxp/lpcxpresso_8.1.4_606/lpcxpresso/tools/bin/../lib/gcc/arm-none-eabi/5.2.1/armv6-m\libcr_eabihelpers.a(float.o)
                0x0000c43c                __bhs_ui2f
 .text.__aeabi_i2f
                0x0000c49e       0x16 c:/nxp/lpcxpresso_8.1.4_606/lpcxpresso/tools/bin/../lib/gcc/arm-none-eabi/5.2.1/armv6-m\libcr_eabihelpers.a(float.o)
                0x0000c49e                __aeabi_i2f
 .text.__aeabi_ui2f
                0x0000c4b4        0xc c:/nxp/lpcxpresso_8.1.4_606/lpcxpresso/tools/bin/../lib/gcc/arm-none-eabi/5.2.1/armv6-m\libcr_eabihelpers.a(float.o)
                0x0000c4b4                __aeabi_ui2f
 .text.__aeabi_f2d
                0x0000c4c0       0x40 c:/nxp/lpcxpresso_8.1.4_606/lpcxpresso/tools/bin/../lib/gcc/arm-none-eabi/5.2.1/armv6-m\libcr_eabihelpers.a(float.o)
                0x0000c4c0                __aeabi_f2d
 .text.__aeabi_fcmpeq
                0x0000c500       0x20 c:/nxp/lpcxpresso_8.1.4_606/lpcxpresso/tools/bin/../lib/gcc/arm-none-eabi/5.2.1/armv6-m\libcr_eabihelpers.a(float.o)
                0x0000c500                __aeabi_fcmpeq
 .text.__aeabi_fcmplt
                0x0000c520       0x44 c:/nxp/lpcxpresso_8.1.4_606/lpcxpresso/tools/bin/../lib/gcc/arm-none-eabi/5.2.1/armv6-m\libcr_eabihelpers.a(float.o)
                0x0000c520                __aeabi_fcmplt
 .text.__aeabi_fcmpgt
                0x0000c564       0x3e c:/nxp/lpcxpresso_8.1.4_606/lpcxpresso/tools/bin/../lib/gcc/arm-none-eabi/5.2.1/armv6-m\libcr_eabihelpers.a(float.o)
                0x0000c564                __aeabi_fcmpgt
 .text.__aeabi_fcmple
                0x0000c5a2       0x40 c:/nxp/lpcxpresso_8.1.4_606/lpcxpresso/tools/bin/../lib/gcc/arm-none-eabi/5.2.1/armv6-m\libcr_eabihelpers.a(float.o)
                0x0000c5a2                __aeabi_fcmple
 .text.__aeabi_fcmpge
                0x0000c5e2       0x3c c:/nxp/lpcxpresso_8.1.4_606/lpcxpresso/tools/bin/../lib/gcc/arm-none-eabi/5.2.1/armv6-m\libcr_eabihelpers.a(float.o)
                0x0000c5e2                __aeabi_fcmpge
 .text.__aeabi_llong_lmul
                0x0000c61e       0x2e c:/nxp/lpcxpresso_8.1.4_606/lpcxpresso/tools/bin/../lib/gcc/arm-none-eabi/5.2.1/armv6-m\libcr_eabihelpers.a(llong.o)
                0x0000c61e                __aeabi_lmul
 .text.__aeabi_memcpy
                0x0000c64c       0x2c c:/nxp/lpcxpresso_8.1.4_606/lpcxpresso/tools/bin/../lib/gcc/arm-none-eabi/5.2.1/armv6-m\libcr_eabihelpers.a(memcpy.o)
                0x0000c64c                __aeabi_memcpy4
                0x0000c64c                __aeabi_memcpy8
                0x0000c64c                __aeabi_memcpy
 .text.__aeabi_memset_lowlevel
                0x0000c678       0x2a c:/nxp/lpcxpresso_8.1.4_606/lpcxpresso/tools/bin/../lib/gcc/arm-none-eabi/5.2.1/armv6-m\libcr_eabihelpers.a(memcpy.o)
                0x0000c678                __aeabi_lowlevel_memset
 .text.__sys_appexit
                0x0000c6a2        0x2 c:/nxp/lpcxpresso_8.1.4_606/lpcxpresso/tools/bin/../lib/gcc/arm-none-eabi/5.2.1/../../../../arm-none-eabi/lib/armv6-m\libcr_nohost.a(__sys_appexit.o)
                0x0000c6a2                __sys_appexit
                0x0000c6a2                __exit
 .text.__sys_close
                0x0000c6a4        0x6 c:/nxp/lpcxpresso_8.1.4_606/lpcxpresso/tools/bin/../lib/gcc/arm-none-eabi/5.2.1/../../../../arm-none-eabi/lib/armv6-m\libcr_nohost.a(__sys_close.o)
                0x0000c6a4                __sys_close
 .text.__sys_flen
                0x0000c6aa        0x6 c:/nxp/lpcxpresso_8.1.4_606/lpcxpresso/tools/bin/../lib/gcc/arm-none-eabi/5.2.1/../../../../arm-none-eabi/lib/armv6-m\libcr_nohost.a(__sys_flen.o)
                0x0000c6aa                __sys_flen
 .text.__sys_istty
                0x0000c6b0        0x6 c:/nxp/lpcxpresso_8.1.4_606/lpcxpresso/tools/bin/../lib/gcc/arm-none-eabi/5.2.1/../../../../arm-none-eabi/lib/armv6-m\libcr_nohost.a(__sys_istty.o)
                0x0000c6b0                __sys_istty
 .text.__sys_remove
                0x0000c6b6        0x6 c:/nxp/lpcxpresso_8.1.4_606/lpcxpresso/tools/bin/../lib/gcc/arm-none-eabi/5.2.1/../../../../arm-none-eabi/lib/armv6-m\libcr_nohost.a(__sys_remove.o)
                0x0000c6b6                __sys_remove
 .text.__sys_seek
                0x0000c6bc        0x6 c:/nxp/lpcxpresso_8.1.4_606/lpcxpresso/tools/bin/../lib/gcc/arm-none-eabi/5.2.1/../../../../arm-none-eabi/lib/armv6-m\libcr_nohost.a(__sys_seek.o)
                0x0000c6bc                __sys_seek
 .text.__sys_tmpnam
                0x0000c6c2        0x6 c:/nxp/lpcxpresso_8.1.4_606/lpcxpresso/tools/bin/../lib/gcc/arm-none-eabi/5.2.1/../../../../arm-none-eabi/lib/armv6-m\libcr_nohost.a(__sys_tmpnam.o)
                0x0000c6c2                __sys_tmpnam
 .text.__sys_write
                0x0000c6c8        0x4 c:/nxp/lpcxpresso_8.1.4_606/lpcxpresso/tools/bin/../lib/gcc/arm-none-eabi/5.2.1/../../../../arm-none-eabi/lib/armv6-m\libcr_nohost.a(__sys_write.o)
                0x0000c6c8                __sys_write
                0x0000c6c8                __write
 *(.rodata .rodata.* .constdata .constdata.*)
 .rodata.VCOM_DeviceDescriptor
                0x0000c6cc       0x12 ./src/peripheral/cdc_desc.o
                0x0000c6cc                VCOM_DeviceDescriptor
 *fill*         0x0000c6de        0x2 ff
 .rodata.VCOM_ConfigDescriptor
                0x0000c6e0       0x44 ./src/peripheral/cdc_desc.o
                0x0000c6e0                VCOM_ConfigDescriptor
 .rodata.VCOM_StringDescriptor
                0x0000c724       0x28 ./src/peripheral/cdc_desc.o
                0x0000c724                VCOM_StringDescriptor
 .rodata.UART_IRQHandler
                0x0000c74c       0x18 ./src/peripheral/comm.o
 .rodata.SavePacket
                0x0000c764       0x14 ./src/peripheral/comm.o
 .rodata        0x0000c778      0x1d8 ./src/peripheral/comm.o
 .rodata.I2C_IRQHandler
                0x0000c950      0x144 ./src/peripheral/i2c.o
 .rodata        0x0000ca94       0x14 ./src/peripheral/interrupt.o
 .rodata        0x0000caa8       0x2c ./src/peripheral/microSD.o
 .rodata        0x0000cad4       0x44 ./src/fatfs/ff.o
 .rodata.disk_ioctl
                0x0000cb18       0xdc ./src/fatfs/mmc_ssp.o
 .rodata.reg    0x0000cbf4       0x2a ./src/eMPL/inv_mpu.o
                0x0000cbf4                reg
 *fill*         0x0000cc1e        0x2 ff
 .rodata.hw     0x0000cc20        0xe ./src/eMPL/inv_mpu.o
                0x0000cc20                hw
 *fill*         0x0000cc2e        0x2 ff
 .rodata.test   0x0000cc30       0x30 ./src/eMPL/inv_mpu.o
                0x0000cc30                test
 .rodata.dmp_memory
                0x0000cc60      0xbf6 ./src/eMPL/inv_mpu_dmp_motion_driver.o
 *fill*         0x0000d856        0x2 ff
 .rodata        0x0000d858       0x4b ./src/eMPL/inv_mpu_dmp_motion_driver.o
 *fill*         0x0000d8a3        0x1 ff
 .rodata        0x0000d8a4       0x1f ./src/EM.o
 *fill*         0x0000d8c3        0x1 ff
 .rodata        0x0000d8c4       0x28 ./src/gps.o
 .rodata.CSWTCH.9
                0x0000d8ec       0x3c C:\Users\Yusuke\Documents\LPCXpresso_8.1.4_606\workspace\CMSIS_CORE_LPC11Uxx\Debug\libCMSIS_CORE_LPC11Uxx.a(system_LPC11Uxx.o)
 .rodata.a.3983
                0x0000d928       0x10 c:/nxp/lpcxpresso_8.1.4_606/lpcxpresso/tools/bin/../lib/gcc/arm-none-eabi/5.2.1/../../../../arm-none-eabi/lib/armv6-m\libcr_c.a(atanf.o)
 .rodata.str1.1
                0x0000d938       0x34 c:/nxp/lpcxpresso_8.1.4_606/lpcxpresso/tools/bin/../lib/gcc/arm-none-eabi/5.2.1/../../../../arm-none-eabi/lib/armv6-m\libcr_c.a(fpprintf.o)
                                 0x35 (size before relaxing)
 .rodata.str1.1
                0x0000d96c        0x4 c:/nxp/lpcxpresso_8.1.4_606/lpcxpresso/tools/bin/../lib/gcc/arm-none-eabi/5.2.1/../../../../arm-none-eabi/lib/armv6-m\libcr_c.a(initio.o)
 .rodata.str1.1
                0x0000d970       0x31 c:/nxp/lpcxpresso_8.1.4_606/lpcxpresso/tools/bin/../lib/gcc/arm-none-eabi/5.2.1/../../../../arm-none-eabi/lib/armv6-m\libcr_c.a(printf.o)
                                 0x38 (size before relaxing)
 .rodata.str1.1
                0x0000d9a1       0x18 c:/nxp/lpcxpresso_8.1.4_606/lpcxpresso/tools/bin/../lib/gcc/arm-none-eabi/5.2.1/../../../../arm-none-eabi/lib/armv6-m\libcr_c.a(alloc.o)
 *fill*         0x0000d9b9        0x7 ff
 .rodata.__huge_vall
                0x0000d9c0        0x8 c:/nxp/lpcxpresso_8.1.4_606/lpcxpresso/tools/bin/../lib/gcc/arm-none-eabi/5.2.1/../../../../arm-none-eabi/lib/armv6-m\libcr_c.a(_hugeval.o)
                0x0000d9c0                __huge_vall
                0x0000d9c8                . = ALIGN (0x4)

.glue_7         0x0000d9c8        0x0
 .glue_7        0x0000d9c8        0x0 linker stubs

.glue_7t        0x0000d9c8        0x0
 .glue_7t       0x0000d9c8        0x0 linker stubs

.vfp11_veneer   0x0000d9c8        0x0
 .vfp11_veneer  0x0000d9c8        0x0 linker stubs

.v4_bx          0x0000d9c8        0x0
 .v4_bx         0x0000d9c8        0x0 linker stubs

.iplt           0x0000d9c8        0x0
 .iplt          0x0000d9c8        0x0 ./src/peripheral/cdc_desc.o

.rel.dyn        0x0000d9c8        0x0
 .rel.iplt      0x0000d9c8        0x0 ./src/peripheral/cdc_desc.o

.ARM.extab
 *(.ARM.extab* .gnu.linkonce.armextab.*)
                0x0000d9c8                __exidx_start = .

.ARM.exidx
 *(.ARM.exidx* .gnu.linkonce.armexidx.*)
                0x0000d9c8                __exidx_end = .
                0x0000d9c8                _etext = .

.data_RAM2      0x20004000        0x0 load address 0x0000d9c8
 FILL mask 0xff
                [!provide]                PROVIDE (__start_data_RAM2, .)
 *(.ramfunc.$RAM2)
 *(.ramfunc.$RamUsb2)
 *(.data.$RAM2*)
 *(.data.$RamUsb2*)
                0x20004000                . = ALIGN (0x4)
                [!provide]                PROVIDE (__end_data_RAM2, .)

.data_RAM3      0x20000000        0x0 load address 0x0000d9c8
 FILL mask 0xff
                [!provide]                PROVIDE (__start_data_RAM3, .)
 *(.ramfunc.$RAM3)
 *(.ramfunc.$SRAM1_2)
 *(.data.$RAM3*)
 *(.data.$SRAM1_2*)
                0x20000000                . = ALIGN (0x4)
                [!provide]                PROVIDE (__end_data_RAM3, .)

.uninit_RESERVED
                0x10000000        0x0
 *(.bss.$RESERVED*)
                0x10000000                . = ALIGN (0x4)
                0x10000000                _end_uninit_RESERVED = .

.data           0x10000000       0x6c load address 0x0000d9c8
 FILL mask 0xff
                0x10000000                _data = .
 *(vtable)
 *(.ramfunc*)
 *(.data*)
 .data.Stat     0x10000000        0x1 ./src/fatfs/mmc_ssp.o
 *fill*         0x10000001        0x3 ff
 .data.gyro_orientation
                0x10000004        0x9 ./src/eMPL/MotionDriver.o
 *fill*         0x1000000d        0x3 ff
 .data.st       0x10000010       0x38 ./src/eMPL/inv_mpu.o
 .data.logger   0x10000048        0x4 ./src/EM.o
                0x10000048                logger
 .data.quat     0x1000004c        0x4 ./src/EM.o
                0x1000004c                quat
 .data.gps      0x10000050        0x4 ./src/EM.o
                0x10000050                gps
 .data.air      0x10000054        0x4 ./src/EM.o
                0x10000054                air
 .data.tacho    0x10000058        0x4 ./src/EM.o
                0x10000058                tacho
 .data.alt      0x1000005c        0x4 ./src/EM.o
                0x1000005c                alt
 .data.lp       0x10000060        0x4 ./src/EM.o
                0x10000060                lp
 .data.rp       0x10000064        0x4 ./src/EM.o
                0x10000064                rp
 .data.SystemCoreClock
                0x10000068        0x4 C:\Users\Yusuke\Documents\LPCXpresso_8.1.4_606\workspace\CMSIS_CORE_LPC11Uxx\Debug\libCMSIS_CORE_LPC11Uxx.a(system_LPC11Uxx.o)
                0x10000068                SystemCoreClock
                0x1000006c                . = ALIGN (0x4)
                0x1000006c                _edata = .

.igot.plt       0x1000006c        0x0 load address 0x0000da34
 .igot.plt      0x1000006c        0x0 ./src/peripheral/cdc_desc.o

.bss_RAM2       0x20004000        0x0
                [!provide]                PROVIDE (__start_bss_RAM2, .)
 *(.bss.$RAM2*)
 *(.bss.$RamUsb2*)
                0x20004000                . = ALIGN ((. != 0x0)?0x4:0x1)
                [!provide]                PROVIDE (__end_bss_RAM2, .)

.bss_RAM3       0x20000000        0x0
                [!provide]                PROVIDE (__start_bss_RAM3, .)
 *(.bss.$RAM3*)
 *(.bss.$SRAM1_2*)
                0x20000000                . = ALIGN ((. != 0x0)?0x4:0x1)
                [!provide]                PROVIDE (__end_bss_RAM3, .)

.bss            0x10000070      0x878
                0x10000070                _bss = .
 *(.bss*)
 .bss.packetStatus
                0x10000070        0x1 ./src/peripheral/comm.o
                0x10000070                packetStatus
 *fill*         0x10000071        0x1 
 .bss.dataPointer
                0x10000072        0x2 ./src/peripheral/comm.o
                0x10000072                dataPointer
 .bss.packet    0x10000074      0x100 ./src/peripheral/comm.o
                0x10000074                packet
 .bss.packetLength
                0x10000174        0x2 ./src/peripheral/comm.o
                0x10000174                packetLength
 *fill*         0x10000176        0x2 
 .bss.I2CMasterState
                0x10000178        0x4 ./src/peripheral/i2c.o
                0x10000178                I2CMasterState
 .bss.RdIndex   0x1000017c        0x4 ./src/peripheral/i2c.o
                0x1000017c                RdIndex
 .bss.WrIndex   0x10000180        0x4 ./src/peripheral/i2c.o
                0x10000180                WrIndex
 .bss.timeout   0x10000184        0x4 ./src/peripheral/i2c.o
                0x10000184                timeout
 .bss.I2CMasterBuffer
                0x10000188       0x80 ./src/peripheral/i2c.o
                0x10000188                I2CMasterBuffer
 .bss.I2CSlaveBuffer
                0x10000208        0x4 ./src/peripheral/i2c.o
                0x10000208                I2CSlaveBuffer
 .bss.I2CReadLength
                0x1000020c        0x4 ./src/peripheral/i2c.o
                0x1000020c                I2CReadLength
 .bss.I2CWriteLength
                0x10000210        0x4 ./src/peripheral/i2c.o
                0x10000210                I2CWriteLength
 .bss.pUsbApi   0x10000214        0x4 ./src/peripheral/vcom.o
                0x10000214                pUsbApi
 .bss.g_vCOM    0x10000218       0x2c ./src/peripheral/vcom.o
                0x10000218                g_vCOM
 .bss.FatFs     0x10000244        0x4 ./src/fatfs/ff.o
 .bss.Fsid      0x10000248        0x2 ./src/fatfs/ff.o
 *fill*         0x1000024a        0x2 
 .bss.Timer1    0x1000024c        0x4 ./src/fatfs/mmc_ssp.o
 .bss.Timer2    0x10000250        0x4 ./src/fatfs/mmc_ssp.o
 .bss.CardType  0x10000254        0x1 ./src/fatfs/mmc_ssp.o
 *fill*         0x10000255        0x3 
 .bss.hal       0x10000258        0x8 ./src/eMPL/MotionDriver.o
 .bss.dmp       0x10000260       0x10 ./src/eMPL/inv_mpu_dmp_motion_driver.o
 .bss.fs        0x10000270      0x234 ./src/EM.o
                0x10000270                fs
 .bss.fp        0x100004a4      0x228 ./src/EM.o
                0x100004a4                fp
 .bss.time      0x100006cc        0x4 ./src/EM.o
                0x100006cc                time
 .bss.quat_flag
                0x100006d0        0x1 ./src/EM.o
                0x100006d0                quat_flag
 .bss.gps_flag  0x100006d1        0x1 ./src/EM.o
                0x100006d1                gps_flag
 .bss.save_flag
                0x100006d2        0x1 ./src/EM.o
                0x100006d2                save_flag
 .bss.sendVcom_flag
                0x100006d3        0x1 ./src/EM.o
                0x100006d3                sendVcom_flag
 .bss.sendgps_flag
                0x100006d4        0x1 ./src/EM.o
                0x100006d4                sendgps_flag
 .bss.checkdisconnect_flag
                0x100006d5        0x1 ./src/EM.o
                0x100006d5                checkdisconnect_flag
 .bss.instrument_flag
                0x100006d6        0x1 ./src/EM.o
                0x100006d6                instrument_flag
 *fill*         0x100006d7        0x1 
 .bss.nowdata   0x100006d8       0xb8 ./src/EM.o
                0x100006d8                nowdata
 .bss.before    0x10000790        0x4 ./src/EM.o
                0x10000790                before
 .bss.after     0x10000794        0x4 ./src/EM.o
                0x10000794                after
 .bss.errno     0x10000798        0x4 c:/nxp/lpcxpresso_8.1.4_606/lpcxpresso/tools/bin/../lib/gcc/arm-none-eabi/5.2.1/../../../../arm-none-eabi/lib/armv6-m\libcr_c.a(errno.o)
                0x10000798                errno
 .bss._extra    0x1000079c        0x4 c:/nxp/lpcxpresso_8.1.4_606/lpcxpresso/tools/bin/../lib/gcc/arm-none-eabi/5.2.1/../../../../arm-none-eabi/lib/armv6-m\libcr_c.a(initio.o)
                0x1000079c                _extra
 .bss.__Ciob    0x100007a0      0x140 c:/nxp/lpcxpresso_8.1.4_606/lpcxpresso/tools/bin/../lib/gcc/arm-none-eabi/5.2.1/../../../../arm-none-eabi/lib/armv6-m\libcr_c.a(stdio.o)
                0x100007a0                __Ciob
 .bss.__heaps   0x100008e0        0x4 c:/nxp/lpcxpresso_8.1.4_606/lpcxpresso/tools/bin/../lib/gcc/arm-none-eabi/5.2.1/../../../../arm-none-eabi/lib/armv6-m\libcr_c.a(__init_alloc.o)
                0x100008e0                __heaps
 .bss.__end_of_heap
                0x100008e4        0x4 c:/nxp/lpcxpresso_8.1.4_606/lpcxpresso/tools/bin/../lib/gcc/arm-none-eabi/5.2.1/../../../../arm-none-eabi/lib/armv6-m\libcr_c.a(__init_alloc.o)
                0x100008e4                __end_of_heap
 *(COMMON)
                0x100008e8                . = ALIGN (0x4)
                0x100008e8                _ebss = .
                [!provide]                PROVIDE (end, .)

.noinit_RAM2    0x20004000        0x0
 *(.noinit.$RAM2*)
 *(.noinit.$RamUsb2*)
                0x20004000                . = ALIGN (0x4)

.noinit_RAM3    0x20000000        0x0
 *(.noinit.$RAM3*)
 *(.noinit.$SRAM1_2*)
                0x20000000                . = ALIGN (0x4)

.noinit         0x100008e8        0x0
                0x100008e8                _noinit = .
 *(.noinit*)
                0x100008e8                . = ALIGN (0x4)
                0x100008e8                _end_noinit = .
                0x100008e8                PROVIDE (_pvHeapStart, DEFINED (__user_heap_base)?__user_heap_base:.)
                0x10002000                PROVIDE (_vStackTop, DEFINED (__user_stack_top)?__user_stack_top:(__top_RamLoc8 - 0x0))
                0xefffda7d                PROVIDE (__valid_user_code_checksum, (0x0 - (((_vStackTop + (ResetISR + 0x1)) + (DEFINED (NMI_Handler)?NMI_Handler:M0_NMI_Handler + 0x1)) + (DEFINED (HardFault_Handler)?HardFault_Handler:M0_HardFault_Handler + 0x1))))
OUTPUT(EM.axf elf32-littlearm)

.debug_info     0x00000000     0xdb39
 .debug_info    0x00000000       0xec ./src/peripheral/cdc_desc.o
 .debug_info    0x000000ec      0xa9e ./src/peripheral/comm.o
 .debug_info    0x00000b8a      0xcbd ./src/peripheral/i2c.o
 .debug_info    0x00001847      0xb01 ./src/peripheral/interrupt.o
 .debug_info    0x00002348      0x7aa ./src/peripheral/microSD.o
 .debug_info    0x00002af2      0xb1f ./src/peripheral/timer.o
 .debug_info    0x00003611      0xc75 ./src/peripheral/uart.o
 .debug_info    0x00004286     0x21df ./src/peripheral/vcom.o
 .debug_info    0x00006465     0x2597 ./src/fatfs/ff.o
 .debug_info    0x000089fc      0xfc6 ./src/fatfs/mmc_ssp.o
 .debug_info    0x000099c2      0x5bd ./src/eMPL/MotionDriver.o
 .debug_info    0x00009f7f     0x1a0c ./src/eMPL/inv_mpu.o
 .debug_info    0x0000b98b      0xa59 ./src/eMPL/inv_mpu_dmp_motion_driver.o
 .debug_info    0x0000c3e4      0xc3c ./src/EM.o
 .debug_info    0x0000d020      0x21b ./src/cr_startup_lpc11uxx.o
 .debug_info    0x0000d23b       0x3f ./src/crp.o
 .debug_info    0x0000d27a      0x37e ./src/gps.o
 .debug_info    0x0000d5f8      0x541 C:\Users\Yusuke\Documents\LPCXpresso_8.1.4_606\workspace\CMSIS_CORE_LPC11Uxx\Debug\libCMSIS_CORE_LPC11Uxx.a(system_LPC11Uxx.o)

.debug_abbrev   0x00000000     0x1ced
 .debug_abbrev  0x00000000       0x60 ./src/peripheral/cdc_desc.o
 .debug_abbrev  0x00000060      0x206 ./src/peripheral/comm.o
 .debug_abbrev  0x00000266      0x214 ./src/peripheral/i2c.o
 .debug_abbrev  0x0000047a      0x16f ./src/peripheral/interrupt.o
 .debug_abbrev  0x000005e9      0x13d ./src/peripheral/microSD.o
 .debug_abbrev  0x00000726      0x235 ./src/peripheral/timer.o
 .debug_abbrev  0x0000095b      0x1e7 ./src/peripheral/uart.o
 .debug_abbrev  0x00000b42      0x2e3 ./src/peripheral/vcom.o
 .debug_abbrev  0x00000e25      0x210 ./src/fatfs/ff.o
 .debug_abbrev  0x00001035      0x2b8 ./src/fatfs/mmc_ssp.o
 .debug_abbrev  0x000012ed      0x1fc ./src/eMPL/MotionDriver.o
 .debug_abbrev  0x000014e9      0x1da ./src/eMPL/inv_mpu.o
 .debug_abbrev  0x000016c3      0x158 ./src/eMPL/inv_mpu_dmp_motion_driver.o
 .debug_abbrev  0x0000181b      0x16f ./src/EM.o
 .debug_abbrev  0x0000198a       0xfc ./src/cr_startup_lpc11uxx.o
 .debug_abbrev  0x00001a86       0x36 ./src/crp.o
 .debug_abbrev  0x00001abc      0x11e ./src/gps.o
 .debug_abbrev  0x00001bda      0x113 C:\Users\Yusuke\Documents\LPCXpresso_8.1.4_606\workspace\CMSIS_CORE_LPC11Uxx\Debug\libCMSIS_CORE_LPC11Uxx.a(system_LPC11Uxx.o)

.debug_aranges  0x00000000      0x968
 .debug_aranges
                0x00000000       0x18 ./src/peripheral/cdc_desc.o
 .debug_aranges
                0x00000018       0x68 ./src/peripheral/comm.o
 .debug_aranges
                0x00000080       0x50 ./src/peripheral/i2c.o
 .debug_aranges
                0x000000d0       0x30 ./src/peripheral/interrupt.o
 .debug_aranges
                0x00000100       0x40 ./src/peripheral/microSD.o
 .debug_aranges
                0x00000140       0x98 ./src/peripheral/timer.o
 .debug_aranges
                0x000001d8       0x40 ./src/peripheral/uart.o
 .debug_aranges
                0x00000218       0x78 ./src/peripheral/vcom.o
 .debug_aranges
                0x00000290      0x208 ./src/fatfs/ff.o
 .debug_aranges
                0x00000498       0xa0 ./src/fatfs/mmc_ssp.o
 .debug_aranges
                0x00000538       0x68 ./src/eMPL/MotionDriver.o
 .debug_aranges
                0x000005a0      0x1d0 ./src/eMPL/inv_mpu.o
 .debug_aranges
                0x00000770       0xf8 ./src/eMPL/inv_mpu_dmp_motion_driver.o
 .debug_aranges
                0x00000868       0x20 ./src/EM.o
 .debug_aranges
                0x00000888       0x60 ./src/cr_startup_lpc11uxx.o
 .debug_aranges
                0x000008e8       0x18 ./src/crp.o
 .debug_aranges
                0x00000900       0x40 ./src/gps.o
 .debug_aranges
                0x00000940       0x28 C:\Users\Yusuke\Documents\LPCXpresso_8.1.4_606\workspace\CMSIS_CORE_LPC11Uxx\Debug\libCMSIS_CORE_LPC11Uxx.a(system_LPC11Uxx.o)

.debug_macro    0x00000000     0x6189
 .debug_macro   0x00000000       0xfc ./src/peripheral/cdc_desc.o
 .debug_macro   0x000000fc      0x844 ./src/peripheral/cdc_desc.o
 .debug_macro   0x00000940       0x10 ./src/peripheral/cdc_desc.o
 .debug_macro   0x00000950      0x12d ./src/peripheral/cdc_desc.o
 .debug_macro   0x00000a7d       0x58 ./src/peripheral/cdc_desc.o
 .debug_macro   0x00000ad5      0x5b2 ./src/peripheral/cdc_desc.o
 .debug_macro   0x00001087      0x227 ./src/peripheral/cdc_desc.o
 .debug_macro   0x000012ae       0x18 ./src/peripheral/cdc_desc.o
 .debug_macro   0x000012c6       0x12 ./src/peripheral/cdc_desc.o
 .debug_macro   0x000012d8       0x46 ./src/peripheral/cdc_desc.o
 .debug_macro   0x0000131e       0xfa ./src/peripheral/cdc_desc.o
 .debug_macro   0x00001418       0xee ./src/peripheral/cdc_desc.o
 .debug_macro   0x00001506      0x68c ./src/peripheral/cdc_desc.o
 .debug_macro   0x00001b92      0x272 ./src/peripheral/cdc_desc.o
 .debug_macro   0x00001e04       0x10 ./src/peripheral/cdc_desc.o
 .debug_macro   0x00001e14      0x109 ./src/peripheral/comm.o
 .debug_macro   0x00001f1d       0x1c ./src/peripheral/comm.o
 .debug_macro   0x00001f39       0x3a ./src/peripheral/comm.o
 .debug_macro   0x00001f73       0x1f ./src/peripheral/comm.o
 .debug_macro   0x00001f92      0x242 ./src/peripheral/comm.o
 .debug_macro   0x000021d4      0x10e ./src/peripheral/comm.o
 .debug_macro   0x000022e2       0x82 ./src/peripheral/comm.o
 .debug_macro   0x00002364       0xa0 ./src/peripheral/comm.o
 .debug_macro   0x00002404       0xe8 ./src/peripheral/comm.o
 .debug_macro   0x000024ec       0xd9 ./src/peripheral/comm.o
 .debug_macro   0x000025c5       0x1c ./src/peripheral/comm.o
 .debug_macro   0x000025e1       0x9b ./src/peripheral/i2c.o
 .debug_macro   0x0000267c       0xe2 ./src/peripheral/i2c.o
 .debug_macro   0x0000275e      0x102 ./src/peripheral/interrupt.o
 .debug_macro   0x00002860       0xd0 ./src/peripheral/interrupt.o
 .debug_macro   0x00002930       0xf0 ./src/peripheral/microSD.o
 .debug_macro   0x00002a20       0xe0 ./src/peripheral/microSD.o
 .debug_macro   0x00002b00       0xdc ./src/peripheral/timer.o
 .debug_macro   0x00002bdc       0x1c ./src/peripheral/timer.o
 .debug_macro   0x00002bf8       0xb8 ./src/peripheral/timer.o
 .debug_macro   0x00002cb0       0x9c ./src/peripheral/uart.o
 .debug_macro   0x00002d4c      0x1f0 ./src/peripheral/vcom.o
 .debug_macro   0x00002f3c       0x1c ./src/peripheral/vcom.o
 .debug_macro   0x00002f58       0x6a ./src/peripheral/vcom.o
 .debug_macro   0x00002fc2       0x9a ./src/peripheral/vcom.o
 .debug_macro   0x0000305c      0x486 ./src/fatfs/ff.o
 .debug_macro   0x000034e2      0x18a ./src/fatfs/mmc_ssp.o
 .debug_macro   0x0000366c      0x107 ./src/eMPL/MotionDriver.o
 .debug_macro   0x00003773       0xc4 ./src/eMPL/MotionDriver.o
 .debug_macro   0x00003837       0x82 ./src/eMPL/MotionDriver.o
 .debug_macro   0x000038b9       0xa6 ./src/eMPL/MotionDriver.o
 .debug_macro   0x0000395f       0x40 ./src/eMPL/MotionDriver.o
 .debug_macro   0x0000399f      0x33a ./src/eMPL/inv_mpu.o
 .debug_macro   0x00003cd9       0x22 ./src/eMPL/inv_mpu.o
 .debug_macro   0x00003cfb       0xc4 ./src/eMPL/inv_mpu.o
 .debug_macro   0x00003dbf      0x5d0 ./src/eMPL/inv_mpu_dmp_motion_driver.o
 .debug_macro   0x0000438f      0xb8a ./src/eMPL/inv_mpu_dmp_motion_driver.o
 .debug_macro   0x00004f19      0x659 ./src/eMPL/inv_mpu_dmp_motion_driver.o
 .debug_macro   0x00005572      0x14d ./src/EM.o
 .debug_macro   0x000056bf       0x10 ./src/EM.o
 .debug_macro   0x000056cf       0x1d ./src/cr_startup_lpc11uxx.o
 .debug_macro   0x000056ec       0x1a ./src/crp.o
 .debug_macro   0x00005706       0x34 ./src/crp.o
 .debug_macro   0x0000573a       0xfa ./src/gps.o
 .debug_macro   0x00005834      0x117 C:\Users\Yusuke\Documents\LPCXpresso_8.1.4_606\workspace\CMSIS_CORE_LPC11Uxx\Debug\libCMSIS_CORE_LPC11Uxx.a(system_LPC11Uxx.o)
 .debug_macro   0x0000594b      0x83e C:\Users\Yusuke\Documents\LPCXpresso_8.1.4_606\workspace\CMSIS_CORE_LPC11Uxx\Debug\libCMSIS_CORE_LPC11Uxx.a(system_LPC11Uxx.o)

.debug_line     0x00000000     0x58a5
 .debug_line    0x00000000      0x256 ./src/peripheral/cdc_desc.o
 .debug_line    0x00000256      0x4ca ./src/peripheral/comm.o
 .debug_line    0x00000720      0x392 ./src/peripheral/i2c.o
 .debug_line    0x00000ab2      0x303 ./src/peripheral/interrupt.o
 .debug_line    0x00000db5      0x385 ./src/peripheral/microSD.o
 .debug_line    0x0000113a      0x3e2 ./src/peripheral/timer.o
 .debug_line    0x0000151c      0x294 ./src/peripheral/uart.o
 .debug_line    0x000017b0      0x4fc ./src/peripheral/vcom.o
 .debug_line    0x00001cac     0x1349 ./src/fatfs/ff.o
 .debug_line    0x00002ff5      0x5d7 ./src/fatfs/mmc_ssp.o
 .debug_line    0x000035cc      0x427 ./src/eMPL/MotionDriver.o
 .debug_line    0x000039f3      0xdce ./src/eMPL/inv_mpu.o
 .debug_line    0x000047c1      0x692 ./src/eMPL/inv_mpu_dmp_motion_driver.o
 .debug_line    0x00004e53      0x381 ./src/EM.o
 .debug_line    0x000051d4       0xbf ./src/cr_startup_lpc11uxx.o
 .debug_line    0x00005293       0x78 ./src/crp.o
 .debug_line    0x0000530b      0x368 ./src/gps.o
 .debug_line    0x00005673      0x232 C:\Users\Yusuke\Documents\LPCXpresso_8.1.4_606\workspace\CMSIS_CORE_LPC11Uxx\Debug\libCMSIS_CORE_LPC11Uxx.a(system_LPC11Uxx.o)

.debug_str      0x00000000    0x14830
 .debug_str     0x00000000     0x78bb ./src/peripheral/cdc_desc.o
                               0x7934 (size before relaxing)
 .debug_str     0x000078bb     0x248b ./src/peripheral/comm.o
                               0x601d (size before relaxing)
 .debug_str     0x00009d46      0xa30 ./src/peripheral/i2c.o
                               0x6116 (size before relaxing)
 .debug_str     0x0000a776      0x2c9 ./src/peripheral/interrupt.o
                               0x654b (size before relaxing)
 .debug_str     0x0000aa3f      0x183 ./src/peripheral/microSD.o
                               0x5e93 (size before relaxing)
 .debug_str     0x0000abc2      0x1a4 ./src/peripheral/timer.o
                               0x63bd (size before relaxing)
 .debug_str     0x0000ad66       0x7d ./src/peripheral/uart.o
                               0x5a3a (size before relaxing)
 .debug_str     0x0000ade3     0x13dc ./src/peripheral/vcom.o
                               0xac47 (size before relaxing)
 .debug_str     0x0000c1bf      0xcf4 ./src/fatfs/ff.o
                               0x6dfd (size before relaxing)
 .debug_str     0x0000ceb3      0x5ba ./src/fatfs/mmc_ssp.o
                               0x5c93 (size before relaxing)
 .debug_str     0x0000d46d      0xbfa ./src/eMPL/MotionDriver.o
                               0x69e5 (size before relaxing)
 .debug_str     0x0000e067     0x1303 ./src/eMPL/inv_mpu.o
                               0x7b76 (size before relaxing)
 .debug_str     0x0000f36a     0x4d20 ./src/eMPL/inv_mpu_dmp_motion_driver.o
                               0xb5b7 (size before relaxing)
 .debug_str     0x0001408a       0x75 ./src/EM.o
                               0x6ea6 (size before relaxing)
 .debug_str     0x000140ff      0x17e ./src/cr_startup_lpc11uxx.o
                               0x2548 (size before relaxing)
 .debug_str     0x0001427d       0xe9 ./src/crp.o
                               0x2494 (size before relaxing)
 .debug_str     0x00014366       0x8f ./src/gps.o
                               0x6115 (size before relaxing)
 .debug_str     0x000143f5      0x43b C:\Users\Yusuke\Documents\LPCXpresso_8.1.4_606\workspace\CMSIS_CORE_LPC11Uxx\Debug\libCMSIS_CORE_LPC11Uxx.a(system_LPC11Uxx.o)
                               0x556f (size before relaxing)

.comment        0x00000000       0x6e
 .comment       0x00000000       0x6e ./src/peripheral/cdc_desc.o
                                 0x6f (size before relaxing)
 .comment       0x0000006e       0x6f ./src/peripheral/comm.o
 .comment       0x0000006e       0x6f ./src/peripheral/i2c.o
 .comment       0x0000006e       0x6f ./src/peripheral/interrupt.o
 .comment       0x0000006e       0x6f ./src/peripheral/microSD.o
 .comment       0x0000006e       0x6f ./src/peripheral/timer.o
 .comment       0x0000006e       0x6f ./src/peripheral/uart.o
 .comment       0x0000006e       0x6f ./src/peripheral/vcom.o
 .comment       0x0000006e       0x6f ./src/fatfs/ff.o
 .comment       0x0000006e       0x6f ./src/fatfs/mmc_ssp.o
 .comment       0x0000006e       0x6f ./src/eMPL/MotionDriver.o
 .comment       0x0000006e       0x6f ./src/eMPL/inv_mpu.o
 .comment       0x0000006e       0x6f ./src/eMPL/inv_mpu_dmp_motion_driver.o
 .comment       0x0000006e       0x6f ./src/EM.o
 .comment       0x0000006e       0x6f ./src/cr_startup_lpc11uxx.o
 .comment       0x0000006e       0x6f ./src/crp.o
 .comment       0x0000006e       0x6f ./src/gps.o
 .comment       0x0000006e       0x6f C:\Users\Yusuke\Documents\LPCXpresso_8.1.4_606\workspace\CMSIS_CORE_LPC11Uxx\Debug\libCMSIS_CORE_LPC11Uxx.a(system_LPC11Uxx.o)
 .comment       0x0000006e       0x6f c:/nxp/lpcxpresso_8.1.4_606/lpcxpresso/tools/bin/../lib/gcc/arm-none-eabi/5.2.1/../../../../arm-none-eabi/lib/armv6-m\libcr_nohost.a(_cr__main.o)
 .comment       0x0000006e       0x6f c:/nxp/lpcxpresso_8.1.4_606/lpcxpresso/tools/bin/../lib/gcc/arm-none-eabi/5.2.1/../../../../arm-none-eabi/lib/armv6-m\libcr_c.a(atan2f.o)
 .comment       0x0000006e       0x6f c:/nxp/lpcxpresso_8.1.4_606/lpcxpresso/tools/bin/../lib/gcc/arm-none-eabi/5.2.1/../../../../arm-none-eabi/lib/armv6-m\libcr_c.a(atanf.o)
 .comment       0x0000006e       0x6f c:/nxp/lpcxpresso_8.1.4_606/lpcxpresso/tools/bin/../lib/gcc/arm-none-eabi/5.2.1/../../../../arm-none-eabi/lib/armv6-m\libcr_c.a(fabsf.o)
 .comment       0x0000006e       0x6f c:/nxp/lpcxpresso_8.1.4_606/lpcxpresso/tools/bin/../lib/gcc/arm-none-eabi/5.2.1/../../../../arm-none-eabi/lib/armv6-m\libcr_c.a(sqrtf.o)
 .comment       0x0000006e       0x6f c:/nxp/lpcxpresso_8.1.4_606/lpcxpresso/tools/bin/../lib/gcc/arm-none-eabi/5.2.1/../../../../arm-none-eabi/lib/armv6-m\libcr_c.a(memcpy.o)
 .comment       0x0000006e       0x6f c:/nxp/lpcxpresso_8.1.4_606/lpcxpresso/tools/bin/../lib/gcc/arm-none-eabi/5.2.1/../../../../arm-none-eabi/lib/armv6-m\libcr_c.a(memset.o)
 .comment       0x0000006e       0x6f c:/nxp/lpcxpresso_8.1.4_606/lpcxpresso/tools/bin/../lib/gcc/arm-none-eabi/5.2.1/../../../../arm-none-eabi/lib/armv6-m\libcr_c.a(errno.o)
 .comment       0x0000006e       0x6f c:/nxp/lpcxpresso_8.1.4_606/lpcxpresso/tools/bin/../lib/gcc/arm-none-eabi/5.2.1/../../../../arm-none-eabi/lib/armv6-m\libcr_c.a(fpprintf.o)
 .comment       0x0000006e       0x6f c:/nxp/lpcxpresso_8.1.4_606/lpcxpresso/tools/bin/../lib/gcc/arm-none-eabi/5.2.1/../../../../arm-none-eabi/lib/armv6-m\libcr_c.a(initio.o)
 .comment       0x0000006e       0x6f c:/nxp/lpcxpresso_8.1.4_606/lpcxpresso/tools/bin/../lib/gcc/arm-none-eabi/5.2.1/../../../../arm-none-eabi/lib/armv6-m\libcr_c.a(memcmp.o)
 .comment       0x0000006e       0x6f c:/nxp/lpcxpresso_8.1.4_606/lpcxpresso/tools/bin/../lib/gcc/arm-none-eabi/5.2.1/../../../../arm-none-eabi/lib/armv6-m\libcr_c.a(printf.o)
 .comment       0x0000006e       0x6f c:/nxp/lpcxpresso_8.1.4_606/lpcxpresso/tools/bin/../lib/gcc/arm-none-eabi/5.2.1/../../../../arm-none-eabi/lib/armv6-m\libcr_c.a(setvbuf.o)
 .comment       0x0000006e       0x6f c:/nxp/lpcxpresso_8.1.4_606/lpcxpresso/tools/bin/../lib/gcc/arm-none-eabi/5.2.1/../../../../arm-none-eabi/lib/armv6-m\libcr_c.a(stdio.o)
 .comment       0x0000006e       0x6f c:/nxp/lpcxpresso_8.1.4_606/lpcxpresso/tools/bin/../lib/gcc/arm-none-eabi/5.2.1/../../../../arm-none-eabi/lib/armv6-m\libcr_c.a(strlen.o)
 .comment       0x0000006e       0x6f c:/nxp/lpcxpresso_8.1.4_606/lpcxpresso/tools/bin/../lib/gcc/arm-none-eabi/5.2.1/../../../../arm-none-eabi/lib/armv6-m\libcr_c.a(_deferredlazyseek.o)
 .comment       0x0000006e       0x6f c:/nxp/lpcxpresso_8.1.4_606/lpcxpresso/tools/bin/../lib/gcc/arm-none-eabi/5.2.1/../../../../arm-none-eabi/lib/armv6-m\libcr_c.a(_fdopen.o)
 .comment       0x0000006e       0x6f c:/nxp/lpcxpresso_8.1.4_606/lpcxpresso/tools/bin/../lib/gcc/arm-none-eabi/5.2.1/../../../../arm-none-eabi/lib/armv6-m\libcr_c.a(_fflush.o)
 .comment       0x0000006e       0x6f c:/nxp/lpcxpresso_8.1.4_606/lpcxpresso/tools/bin/../lib/gcc/arm-none-eabi/5.2.1/../../../../arm-none-eabi/lib/armv6-m\libcr_c.a(_frexpl.o)
 .comment       0x0000006e       0x6f c:/nxp/lpcxpresso_8.1.4_606/lpcxpresso/tools/bin/../lib/gcc/arm-none-eabi/5.2.1/../../../../arm-none-eabi/lib/armv6-m\libcr_c.a(_ldexpl.o)
 .comment       0x0000006e       0x6f c:/nxp/lpcxpresso_8.1.4_606/lpcxpresso/tools/bin/../lib/gcc/arm-none-eabi/5.2.1/../../../../arm-none-eabi/lib/armv6-m\libcr_c.a(_writebuf.o)
 .comment       0x0000006e       0x6f c:/nxp/lpcxpresso_8.1.4_606/lpcxpresso/tools/bin/../lib/gcc/arm-none-eabi/5.2.1/../../../../arm-none-eabi/lib/armv6-m\libcr_c.a(alloc.o)
 .comment       0x0000006e       0x6f c:/nxp/lpcxpresso_8.1.4_606/lpcxpresso/tools/bin/../lib/gcc/arm-none-eabi/5.2.1/../../../../arm-none-eabi/lib/armv6-m\libcr_c.a(fclose.o)
 .comment       0x0000006e       0x6f c:/nxp/lpcxpresso_8.1.4_606/lpcxpresso/tools/bin/../lib/gcc/arm-none-eabi/5.2.1/../../../../arm-none-eabi/lib/armv6-m\libcr_c.a(fflush.o)
 .comment       0x0000006e       0x6f c:/nxp/lpcxpresso_8.1.4_606/lpcxpresso/tools/bin/../lib/gcc/arm-none-eabi/5.2.1/../../../../arm-none-eabi/lib/armv6-m\libcr_c.a(fseek.o)
 .comment       0x0000006e       0x6f c:/nxp/lpcxpresso_8.1.4_606/lpcxpresso/tools/bin/../lib/gcc/arm-none-eabi/5.2.1/../../../../arm-none-eabi/lib/armv6-m\libcr_c.a(ftell.o)
 .comment       0x0000006e       0x6f c:/nxp/lpcxpresso_8.1.4_606/lpcxpresso/tools/bin/../lib/gcc/arm-none-eabi/5.2.1/../../../../arm-none-eabi/lib/armv6-m\libcr_c.a(remove.o)
 .comment       0x0000006e       0x6f c:/nxp/lpcxpresso_8.1.4_606/lpcxpresso/tools/bin/../lib/gcc/arm-none-eabi/5.2.1/../../../../arm-none-eabi/lib/armv6-m\libcr_c.a(__init_alloc.o)
 .comment       0x0000006e       0x6f c:/nxp/lpcxpresso_8.1.4_606/lpcxpresso/tools/bin/../lib/gcc/arm-none-eabi/5.2.1/../../../../arm-none-eabi/lib/armv6-m\libcr_c.a(_cr_sbrk.o)
 .comment       0x0000006e       0x6f c:/nxp/lpcxpresso_8.1.4_606/lpcxpresso/tools/bin/../lib/gcc/arm-none-eabi/5.2.1/../../../../arm-none-eabi/lib/armv6-m\libcr_c.a(_do_fflush.o)
 .comment       0x0000006e       0x6f c:/nxp/lpcxpresso_8.1.4_606/lpcxpresso/tools/bin/../lib/gcc/arm-none-eabi/5.2.1/../../../../arm-none-eabi/lib/armv6-m\libcr_c.a(_hugeval.o)
 .comment       0x0000006e       0x6f c:/nxp/lpcxpresso_8.1.4_606/lpcxpresso/tools/bin/../lib/gcc/arm-none-eabi/5.2.1/../../../../arm-none-eabi/lib/armv6-m\libcr_c.a(_cr_check_heap.o)
 .comment       0x0000006e       0x6f c:/nxp/lpcxpresso_8.1.4_606/lpcxpresso/tools/bin/../lib/gcc/arm-none-eabi/5.2.1/armv6-m\libcr_eabihelpers.a(double.o)
 .comment       0x0000006e       0x6f c:/nxp/lpcxpresso_8.1.4_606/lpcxpresso/tools/bin/../lib/gcc/arm-none-eabi/5.2.1/armv6-m\libcr_eabihelpers.a(float.o)
 .comment       0x0000006e       0x6f c:/nxp/lpcxpresso_8.1.4_606/lpcxpresso/tools/bin/../lib/gcc/arm-none-eabi/5.2.1/../../../../arm-none-eabi/lib/armv6-m\libcr_nohost.a(__sys_appexit.o)
 .comment       0x0000006e       0x6f c:/nxp/lpcxpresso_8.1.4_606/lpcxpresso/tools/bin/../lib/gcc/arm-none-eabi/5.2.1/../../../../arm-none-eabi/lib/armv6-m\libcr_nohost.a(__sys_close.o)
 .comment       0x0000006e       0x6f c:/nxp/lpcxpresso_8.1.4_606/lpcxpresso/tools/bin/../lib/gcc/arm-none-eabi/5.2.1/../../../../arm-none-eabi/lib/armv6-m\libcr_nohost.a(__sys_flen.o)
 .comment       0x0000006e       0x6f c:/nxp/lpcxpresso_8.1.4_606/lpcxpresso/tools/bin/../lib/gcc/arm-none-eabi/5.2.1/../../../../arm-none-eabi/lib/armv6-m\libcr_nohost.a(__sys_istty.o)
 .comment       0x0000006e       0x6f c:/nxp/lpcxpresso_8.1.4_606/lpcxpresso/tools/bin/../lib/gcc/arm-none-eabi/5.2.1/../../../../arm-none-eabi/lib/armv6-m\libcr_nohost.a(__sys_remove.o)
 .comment       0x0000006e       0x6f c:/nxp/lpcxpresso_8.1.4_606/lpcxpresso/tools/bin/../lib/gcc/arm-none-eabi/5.2.1/../../../../arm-none-eabi/lib/armv6-m\libcr_nohost.a(__sys_seek.o)
 .comment       0x0000006e       0x6f c:/nxp/lpcxpresso_8.1.4_606/lpcxpresso/tools/bin/../lib/gcc/arm-none-eabi/5.2.1/../../../../arm-none-eabi/lib/armv6-m\libcr_nohost.a(__sys_tmpnam.o)
 .comment       0x0000006e       0x6f c:/nxp/lpcxpresso_8.1.4_606/lpcxpresso/tools/bin/../lib/gcc/arm-none-eabi/5.2.1/../../../../arm-none-eabi/lib/armv6-m\libcr_nohost.a(__sys_write.o)

.ARM.attributes
                0x00000000       0x2f
 .ARM.attributes
                0x00000000       0x31 ./src/peripheral/cdc_desc.o
 .ARM.attributes
                0x00000031       0x31 ./src/peripheral/comm.o
 .ARM.attributes
                0x00000062       0x31 ./src/peripheral/i2c.o
 .ARM.attributes
                0x00000093       0x31 ./src/peripheral/interrupt.o
 .ARM.attributes
                0x000000c4       0x31 ./src/peripheral/microSD.o
 .ARM.attributes
                0x000000f5       0x31 ./src/peripheral/timer.o
 .ARM.attributes
                0x00000126       0x31 ./src/peripheral/uart.o
 .ARM.attributes
                0x00000157       0x31 ./src/peripheral/vcom.o
 .ARM.attributes
                0x00000188       0x31 ./src/fatfs/ff.o
 .ARM.attributes
                0x000001b9       0x31 ./src/fatfs/mmc_ssp.o
 .ARM.attributes
                0x000001ea       0x31 ./src/eMPL/MotionDriver.o
 .ARM.attributes
                0x0000021b       0x31 ./src/eMPL/inv_mpu.o
 .ARM.attributes
                0x0000024c       0x31 ./src/eMPL/inv_mpu_dmp_motion_driver.o
 .ARM.attributes
                0x0000027d       0x31 ./src/EM.o
 .ARM.attributes
                0x000002ae       0x31 ./src/cr_startup_lpc11uxx.o
 .ARM.attributes
                0x000002df       0x31 ./src/crp.o
 .ARM.attributes
                0x00000310       0x31 ./src/gps.o
 .ARM.attributes
                0x00000341       0x31 C:\Users\Yusuke\Documents\LPCXpresso_8.1.4_606\workspace\CMSIS_CORE_LPC11Uxx\Debug\libCMSIS_CORE_LPC11Uxx.a(system_LPC11Uxx.o)
 .ARM.attributes
                0x00000372       0x31 c:/nxp/lpcxpresso_8.1.4_606/lpcxpresso/tools/bin/../lib/gcc/arm-none-eabi/5.2.1/../../../../arm-none-eabi/lib/armv6-m\libcr_nohost.a(_cr__main.o)
 .ARM.attributes
                0x000003a3       0x31 c:/nxp/lpcxpresso_8.1.4_606/lpcxpresso/tools/bin/../lib/gcc/arm-none-eabi/5.2.1/../../../../arm-none-eabi/lib/armv6-m\libcr_c.a(atan2f.o)
 .ARM.attributes
                0x000003d4       0x31 c:/nxp/lpcxpresso_8.1.4_606/lpcxpresso/tools/bin/../lib/gcc/arm-none-eabi/5.2.1/../../../../arm-none-eabi/lib/armv6-m\libcr_c.a(atanf.o)
 .ARM.attributes
                0x00000405       0x31 c:/nxp/lpcxpresso_8.1.4_606/lpcxpresso/tools/bin/../lib/gcc/arm-none-eabi/5.2.1/../../../../arm-none-eabi/lib/armv6-m\libcr_c.a(fabsf.o)
 .ARM.attributes
                0x00000436       0x31 c:/nxp/lpcxpresso_8.1.4_606/lpcxpresso/tools/bin/../lib/gcc/arm-none-eabi/5.2.1/../../../../arm-none-eabi/lib/armv6-m\libcr_c.a(sqrtf.o)
 .ARM.attributes
                0x00000467       0x31 c:/nxp/lpcxpresso_8.1.4_606/lpcxpresso/tools/bin/../lib/gcc/arm-none-eabi/5.2.1/../../../../arm-none-eabi/lib/armv6-m\libcr_c.a(memcpy.o)
 .ARM.attributes
                0x00000498       0x31 c:/nxp/lpcxpresso_8.1.4_606/lpcxpresso/tools/bin/../lib/gcc/arm-none-eabi/5.2.1/../../../../arm-none-eabi/lib/armv6-m\libcr_c.a(memset.o)
 .ARM.attributes
                0x000004c9       0x31 c:/nxp/lpcxpresso_8.1.4_606/lpcxpresso/tools/bin/../lib/gcc/arm-none-eabi/5.2.1/../../../../arm-none-eabi/lib/armv6-m\libcr_c.a(errno.o)
 .ARM.attributes
                0x000004fa       0x31 c:/nxp/lpcxpresso_8.1.4_606/lpcxpresso/tools/bin/../lib/gcc/arm-none-eabi/5.2.1/../../../../arm-none-eabi/lib/armv6-m\libcr_c.a(fpprintf.o)
 .ARM.attributes
                0x0000052b       0x31 c:/nxp/lpcxpresso_8.1.4_606/lpcxpresso/tools/bin/../lib/gcc/arm-none-eabi/5.2.1/../../../../arm-none-eabi/lib/armv6-m\libcr_c.a(initio.o)
 .ARM.attributes
                0x0000055c       0x31 c:/nxp/lpcxpresso_8.1.4_606/lpcxpresso/tools/bin/../lib/gcc/arm-none-eabi/5.2.1/../../../../arm-none-eabi/lib/armv6-m\libcr_c.a(memcmp.o)
 .ARM.attributes
                0x0000058d       0x31 c:/nxp/lpcxpresso_8.1.4_606/lpcxpresso/tools/bin/../lib/gcc/arm-none-eabi/5.2.1/../../../../arm-none-eabi/lib/armv6-m\libcr_c.a(printf.o)
 .ARM.attributes
                0x000005be       0x31 c:/nxp/lpcxpresso_8.1.4_606/lpcxpresso/tools/bin/../lib/gcc/arm-none-eabi/5.2.1/../../../../arm-none-eabi/lib/armv6-m\libcr_c.a(setvbuf.o)
 .ARM.attributes
                0x000005ef       0x31 c:/nxp/lpcxpresso_8.1.4_606/lpcxpresso/tools/bin/../lib/gcc/arm-none-eabi/5.2.1/../../../../arm-none-eabi/lib/armv6-m\libcr_c.a(stdio.o)
 .ARM.attributes
                0x00000620       0x31 c:/nxp/lpcxpresso_8.1.4_606/lpcxpresso/tools/bin/../lib/gcc/arm-none-eabi/5.2.1/../../../../arm-none-eabi/lib/armv6-m\libcr_c.a(strlen.o)
 .ARM.attributes
                0x00000651       0x31 c:/nxp/lpcxpresso_8.1.4_606/lpcxpresso/tools/bin/../lib/gcc/arm-none-eabi/5.2.1/../../../../arm-none-eabi/lib/armv6-m\libcr_c.a(_deferredlazyseek.o)
 .ARM.attributes
                0x00000682       0x31 c:/nxp/lpcxpresso_8.1.4_606/lpcxpresso/tools/bin/../lib/gcc/arm-none-eabi/5.2.1/../../../../arm-none-eabi/lib/armv6-m\libcr_c.a(_fdopen.o)
 .ARM.attributes
                0x000006b3       0x31 c:/nxp/lpcxpresso_8.1.4_606/lpcxpresso/tools/bin/../lib/gcc/arm-none-eabi/5.2.1/../../../../arm-none-eabi/lib/armv6-m\libcr_c.a(_fflush.o)
 .ARM.attributes
                0x000006e4       0x31 c:/nxp/lpcxpresso_8.1.4_606/lpcxpresso/tools/bin/../lib/gcc/arm-none-eabi/5.2.1/../../../../arm-none-eabi/lib/armv6-m\libcr_c.a(_frexpl.o)
 .ARM.attributes
                0x00000715       0x31 c:/nxp/lpcxpresso_8.1.4_606/lpcxpresso/tools/bin/../lib/gcc/arm-none-eabi/5.2.1/../../../../arm-none-eabi/lib/armv6-m\libcr_c.a(_ldexpl.o)
 .ARM.attributes
                0x00000746       0x31 c:/nxp/lpcxpresso_8.1.4_606/lpcxpresso/tools/bin/../lib/gcc/arm-none-eabi/5.2.1/../../../../arm-none-eabi/lib/armv6-m\libcr_c.a(_writebuf.o)
 .ARM.attributes
                0x00000777       0x31 c:/nxp/lpcxpresso_8.1.4_606/lpcxpresso/tools/bin/../lib/gcc/arm-none-eabi/5.2.1/../../../../arm-none-eabi/lib/armv6-m\libcr_c.a(alloc.o)
 .ARM.attributes
                0x000007a8       0x31 c:/nxp/lpcxpresso_8.1.4_606/lpcxpresso/tools/bin/../lib/gcc/arm-none-eabi/5.2.1/../../../../arm-none-eabi/lib/armv6-m\libcr_c.a(fclose.o)
 .ARM.attributes
                0x000007d9       0x31 c:/nxp/lpcxpresso_8.1.4_606/lpcxpresso/tools/bin/../lib/gcc/arm-none-eabi/5.2.1/../../../../arm-none-eabi/lib/armv6-m\libcr_c.a(fflush.o)
 .ARM.attributes
                0x0000080a       0x31 c:/nxp/lpcxpresso_8.1.4_606/lpcxpresso/tools/bin/../lib/gcc/arm-none-eabi/5.2.1/../../../../arm-none-eabi/lib/armv6-m\libcr_c.a(fseek.o)
 .ARM.attributes
                0x0000083b       0x31 c:/nxp/lpcxpresso_8.1.4_606/lpcxpresso/tools/bin/../lib/gcc/arm-none-eabi/5.2.1/../../../../arm-none-eabi/lib/armv6-m\libcr_c.a(ftell.o)
 .ARM.attributes
                0x0000086c       0x31 c:/nxp/lpcxpresso_8.1.4_606/lpcxpresso/tools/bin/../lib/gcc/arm-none-eabi/5.2.1/../../../../arm-none-eabi/lib/armv6-m\libcr_c.a(remove.o)
 .ARM.attributes
                0x0000089d       0x31 c:/nxp/lpcxpresso_8.1.4_606/lpcxpresso/tools/bin/../lib/gcc/arm-none-eabi/5.2.1/../../../../arm-none-eabi/lib/armv6-m\libcr_c.a(__init_alloc.o)
 .ARM.attributes
                0x000008ce       0x31 c:/nxp/lpcxpresso_8.1.4_606/lpcxpresso/tools/bin/../lib/gcc/arm-none-eabi/5.2.1/../../../../arm-none-eabi/lib/armv6-m\libcr_c.a(_cr_sbrk.o)
 .ARM.attributes
                0x000008ff       0x31 c:/nxp/lpcxpresso_8.1.4_606/lpcxpresso/tools/bin/../lib/gcc/arm-none-eabi/5.2.1/../../../../arm-none-eabi/lib/armv6-m\libcr_c.a(_do_fflush.o)
 .ARM.attributes
                0x00000930       0x31 c:/nxp/lpcxpresso_8.1.4_606/lpcxpresso/tools/bin/../lib/gcc/arm-none-eabi/5.2.1/../../../../arm-none-eabi/lib/armv6-m\libcr_c.a(_hugeval.o)
 .ARM.attributes
                0x00000961       0x31 c:/nxp/lpcxpresso_8.1.4_606/lpcxpresso/tools/bin/../lib/gcc/arm-none-eabi/5.2.1/../../../../arm-none-eabi/lib/armv6-m\libcr_c.a(_cr_check_heap.o)
 .ARM.attributes
                0x00000992       0x21 c:/nxp/lpcxpresso_8.1.4_606/lpcxpresso/tools/bin/../lib/gcc/arm-none-eabi/5.2.1/armv6-m\libcr_eabihelpers.a(division_32.o)
 .ARM.attributes
                0x000009b3       0x21 c:/nxp/lpcxpresso_8.1.4_606/lpcxpresso/tools/bin/../lib/gcc/arm-none-eabi/5.2.1/armv6-m\libcr_eabihelpers.a(division_idiv0.o)
 .ARM.attributes
                0x000009d4       0x31 c:/nxp/lpcxpresso_8.1.4_606/lpcxpresso/tools/bin/../lib/gcc/arm-none-eabi/5.2.1/armv6-m\libcr_eabihelpers.a(double.o)
 .ARM.attributes
                0x00000a05       0x31 c:/nxp/lpcxpresso_8.1.4_606/lpcxpresso/tools/bin/../lib/gcc/arm-none-eabi/5.2.1/armv6-m\libcr_eabihelpers.a(float.o)
 .ARM.attributes
                0x00000a36       0x21 c:/nxp/lpcxpresso_8.1.4_606/lpcxpresso/tools/bin/../lib/gcc/arm-none-eabi/5.2.1/armv6-m\libcr_eabihelpers.a(llong.o)
 .ARM.attributes
                0x00000a57       0x21 c:/nxp/lpcxpresso_8.1.4_606/lpcxpresso/tools/bin/../lib/gcc/arm-none-eabi/5.2.1/armv6-m\libcr_eabihelpers.a(memcpy.o)
 .ARM.attributes
                0x00000a78       0x31 c:/nxp/lpcxpresso_8.1.4_606/lpcxpresso/tools/bin/../lib/gcc/arm-none-eabi/5.2.1/../../../../arm-none-eabi/lib/armv6-m\libcr_nohost.a(__sys_appexit.o)
 .ARM.attributes
                0x00000aa9       0x31 c:/nxp/lpcxpresso_8.1.4_606/lpcxpresso/tools/bin/../lib/gcc/arm-none-eabi/5.2.1/../../../../arm-none-eabi/lib/armv6-m\libcr_nohost.a(__sys_close.o)
 .ARM.attributes
                0x00000ada       0x31 c:/nxp/lpcxpresso_8.1.4_606/lpcxpresso/tools/bin/../lib/gcc/arm-none-eabi/5.2.1/../../../../arm-none-eabi/lib/armv6-m\libcr_nohost.a(__sys_flen.o)
 .ARM.attributes
                0x00000b0b       0x31 c:/nxp/lpcxpresso_8.1.4_606/lpcxpresso/tools/bin/../lib/gcc/arm-none-eabi/5.2.1/../../../../arm-none-eabi/lib/armv6-m\libcr_nohost.a(__sys_istty.o)
 .ARM.attributes
                0x00000b3c       0x31 c:/nxp/lpcxpresso_8.1.4_606/lpcxpresso/tools/bin/../lib/gcc/arm-none-eabi/5.2.1/../../../../arm-none-eabi/lib/armv6-m\libcr_nohost.a(__sys_remove.o)
 .ARM.attributes
                0x00000b6d       0x31 c:/nxp/lpcxpresso_8.1.4_606/lpcxpresso/tools/bin/../lib/gcc/arm-none-eabi/5.2.1/../../../../arm-none-eabi/lib/armv6-m\libcr_nohost.a(__sys_seek.o)
 .ARM.attributes
                0x00000b9e       0x31 c:/nxp/lpcxpresso_8.1.4_606/lpcxpresso/tools/bin/../lib/gcc/arm-none-eabi/5.2.1/../../../../arm-none-eabi/lib/armv6-m\libcr_nohost.a(__sys_tmpnam.o)
 .ARM.attributes
                0x00000bcf       0x31 c:/nxp/lpcxpresso_8.1.4_606/lpcxpresso/tools/bin/../lib/gcc/arm-none-eabi/5.2.1/../../../../arm-none-eabi/lib/armv6-m\libcr_nohost.a(__sys_write.o)

.debug_ranges   0x00000000      0x880
 .debug_ranges  0x00000000       0x58 ./src/peripheral/comm.o
 .debug_ranges  0x00000058       0x40 ./src/peripheral/i2c.o
 .debug_ranges  0x00000098       0x20 ./src/peripheral/interrupt.o
 .debug_ranges  0x000000b8       0x30 ./src/peripheral/microSD.o
 .debug_ranges  0x000000e8       0x88 ./src/peripheral/timer.o
 .debug_ranges  0x00000170       0x30 ./src/peripheral/uart.o
 .debug_ranges  0x000001a0       0x80 ./src/peripheral/vcom.o
 .debug_ranges  0x00000220      0x1f8 ./src/fatfs/ff.o
 .debug_ranges  0x00000418       0x90 ./src/fatfs/mmc_ssp.o
 .debug_ranges  0x000004a8       0x70 ./src/eMPL/MotionDriver.o
 .debug_ranges  0x00000518      0x1d8 ./src/eMPL/inv_mpu.o
 .debug_ranges  0x000006f0       0xe8 ./src/eMPL/inv_mpu_dmp_motion_driver.o
 .debug_ranges  0x000007d8       0x10 ./src/EM.o
 .debug_ranges  0x000007e8       0x50 ./src/cr_startup_lpc11uxx.o
 .debug_ranges  0x00000838       0x30 ./src/gps.o
 .debug_ranges  0x00000868       0x18 C:\Users\Yusuke\Documents\LPCXpresso_8.1.4_606\workspace\CMSIS_CORE_LPC11Uxx\Debug\libCMSIS_CORE_LPC11Uxx.a(system_LPC11Uxx.o)

.debug_frame    0x00000000     0x1fd4
 .debug_frame   0x00000000      0x15c ./src/peripheral/comm.o
 .debug_frame   0x0000015c       0xe8 ./src/peripheral/i2c.o
 .debug_frame   0x00000244       0x68 ./src/peripheral/interrupt.o
 .debug_frame   0x000002ac       0xc0 ./src/peripheral/microSD.o
 .debug_frame   0x0000036c      0x1f8 ./src/peripheral/timer.o
 .debug_frame   0x00000564       0xb4 ./src/peripheral/uart.o
 .debug_frame   0x00000618      0x18c ./src/peripheral/vcom.o
 .debug_frame   0x000007a4      0x7d4 ./src/fatfs/ff.o
 .debug_frame   0x00000f78      0x220 ./src/fatfs/mmc_ssp.o
 .debug_frame   0x00001198      0x154 ./src/eMPL/MotionDriver.o
 .debug_frame   0x000012ec      0x708 ./src/eMPL/inv_mpu.o
 .debug_frame   0x000019f4      0x394 ./src/eMPL/inv_mpu_dmp_motion_driver.o
 .debug_frame   0x00001d88       0x34 ./src/EM.o
 .debug_frame   0x00001dbc      0x118 ./src/cr_startup_lpc11uxx.o
 .debug_frame   0x00001ed4       0xb4 ./src/gps.o
 .debug_frame   0x00001f88       0x4c C:\Users\Yusuke\Documents\LPCXpresso_8.1.4_606\workspace\CMSIS_CORE_LPC11Uxx\Debug\libCMSIS_CORE_LPC11Uxx.a(system_LPC11Uxx.o)

.debug_loc      0x00000000       0x59
 .debug_loc     0x00000000       0x59 C:\Users\Yusuke\Documents\LPCXpresso_8.1.4_606\workspace\CMSIS_CORE_LPC11Uxx\Debug\libCMSIS_CORE_LPC11Uxx.a(system_LPC11Uxx.o)
