Archive member included to satisfy reference by file (symbol)

C:\Users\Yusuke\Documents\LPCXpresso_8.1.4_606\workspace\CMSISv2p00_LPC11Uxx\Debug\libCMSISv2p00_LPC11Uxx.a(system_LPC11Uxx.o)
                              ./src/main.o (SystemCoreClockUpdate)
c:/nxp/lpcxpresso_8.1.4_606/lpcxpresso/tools/bin/../lib/gcc/arm-none-eabi/5.2.1/../../../../arm-none-eabi/lib/armv6-m\libcr_c.a(memset.o)
                              ./src/main.o (memset)
c:/nxp/lpcxpresso_8.1.4_606/lpcxpresso/tools/bin/../lib/gcc/arm-none-eabi/5.2.1/../../../../arm-none-eabi/lib/armv6-m\libcr_c.a(__weak__main.o)
                              ./src/cr_startup_lpc11u.o (__main)
c:/nxp/lpcxpresso_8.1.4_606/lpcxpresso/tools/bin/../lib/gcc/arm-none-eabi/5.2.1/armv6-m\libcr_eabihelpers.a(division_32.o)
                              ./src/main.o (__aeabi_uidiv)
c:/nxp/lpcxpresso_8.1.4_606/lpcxpresso/tools/bin/../lib/gcc/arm-none-eabi/5.2.1/armv6-m\libcr_eabihelpers.a(division_idiv0.o)
                              c:/nxp/lpcxpresso_8.1.4_606/lpcxpresso/tools/bin/../lib/gcc/arm-none-eabi/5.2.1/armv6-m\libcr_eabihelpers.a(division_32.o) (__aeabi_idiv0)
c:/nxp/lpcxpresso_8.1.4_606/lpcxpresso/tools/bin/../lib/gcc/arm-none-eabi/5.2.1/armv6-m\libcr_eabihelpers.a(memcpy.o)
                              c:/nxp/lpcxpresso_8.1.4_606/lpcxpresso/tools/bin/../lib/gcc/arm-none-eabi/5.2.1/../../../../arm-none-eabi/lib/armv6-m\libcr_c.a(memset.o) (__aeabi_lowlevel_memset)

Allocating common symbols
Common symbol       size              file

g_vCOM              0x28              ./src/main.o
pUsbApi             0x4               ./src/main.o

Discarded input sections

 .group         0x00000000        0x8 ./src/cdc_desc.o
 .group         0x00000000        0x8 ./src/cdc_desc.o
 .group         0x00000000        0x8 ./src/cdc_desc.o
 .group         0x00000000        0x8 ./src/cdc_desc.o
 .group         0x00000000        0x8 ./src/cdc_desc.o
 .group         0x00000000        0x8 ./src/cdc_desc.o
 .group         0x00000000        0x8 ./src/cdc_desc.o
 .group         0x00000000        0x8 ./src/cdc_desc.o
 .group         0x00000000        0x8 ./src/cdc_desc.o
 .group         0x00000000        0x8 ./src/cdc_desc.o
 .group         0x00000000        0x8 ./src/cdc_desc.o
 .group         0x00000000        0x8 ./src/cdc_desc.o
 .group         0x00000000        0x8 ./src/cdc_desc.o
 .group         0x00000000        0x8 ./src/cdc_desc.o
 .text          0x00000000        0x0 ./src/cdc_desc.o
 .data          0x00000000        0x0 ./src/cdc_desc.o
 .bss           0x00000000        0x0 ./src/cdc_desc.o
 .group         0x00000000        0x8 ./src/cr_startup_lpc11u.o
 .group         0x00000000        0x8 ./src/cr_startup_lpc11u.o
 .group         0x00000000        0x8 ./src/cr_startup_lpc11u.o
 .group         0x00000000        0x8 ./src/cr_startup_lpc11u.o
 .group         0x00000000        0x8 ./src/cr_startup_lpc11u.o
 .group         0x00000000        0x8 ./src/cr_startup_lpc11u.o
 .group         0x00000000        0x8 ./src/cr_startup_lpc11u.o
 .group         0x00000000        0x8 ./src/cr_startup_lpc11u.o
 .text          0x00000000        0x0 ./src/cr_startup_lpc11u.o
 .data          0x00000000        0x0 ./src/cr_startup_lpc11u.o
 .bss           0x00000000        0x0 ./src/cr_startup_lpc11u.o
 .debug_macro   0x00000000       0x10 ./src/cr_startup_lpc11u.o
 .debug_macro   0x00000000      0x12d ./src/cr_startup_lpc11u.o
 .debug_macro   0x00000000      0x5b2 ./src/cr_startup_lpc11u.o
 .group         0x00000000        0x8 ./src/main.o
 .group         0x00000000        0x8 ./src/main.o
 .group         0x00000000        0x8 ./src/main.o
 .group         0x00000000        0x8 ./src/main.o
 .group         0x00000000        0x8 ./src/main.o
 .group         0x00000000        0x8 ./src/main.o
 .group         0x00000000        0x8 ./src/main.o
 .group         0x00000000        0x8 ./src/main.o
 .group         0x00000000        0x8 ./src/main.o
 .group         0x00000000        0x8 ./src/main.o
 .group         0x00000000        0x8 ./src/main.o
 .group         0x00000000        0x8 ./src/main.o
 .group         0x00000000        0x8 ./src/main.o
 .group         0x00000000        0x8 ./src/main.o
 .group         0x00000000        0x8 ./src/main.o
 .group         0x00000000        0x8 ./src/main.o
 .group         0x00000000        0x8 ./src/main.o
 .group         0x00000000        0x8 ./src/main.o
 .group         0x00000000        0x8 ./src/main.o
 .group         0x00000000        0x8 ./src/main.o
 .text          0x00000000        0x0 ./src/main.o
 .data          0x00000000        0x0 ./src/main.o
 .bss           0x00000000        0x0 ./src/main.o
 .debug_macro   0x00000000      0x838 ./src/main.o
 .debug_macro   0x00000000       0x10 ./src/main.o
 .debug_macro   0x00000000      0x12d ./src/main.o
 .debug_macro   0x00000000       0x1c ./src/main.o
 .debug_macro   0x00000000       0x2e ./src/main.o
 .debug_macro   0x00000000      0x5b2 ./src/main.o
 .debug_macro   0x00000000      0x237 ./src/main.o
 .debug_macro   0x00000000      0x10e ./src/main.o
 .debug_macro   0x00000000       0x18 ./src/main.o
 .debug_macro   0x00000000       0x58 ./src/main.o
 .debug_macro   0x00000000       0x12 ./src/main.o
 .debug_macro   0x00000000       0x46 ./src/main.o
 .debug_macro   0x00000000       0xfa ./src/main.o
 .debug_macro   0x00000000       0xee ./src/main.o
 .debug_macro   0x00000000      0x68c ./src/main.o
 .debug_macro   0x00000000      0x272 ./src/main.o
 .debug_macro   0x00000000       0x10 ./src/main.o
 .group         0x00000000        0x8 C:\Users\Yusuke\Documents\LPCXpresso_8.1.4_606\workspace\CMSISv2p00_LPC11Uxx\Debug\libCMSISv2p00_LPC11Uxx.a(system_LPC11Uxx.o)
 .group         0x00000000        0x8 C:\Users\Yusuke\Documents\LPCXpresso_8.1.4_606\workspace\CMSISv2p00_LPC11Uxx\Debug\libCMSISv2p00_LPC11Uxx.a(system_LPC11Uxx.o)
 .group         0x00000000        0x8 C:\Users\Yusuke\Documents\LPCXpresso_8.1.4_606\workspace\CMSISv2p00_LPC11Uxx\Debug\libCMSISv2p00_LPC11Uxx.a(system_LPC11Uxx.o)
 .group         0x00000000        0x8 C:\Users\Yusuke\Documents\LPCXpresso_8.1.4_606\workspace\CMSISv2p00_LPC11Uxx\Debug\libCMSISv2p00_LPC11Uxx.a(system_LPC11Uxx.o)
 .group         0x00000000        0x8 C:\Users\Yusuke\Documents\LPCXpresso_8.1.4_606\workspace\CMSISv2p00_LPC11Uxx\Debug\libCMSISv2p00_LPC11Uxx.a(system_LPC11Uxx.o)
 .group         0x00000000        0x8 C:\Users\Yusuke\Documents\LPCXpresso_8.1.4_606\workspace\CMSISv2p00_LPC11Uxx\Debug\libCMSISv2p00_LPC11Uxx.a(system_LPC11Uxx.o)
 .group         0x00000000        0x8 C:\Users\Yusuke\Documents\LPCXpresso_8.1.4_606\workspace\CMSISv2p00_LPC11Uxx\Debug\libCMSISv2p00_LPC11Uxx.a(system_LPC11Uxx.o)
 .group         0x00000000        0x8 C:\Users\Yusuke\Documents\LPCXpresso_8.1.4_606\workspace\CMSISv2p00_LPC11Uxx\Debug\libCMSISv2p00_LPC11Uxx.a(system_LPC11Uxx.o)
 .text          0x00000000        0x0 C:\Users\Yusuke\Documents\LPCXpresso_8.1.4_606\workspace\CMSISv2p00_LPC11Uxx\Debug\libCMSISv2p00_LPC11Uxx.a(system_LPC11Uxx.o)
 .data          0x00000000        0x0 C:\Users\Yusuke\Documents\LPCXpresso_8.1.4_606\workspace\CMSISv2p00_LPC11Uxx\Debug\libCMSISv2p00_LPC11Uxx.a(system_LPC11Uxx.o)
 .bss           0x00000000        0x0 C:\Users\Yusuke\Documents\LPCXpresso_8.1.4_606\workspace\CMSISv2p00_LPC11Uxx\Debug\libCMSISv2p00_LPC11Uxx.a(system_LPC11Uxx.o)
 .debug_macro   0x00000000       0x10 C:\Users\Yusuke\Documents\LPCXpresso_8.1.4_606\workspace\CMSISv2p00_LPC11Uxx\Debug\libCMSISv2p00_LPC11Uxx.a(system_LPC11Uxx.o)
 .debug_macro   0x00000000      0x12d C:\Users\Yusuke\Documents\LPCXpresso_8.1.4_606\workspace\CMSISv2p00_LPC11Uxx\Debug\libCMSISv2p00_LPC11Uxx.a(system_LPC11Uxx.o)
 .debug_macro   0x00000000      0x5b2 C:\Users\Yusuke\Documents\LPCXpresso_8.1.4_606\workspace\CMSISv2p00_LPC11Uxx\Debug\libCMSISv2p00_LPC11Uxx.a(system_LPC11Uxx.o)
 .debug_macro   0x00000000       0x1c C:\Users\Yusuke\Documents\LPCXpresso_8.1.4_606\workspace\CMSISv2p00_LPC11Uxx\Debug\libCMSISv2p00_LPC11Uxx.a(system_LPC11Uxx.o)
 .debug_macro   0x00000000       0x2e C:\Users\Yusuke\Documents\LPCXpresso_8.1.4_606\workspace\CMSISv2p00_LPC11Uxx\Debug\libCMSISv2p00_LPC11Uxx.a(system_LPC11Uxx.o)
 .debug_macro   0x00000000      0x237 C:\Users\Yusuke\Documents\LPCXpresso_8.1.4_606\workspace\CMSISv2p00_LPC11Uxx\Debug\libCMSISv2p00_LPC11Uxx.a(system_LPC11Uxx.o)
 .debug_macro   0x00000000      0x10e C:\Users\Yusuke\Documents\LPCXpresso_8.1.4_606\workspace\CMSISv2p00_LPC11Uxx\Debug\libCMSISv2p00_LPC11Uxx.a(system_LPC11Uxx.o)
 .text          0x00000000        0x0 c:/nxp/lpcxpresso_8.1.4_606/lpcxpresso/tools/bin/../lib/gcc/arm-none-eabi/5.2.1/../../../../arm-none-eabi/lib/armv6-m\libcr_c.a(memset.o)
 .data          0x00000000        0x0 c:/nxp/lpcxpresso_8.1.4_606/lpcxpresso/tools/bin/../lib/gcc/arm-none-eabi/5.2.1/../../../../arm-none-eabi/lib/armv6-m\libcr_c.a(memset.o)
 .bss           0x00000000        0x0 c:/nxp/lpcxpresso_8.1.4_606/lpcxpresso/tools/bin/../lib/gcc/arm-none-eabi/5.2.1/../../../../arm-none-eabi/lib/armv6-m\libcr_c.a(memset.o)
 .text          0x00000000        0x0 c:/nxp/lpcxpresso_8.1.4_606/lpcxpresso/tools/bin/../lib/gcc/arm-none-eabi/5.2.1/../../../../arm-none-eabi/lib/armv6-m\libcr_c.a(__weak__main.o)
 .data          0x00000000        0x0 c:/nxp/lpcxpresso_8.1.4_606/lpcxpresso/tools/bin/../lib/gcc/arm-none-eabi/5.2.1/../../../../arm-none-eabi/lib/armv6-m\libcr_c.a(__weak__main.o)
 .bss           0x00000000        0x0 c:/nxp/lpcxpresso_8.1.4_606/lpcxpresso/tools/bin/../lib/gcc/arm-none-eabi/5.2.1/../../../../arm-none-eabi/lib/armv6-m\libcr_c.a(__weak__main.o)
 .text          0x00000000        0x0 c:/nxp/lpcxpresso_8.1.4_606/lpcxpresso/tools/bin/../lib/gcc/arm-none-eabi/5.2.1/armv6-m\libcr_eabihelpers.a(division_32.o)
 .data          0x00000000        0x0 c:/nxp/lpcxpresso_8.1.4_606/lpcxpresso/tools/bin/../lib/gcc/arm-none-eabi/5.2.1/armv6-m\libcr_eabihelpers.a(division_32.o)
 .bss           0x00000000        0x0 c:/nxp/lpcxpresso_8.1.4_606/lpcxpresso/tools/bin/../lib/gcc/arm-none-eabi/5.2.1/armv6-m\libcr_eabihelpers.a(division_32.o)
 .text          0x00000000        0x0 c:/nxp/lpcxpresso_8.1.4_606/lpcxpresso/tools/bin/../lib/gcc/arm-none-eabi/5.2.1/armv6-m\libcr_eabihelpers.a(division_idiv0.o)
 .data          0x00000000        0x0 c:/nxp/lpcxpresso_8.1.4_606/lpcxpresso/tools/bin/../lib/gcc/arm-none-eabi/5.2.1/armv6-m\libcr_eabihelpers.a(division_idiv0.o)
 .bss           0x00000000        0x0 c:/nxp/lpcxpresso_8.1.4_606/lpcxpresso/tools/bin/../lib/gcc/arm-none-eabi/5.2.1/armv6-m\libcr_eabihelpers.a(division_idiv0.o)
 .text          0x00000000        0x0 c:/nxp/lpcxpresso_8.1.4_606/lpcxpresso/tools/bin/../lib/gcc/arm-none-eabi/5.2.1/armv6-m\libcr_eabihelpers.a(memcpy.o)
 .data          0x00000000        0x0 c:/nxp/lpcxpresso_8.1.4_606/lpcxpresso/tools/bin/../lib/gcc/arm-none-eabi/5.2.1/armv6-m\libcr_eabihelpers.a(memcpy.o)
 .bss           0x00000000        0x0 c:/nxp/lpcxpresso_8.1.4_606/lpcxpresso/tools/bin/../lib/gcc/arm-none-eabi/5.2.1/armv6-m\libcr_eabihelpers.a(memcpy.o)
 .text.__aeabi_memcpy
                0x00000000       0x2c c:/nxp/lpcxpresso_8.1.4_606/lpcxpresso/tools/bin/../lib/gcc/arm-none-eabi/5.2.1/armv6-m\libcr_eabihelpers.a(memcpy.o)
 .text.__aeabi_memmove
                0x00000000       0x1c c:/nxp/lpcxpresso_8.1.4_606/lpcxpresso/tools/bin/../lib/gcc/arm-none-eabi/5.2.1/armv6-m\libcr_eabihelpers.a(memcpy.o)
 .text.__aeabi_memclr
                0x00000000        0x6 c:/nxp/lpcxpresso_8.1.4_606/lpcxpresso/tools/bin/../lib/gcc/arm-none-eabi/5.2.1/armv6-m\libcr_eabihelpers.a(memcpy.o)
 .text.__aeabi_memset
                0x00000000        0x8 c:/nxp/lpcxpresso_8.1.4_606/lpcxpresso/tools/bin/../lib/gcc/arm-none-eabi/5.2.1/armv6-m\libcr_eabihelpers.a(memcpy.o)

Memory Configuration

Name             Origin             Length             Attributes
MFlash64         0x00000000         0x00010000         xr
RamLoc8          0x10000000         0x00002000         xrw
RamUsb2          0x20004000         0x00000800         xrw
SRAM1_2          0x20000000         0x00000800         xrw
*default*        0x00000000         0xffffffff

Linker script and memory map

LOAD ./src/cdc_desc.o
LOAD ./src/cr_startup_lpc11u.o
LOAD ./src/main.o
LOAD C:\Users\Yusuke\Documents\LPCXpresso_8.1.4_606\workspace\CMSISv2p00_LPC11Uxx\Debug\libCMSISv2p00_LPC11Uxx.a
LOAD C:\Users\Yusuke\Documents\LPCXpresso_8.1.4_606\workspace\LPC11Uxx_Driver_Lib\Debug\libLPC11Uxx_Driver_Lib.a
START GROUP
LOAD c:/nxp/lpcxpresso_8.1.4_606/lpcxpresso/tools/bin/../lib/gcc/arm-none-eabi/5.2.1/../../../../arm-none-eabi/lib/armv6-m\libcr_c.a
LOAD c:/nxp/lpcxpresso_8.1.4_606/lpcxpresso/tools/bin/../lib/gcc/arm-none-eabi/5.2.1/armv6-m\libcr_eabihelpers.a
END GROUP
                0x00000000                __base_MFlash64 = 0x0
                0x00000000                __base_Flash = 0x0
                0x00010000                __top_MFlash64 = 0x10000
                0x00010000                __top_Flash = 0x10000
                0x10000000                __base_RamLoc8 = 0x10000000
                0x10000000                __base_RAM = 0x10000000
                0x10002000                __top_RamLoc8 = 0x10002000
                0x10002000                __top_RAM = 0x10002000
                0x20004000                __base_RamUsb2 = 0x20004000
                0x20004000                __base_RAM2 = 0x20004000
                0x20004800                __top_RamUsb2 = 0x20004800
                0x20004800                __top_RAM2 = 0x20004800
                0x20000000                __base_SRAM1_2 = 0x20000000
                0x20000000                __base_RAM3 = 0x20000000
                0x20000800                __top_SRAM1_2 = 0x20000800
                0x20000800                __top_RAM3 = 0x20000800

.text           0x00000000      0xd18
 FILL mask 0xff
                0x00000000                __vectors_start__ = ABSOLUTE (.)
 *(.isr_vector)
 .isr_vector    0x00000000       0xc0 ./src/cr_startup_lpc11u.o
                0x00000000                g_pfnVectors
                0x000000c0                . = ALIGN (0x4)
                0x000000c0                __section_table_start = .
                0x000000c0                __data_section_table = .
                0x000000c0        0x4 LONG 0xd18 LOADADDR (.data)
                0x000000c4        0x4 LONG 0x10000000 ADDR (.data)
                0x000000c8        0x4 LONG 0x4 SIZEOF (.data)
                0x000000cc        0x4 LONG 0xd18 LOADADDR (.data_RAM2)
                0x000000d0        0x4 LONG 0x20004000 ADDR (.data_RAM2)
                0x000000d4        0x4 LONG 0x0 SIZEOF (.data_RAM2)
                0x000000d8        0x4 LONG 0xd18 LOADADDR (.data_RAM3)
                0x000000dc        0x4 LONG 0x20000000 ADDR (.data_RAM3)
                0x000000e0        0x4 LONG 0x0 SIZEOF (.data_RAM3)
                0x000000e4                __data_section_table_end = .
                0x000000e4                __bss_section_table = .
                0x000000e4        0x4 LONG 0x10000004 ADDR (.bss)
                0x000000e8        0x4 LONG 0x2c SIZEOF (.bss)
                0x000000ec        0x4 LONG 0x20004000 ADDR (.bss_RAM2)
                0x000000f0        0x4 LONG 0x0 SIZEOF (.bss_RAM2)
                0x000000f4        0x4 LONG 0x20000000 ADDR (.bss_RAM3)
                0x000000f8        0x4 LONG 0x0 SIZEOF (.bss_RAM3)
                0x000000fc                __bss_section_table_end = .
                0x000000fc                __section_table_end = .
 *(.after_vectors*)
 .after_vectors
                0x000000fc       0x70 ./src/cr_startup_lpc11u.o
                0x000000fc                NMI_Handler
                0x000000fe                HardFault_Handler
                0x00000100                SVC_Handler
                0x00000102                PendSV_Handler
                0x00000104                SysTick_Handler
                0x00000106                TIMER32_0_IRQHandler
                0x00000106                FLEX_INT7_IRQHandler
                0x00000106                FMC_IRQHandler
                0x00000106                TIMER32_1_IRQHandler
                0x00000106                FLEX_INT1_IRQHandler
                0x00000106                IntDefaultHandler
                0x00000106                SSP0_IRQHandler
                0x00000106                USBWakeup_IRQHandler
                0x00000106                FLEX_INT6_IRQHandler
                0x00000106                FLEX_INT0_IRQHandler
                0x00000106                FLEX_INT2_IRQHandler
                0x00000106                TIMER16_1_IRQHandler
                0x00000106                USB_FIQHandler
                0x00000106                FLEX_INT5_IRQHandler
                0x00000106                ADC_IRQHandler
                0x00000106                SSP1_IRQHandler
                0x00000106                FLEX_INT3_IRQHandler
                0x00000106                BOD_IRQHandler
                0x00000106                I2C_IRQHandler
                0x00000106                WDT_IRQHandler
                0x00000106                TIMER16_0_IRQHandler
                0x00000106                GINT0_IRQHandler
                0x00000106                FLEX_INT4_IRQHandler
                0x00000106                GINT1_IRQHandler
                0x00000108                data_init
                0x0000011a                bss_init
                0x0000012a                ResetISR
 *(.text*)
 .text.NVIC_EnableIRQ
                0x0000016c       0x2c ./src/main.o
 .text.USB_pin_clk_init
                0x00000198       0x68 ./src/main.o
                0x00000198                USB_pin_clk_init
 .text.VCOM_usb_send
                0x00000200       0x40 ./src/main.o
                0x00000200                VCOM_usb_send
 .text.init_uart1_bridge
                0x00000240      0x1a0 ./src/main.o
                0x00000240                init_uart1_bridge
 .text.uart_write
                0x000003e0       0xc4 ./src/main.o
 .text.uart_read
                0x000004a4       0x64 ./src/main.o
 .text.VCOM_uart_send
                0x00000508       0x18 ./src/main.o
                0x00000508                VCOM_uart_send
 .text.UART_IRQHandler
                0x00000520      0x104 ./src/main.o
                0x00000520                UART_IRQHandler
 .text.VCOM_SetLineCode
                0x00000624       0x3c ./src/main.o
                0x00000624                VCOM_SetLineCode
 .text.VCOM_sof_event
                0x00000660       0x9c ./src/main.o
                0x00000660                VCOM_sof_event
 .text.VCOM_SendBreak
                0x000006fc       0x6c ./src/main.o
                0x000006fc                VCOM_SendBreak
 .text.VCOM_bulk_in_hdlr
                0x00000768       0x18 ./src/main.o
                0x00000768                VCOM_bulk_in_hdlr
 .text.VCOM_bulk_out_hdlr
                0x00000780       0x60 ./src/main.o
                0x00000780                VCOM_bulk_out_hdlr
 .text.USB_IRQHandler
                0x000007e0       0x24 ./src/main.o
                0x000007e0                USB_IRQHandler
 .text.main     0x00000804      0x230 ./src/main.o
                0x00000804                main
 .text.SystemCoreClockUpdate
                0x00000a34       0xa0 C:\Users\Yusuke\Documents\LPCXpresso_8.1.4_606\workspace\CMSISv2p00_LPC11Uxx\Debug\libCMSISv2p00_LPC11Uxx.a(system_LPC11Uxx.o)
                0x00000a34                SystemCoreClockUpdate
 .text.SystemInit
                0x00000ad4       0xd4 C:\Users\Yusuke\Documents\LPCXpresso_8.1.4_606\workspace\CMSISv2p00_LPC11Uxx\Debug\libCMSISv2p00_LPC11Uxx.a(system_LPC11Uxx.o)
                0x00000ad4                SystemInit
 .text.memset   0x00000ba8        0x8 c:/nxp/lpcxpresso_8.1.4_606/lpcxpresso/tools/bin/../lib/gcc/arm-none-eabi/5.2.1/../../../../arm-none-eabi/lib/armv6-m\libcr_c.a(memset.o)
                0x00000ba8                memset
 .text.__weak_main
                0x00000bb0        0x8 c:/nxp/lpcxpresso_8.1.4_606/lpcxpresso/tools/bin/../lib/gcc/arm-none-eabi/5.2.1/../../../../arm-none-eabi/lib/armv6-m\libcr_c.a(__weak__main.o)
                0x00000bb0                __weak_main
                0x00000bb0                __main
 .text.__aeabi_division_idivmod
                0x00000bb8       0x78 c:/nxp/lpcxpresso_8.1.4_606/lpcxpresso/tools/bin/../lib/gcc/arm-none-eabi/5.2.1/armv6-m\libcr_eabihelpers.a(division_32.o)
                0x00000bb8                __aeabi_idivmod
                0x00000bb8                __aeabi_idiv
                0x00000bbe                __aeabi_uidivmod
                0x00000bbe                __aeabi_uidiv
 .text.__aeabi_division_idiv0
                0x00000c30        0x2 c:/nxp/lpcxpresso_8.1.4_606/lpcxpresso/tools/bin/../lib/gcc/arm-none-eabi/5.2.1/armv6-m\libcr_eabihelpers.a(division_idiv0.o)
                0x00000c30                __aeabi_idiv0
 .text.__aeabi_memset_lowlevel
                0x00000c32       0x2a c:/nxp/lpcxpresso_8.1.4_606/lpcxpresso/tools/bin/../lib/gcc/arm-none-eabi/5.2.1/armv6-m\libcr_eabihelpers.a(memcpy.o)
                0x00000c32                __aeabi_lowlevel_memset
 *(.rodata .rodata.* .constdata .constdata.*)
 .rodata.VCOM_DeviceDescriptor
                0x00000c5c       0x12 ./src/cdc_desc.o
                0x00000c5c                VCOM_DeviceDescriptor
 *fill*         0x00000c6e        0x2 ff
 .rodata.VCOM_ConfigDescriptor
                0x00000c70       0x44 ./src/cdc_desc.o
                0x00000c70                VCOM_ConfigDescriptor
 .rodata.VCOM_StringDescriptor
                0x00000cb4       0x28 ./src/cdc_desc.o
                0x00000cb4                VCOM_StringDescriptor
 .rodata.CSWTCH.9
                0x00000cdc       0x3c C:\Users\Yusuke\Documents\LPCXpresso_8.1.4_606\workspace\CMSISv2p00_LPC11Uxx\Debug\libCMSISv2p00_LPC11Uxx.a(system_LPC11Uxx.o)
                0x00000d18                . = ALIGN (0x4)

.glue_7         0x00000d18        0x0
 .glue_7        0x00000d18        0x0 linker stubs

.glue_7t        0x00000d18        0x0
 .glue_7t       0x00000d18        0x0 linker stubs

.vfp11_veneer   0x00000d18        0x0
 .vfp11_veneer  0x00000d18        0x0 linker stubs

.v4_bx          0x00000d18        0x0
 .v4_bx         0x00000d18        0x0 linker stubs

.iplt           0x00000d18        0x0
 .iplt          0x00000d18        0x0 ./src/cdc_desc.o

.rel.dyn        0x00000d18        0x0
 .rel.iplt      0x00000d18        0x0 ./src/cdc_desc.o

.ARM.extab
 *(.ARM.extab* .gnu.linkonce.armextab.*)
                0x00000d18                __exidx_start = .

.ARM.exidx
 *(.ARM.exidx* .gnu.linkonce.armexidx.*)
                0x00000d18                __exidx_end = .
                0x00000d18                _etext = .

.data_RAM2      0x20004000        0x0 load address 0x00000d18
 FILL mask 0xff
                [!provide]                PROVIDE (__start_data_RAM2, .)
 *(.ramfunc.$RAM2)
 *(.ramfunc.$RamUsb2)
 *(.data.$RAM2*)
 *(.data.$RamUsb2*)
                0x20004000                . = ALIGN (0x4)
                [!provide]                PROVIDE (__end_data_RAM2, .)

.data_RAM3      0x20000000        0x0 load address 0x00000d18
 FILL mask 0xff
                [!provide]                PROVIDE (__start_data_RAM3, .)
 *(.ramfunc.$RAM3)
 *(.ramfunc.$SRAM1_2)
 *(.data.$RAM3*)
 *(.data.$SRAM1_2*)
                0x20000000                . = ALIGN (0x4)
                [!provide]                PROVIDE (__end_data_RAM3, .)

.uninit_RESERVED
                0x10000000        0x0
 *(.bss.$RESERVED*)
                0x10000000                . = ALIGN (0x4)
                0x10000000                _end_uninit_RESERVED = .

.data           0x10000000        0x4 load address 0x00000d18
 FILL mask 0xff
                0x10000000                _data = .
 *(vtable)
 *(.ramfunc*)
 *(.data*)
 .data.SystemCoreClock
                0x10000000        0x4 C:\Users\Yusuke\Documents\LPCXpresso_8.1.4_606\workspace\CMSISv2p00_LPC11Uxx\Debug\libCMSISv2p00_LPC11Uxx.a(system_LPC11Uxx.o)
                0x10000000                SystemCoreClock
                0x10000004                . = ALIGN (0x4)
                0x10000004                _edata = .

.igot.plt       0x10000004        0x0 load address 0x00000d1c
 .igot.plt      0x10000004        0x0 ./src/cdc_desc.o

.bss_RAM2       0x20004000        0x0
                [!provide]                PROVIDE (__start_bss_RAM2, .)
 *(.bss.$RAM2*)
 *(.bss.$RamUsb2*)
                0x20004000                . = ALIGN ((. != 0x0)?0x4:0x1)
                [!provide]                PROVIDE (__end_bss_RAM2, .)

.bss_RAM3       0x20000000        0x0
                [!provide]                PROVIDE (__start_bss_RAM3, .)
 *(.bss.$RAM3*)
 *(.bss.$SRAM1_2*)
                0x20000000                . = ALIGN ((. != 0x0)?0x4:0x1)
                [!provide]                PROVIDE (__end_bss_RAM3, .)

.bss            0x10000004       0x2c
                0x10000004                _bss = .
 *(.bss*)
 *(COMMON)
 COMMON         0x10000004       0x2c ./src/main.o
                0x10000004                g_vCOM
                0x1000002c                pUsbApi
                0x10000030                . = ALIGN (0x4)
                0x10000030                _ebss = .
                [!provide]                PROVIDE (end, .)

.noinit_RAM2    0x20004000        0x0
 *(.noinit.$RAM2*)
 *(.noinit.$RamUsb2*)
                0x20004000                . = ALIGN (0x4)

.noinit_RAM3    0x20000000        0x0
 *(.noinit.$RAM3*)
 *(.noinit.$SRAM1_2*)
                0x20000000                . = ALIGN (0x4)

.noinit         0x10000030        0x0
                0x10000030                _noinit = .
 *(.noinit*)
                0x10000030                . = ALIGN (0x4)
                0x10000030                _end_noinit = .
                [!provide]                PROVIDE (_pvHeapStart, DEFINED (__user_heap_base)?__user_heap_base:.)
                0x10002000                PROVIDE (_vStackTop, DEFINED (__user_stack_top)?__user_stack_top:(__top_RamLoc8 - 0x0))
                [!provide]                PROVIDE (__valid_user_code_checksum, (0x0 - (((_vStackTop + (ResetISR + 0x1)) + (DEFINED (NMI_Handler)?NMI_Handler:M0_NMI_Handler + 0x1)) + (DEFINED (HardFault_Handler)?HardFault_Handler:M0_HardFault_Handler + 0x1))))
OUTPUT(USB_ROM_CDC.axf elf32-littlearm)

.debug_info     0x00000000     0x2c0e
 .debug_info    0x00000000       0xec ./src/cdc_desc.o
 .debug_info    0x000000ec      0x280 ./src/cr_startup_lpc11u.o
 .debug_info    0x0000036c     0x2361 ./src/main.o
 .debug_info    0x000026cd      0x541 C:\Users\Yusuke\Documents\LPCXpresso_8.1.4_606\workspace\CMSISv2p00_LPC11Uxx\Debug\libCMSISv2p00_LPC11Uxx.a(system_LPC11Uxx.o)

.debug_abbrev   0x00000000      0x5ae
 .debug_abbrev  0x00000000       0x60 ./src/cdc_desc.o
 .debug_abbrev  0x00000060      0x11f ./src/cr_startup_lpc11u.o
 .debug_abbrev  0x0000017f      0x31c ./src/main.o
 .debug_abbrev  0x0000049b      0x113 C:\Users\Yusuke\Documents\LPCXpresso_8.1.4_606\workspace\CMSISv2p00_LPC11Uxx\Debug\libCMSISv2p00_LPC11Uxx.a(system_LPC11Uxx.o)

.debug_aranges  0x00000000      0x130
 .debug_aranges
                0x00000000       0x18 ./src/cdc_desc.o
 .debug_aranges
                0x00000018       0x60 ./src/cr_startup_lpc11u.o
 .debug_aranges
                0x00000078       0x90 ./src/main.o
 .debug_aranges
                0x00000108       0x28 C:\Users\Yusuke\Documents\LPCXpresso_8.1.4_606\workspace\CMSISv2p00_LPC11Uxx\Debug\libCMSISv2p00_LPC11Uxx.a(system_LPC11Uxx.o)

.debug_macro    0x00000000     0x381f
 .debug_macro   0x00000000       0xfc ./src/cdc_desc.o
 .debug_macro   0x000000fc      0x838 ./src/cdc_desc.o
 .debug_macro   0x00000934       0x10 ./src/cdc_desc.o
 .debug_macro   0x00000944      0x12d ./src/cdc_desc.o
 .debug_macro   0x00000a71      0x5b2 ./src/cdc_desc.o
 .debug_macro   0x00001023      0x227 ./src/cdc_desc.o
 .debug_macro   0x0000124a       0x18 ./src/cdc_desc.o
 .debug_macro   0x00001262       0x58 ./src/cdc_desc.o
 .debug_macro   0x000012ba       0x12 ./src/cdc_desc.o
 .debug_macro   0x000012cc       0x46 ./src/cdc_desc.o
 .debug_macro   0x00001312       0xfa ./src/cdc_desc.o
 .debug_macro   0x0000140c       0xee ./src/cdc_desc.o
 .debug_macro   0x000014fa      0x68c ./src/cdc_desc.o
 .debug_macro   0x00001b86      0x272 ./src/cdc_desc.o
 .debug_macro   0x00001df8       0x10 ./src/cdc_desc.o
 .debug_macro   0x00001e08       0x82 ./src/cr_startup_lpc11u.o
 .debug_macro   0x00001e8a      0x83e ./src/cr_startup_lpc11u.o
 .debug_macro   0x000026c8       0x1c ./src/cr_startup_lpc11u.o
 .debug_macro   0x000026e4       0x2e ./src/cr_startup_lpc11u.o
 .debug_macro   0x00002712      0x237 ./src/cr_startup_lpc11u.o
 .debug_macro   0x00002949      0x10e ./src/cr_startup_lpc11u.o
 .debug_macro   0x00002a57      0x1c6 ./src/main.o
 .debug_macro   0x00002c1d       0x1c ./src/main.o
 .debug_macro   0x00002c39      0x22d ./src/main.o
 .debug_macro   0x00002e66       0x6a ./src/main.o
 .debug_macro   0x00002ed0      0x117 C:\Users\Yusuke\Documents\LPCXpresso_8.1.4_606\workspace\CMSISv2p00_LPC11Uxx\Debug\libCMSISv2p00_LPC11Uxx.a(system_LPC11Uxx.o)
 .debug_macro   0x00002fe7      0x838 C:\Users\Yusuke\Documents\LPCXpresso_8.1.4_606\workspace\CMSISv2p00_LPC11Uxx\Debug\libCMSISv2p00_LPC11Uxx.a(system_LPC11Uxx.o)

.debug_line     0x00000000      0xb61
 .debug_line    0x00000000      0x250 ./src/cdc_desc.o
 .debug_line    0x00000250      0x1ed ./src/cr_startup_lpc11u.o
 .debug_line    0x0000043d      0x53c ./src/main.o
 .debug_line    0x00000979      0x1e8 C:\Users\Yusuke\Documents\LPCXpresso_8.1.4_606\workspace\CMSISv2p00_LPC11Uxx\Debug\libCMSISv2p00_LPC11Uxx.a(system_LPC11Uxx.o)

.debug_str      0x00000000     0xae54
 .debug_str     0x00000000     0x788a ./src/cdc_desc.o
                               0x7903 (size before relaxing)
 .debug_str     0x0000788a     0x1665 ./src/cr_startup_lpc11u.o
                               0x508b (size before relaxing)
 .debug_str     0x00008eef     0x1b54 ./src/main.o
                               0xa90a (size before relaxing)
 .debug_str     0x0000aa43      0x411 C:\Users\Yusuke\Documents\LPCXpresso_8.1.4_606\workspace\CMSISv2p00_LPC11Uxx\Debug\libCMSISv2p00_LPC11Uxx.a(system_LPC11Uxx.o)
                               0x547d (size before relaxing)

.comment        0x00000000       0x6e
 .comment       0x00000000       0x6e ./src/cdc_desc.o
                                 0x6f (size before relaxing)
 .comment       0x0000006e       0x6f ./src/cr_startup_lpc11u.o
 .comment       0x0000006e       0x6f ./src/main.o
 .comment       0x0000006e       0x6f C:\Users\Yusuke\Documents\LPCXpresso_8.1.4_606\workspace\CMSISv2p00_LPC11Uxx\Debug\libCMSISv2p00_LPC11Uxx.a(system_LPC11Uxx.o)
 .comment       0x0000006e       0x6f c:/nxp/lpcxpresso_8.1.4_606/lpcxpresso/tools/bin/../lib/gcc/arm-none-eabi/5.2.1/../../../../arm-none-eabi/lib/armv6-m\libcr_c.a(memset.o)
 .comment       0x0000006e       0x6f c:/nxp/lpcxpresso_8.1.4_606/lpcxpresso/tools/bin/../lib/gcc/arm-none-eabi/5.2.1/../../../../arm-none-eabi/lib/armv6-m\libcr_c.a(__weak__main.o)

.ARM.attributes
                0x00000000       0x2f
 .ARM.attributes
                0x00000000       0x31 ./src/cdc_desc.o
 .ARM.attributes
                0x00000031       0x31 ./src/cr_startup_lpc11u.o
 .ARM.attributes
                0x00000062       0x31 ./src/main.o
 .ARM.attributes
                0x00000093       0x31 C:\Users\Yusuke\Documents\LPCXpresso_8.1.4_606\workspace\CMSISv2p00_LPC11Uxx\Debug\libCMSISv2p00_LPC11Uxx.a(system_LPC11Uxx.o)
 .ARM.attributes
                0x000000c4       0x31 c:/nxp/lpcxpresso_8.1.4_606/lpcxpresso/tools/bin/../lib/gcc/arm-none-eabi/5.2.1/../../../../arm-none-eabi/lib/armv6-m\libcr_c.a(memset.o)
 .ARM.attributes
                0x000000f5       0x31 c:/nxp/lpcxpresso_8.1.4_606/lpcxpresso/tools/bin/../lib/gcc/arm-none-eabi/5.2.1/../../../../arm-none-eabi/lib/armv6-m\libcr_c.a(__weak__main.o)
 .ARM.attributes
                0x00000126       0x21 c:/nxp/lpcxpresso_8.1.4_606/lpcxpresso/tools/bin/../lib/gcc/arm-none-eabi/5.2.1/armv6-m\libcr_eabihelpers.a(division_32.o)
 .ARM.attributes
                0x00000147       0x21 c:/nxp/lpcxpresso_8.1.4_606/lpcxpresso/tools/bin/../lib/gcc/arm-none-eabi/5.2.1/armv6-m\libcr_eabihelpers.a(division_idiv0.o)
 .ARM.attributes
                0x00000168       0x21 c:/nxp/lpcxpresso_8.1.4_606/lpcxpresso/tools/bin/../lib/gcc/arm-none-eabi/5.2.1/armv6-m\libcr_eabihelpers.a(memcpy.o)

.debug_loc      0x00000000      0x22d
 .debug_loc     0x00000000      0x1d4 ./src/cr_startup_lpc11u.o
 .debug_loc     0x000001d4       0x59 C:\Users\Yusuke\Documents\LPCXpresso_8.1.4_606\workspace\CMSISv2p00_LPC11Uxx\Debug\libCMSISv2p00_LPC11Uxx.a(system_LPC11Uxx.o)

.debug_ranges   0x00000000       0xe8
 .debug_ranges  0x00000000       0x50 ./src/cr_startup_lpc11u.o
 .debug_ranges  0x00000050       0x80 ./src/main.o
 .debug_ranges  0x000000d0       0x18 C:\Users\Yusuke\Documents\LPCXpresso_8.1.4_606\workspace\CMSISv2p00_LPC11Uxx\Debug\libCMSISv2p00_LPC11Uxx.a(system_LPC11Uxx.o)

.debug_frame    0x00000000      0x2e4
 .debug_frame   0x00000000       0xb0 ./src/cr_startup_lpc11u.o
 .debug_frame   0x000000b0      0x1e8 ./src/main.o
 .debug_frame   0x00000298       0x4c C:\Users\Yusuke\Documents\LPCXpresso_8.1.4_606\workspace\CMSISv2p00_LPC11Uxx\Debug\libCMSISv2p00_LPC11Uxx.a(system_LPC11Uxx.o)
