Archive member included to satisfy reference by file (symbol)

C:\Users\Yusuke\Documents\LPCXpresso_8.1.4_606\workspace\CMSISv2p00_LPC11Uxx\Debug\libCMSISv2p00_LPC11Uxx.a(system_LPC11Uxx.o)
                              ./src/main.o (SystemCoreClockUpdate)
C:\Users\Yusuke\Documents\LPCXpresso_8.1.4_606\workspace\LPC11Uxx_Driver_Lib\Debug\libLPC11Uxx_Driver_Lib.a(uart.o)
                              ./src/main.o (UARTInit)
c:/nxp/lpcxpresso_8.1.4_606/lpcxpresso/tools/bin/../lib/gcc/arm-none-eabi/5.2.1/../../../../arm-none-eabi/lib/armv6-m\libcr_c.a(memset.o)
                              ./src/lpc11uxx_usbd_hid.o (memset)
c:/nxp/lpcxpresso_8.1.4_606/lpcxpresso/tools/bin/../lib/gcc/arm-none-eabi/5.2.1/../../../../arm-none-eabi/lib/armv6-m\libcr_c.a(__weak__main.o)
                              ./src/cr_startup_lpc11u.o (__main)
c:/nxp/lpcxpresso_8.1.4_606/lpcxpresso/tools/bin/../lib/gcc/arm-none-eabi/5.2.1/armv6-m\libcr_eabihelpers.a(division_32.o)
                              C:\Users\Yusuke\Documents\LPCXpresso_8.1.4_606\workspace\CMSISv2p00_LPC11Uxx\Debug\libCMSISv2p00_LPC11Uxx.a(system_LPC11Uxx.o) (__aeabi_uidiv)
c:/nxp/lpcxpresso_8.1.4_606/lpcxpresso/tools/bin/../lib/gcc/arm-none-eabi/5.2.1/armv6-m\libcr_eabihelpers.a(division_idiv0.o)
                              c:/nxp/lpcxpresso_8.1.4_606/lpcxpresso/tools/bin/../lib/gcc/arm-none-eabi/5.2.1/armv6-m\libcr_eabihelpers.a(division_32.o) (__aeabi_idiv0)
c:/nxp/lpcxpresso_8.1.4_606/lpcxpresso/tools/bin/../lib/gcc/arm-none-eabi/5.2.1/armv6-m\libcr_eabihelpers.a(memcpy.o)
                              c:/nxp/lpcxpresso_8.1.4_606/lpcxpresso/tools/bin/../lib/gcc/arm-none-eabi/5.2.1/../../../../arm-none-eabi/lib/armv6-m\libcr_c.a(memset.o) (__aeabi_lowlevel_memset)

Allocating common symbols
Common symbol       size              file

UARTBuffer          0x40              C:\Users\Yusuke\Documents\LPCXpresso_8.1.4_606\workspace\LPC11Uxx_Driver_Lib\Debug\libLPC11Uxx_Driver_Lib.a(uart.o)
pUsbApi             0x4               ./src/main.o
UARTStatus          0x4               C:\Users\Yusuke\Documents\LPCXpresso_8.1.4_606\workspace\LPC11Uxx_Driver_Lib\Debug\libLPC11Uxx_Driver_Lib.a(uart.o)

Discarded input sections

 .group         0x00000000        0x8 ./src/cr_startup_lpc11u.o
 .group         0x00000000        0x8 ./src/cr_startup_lpc11u.o
 .group         0x00000000        0x8 ./src/cr_startup_lpc11u.o
 .group         0x00000000        0x8 ./src/cr_startup_lpc11u.o
 .group         0x00000000        0x8 ./src/cr_startup_lpc11u.o
 .group         0x00000000        0x8 ./src/cr_startup_lpc11u.o
 .group         0x00000000        0x8 ./src/cr_startup_lpc11u.o
 .group         0x00000000        0x8 ./src/cr_startup_lpc11u.o
 .text          0x00000000        0x0 ./src/cr_startup_lpc11u.o
 .data          0x00000000        0x0 ./src/cr_startup_lpc11u.o
 .bss           0x00000000        0x0 ./src/cr_startup_lpc11u.o
 .group         0x00000000        0x8 ./src/hid_lpc11uxx_usbdesc.o
 .group         0x00000000        0x8 ./src/hid_lpc11uxx_usbdesc.o
 .group         0x00000000        0x8 ./src/hid_lpc11uxx_usbdesc.o
 .group         0x00000000        0x8 ./src/hid_lpc11uxx_usbdesc.o
 .group         0x00000000        0x8 ./src/hid_lpc11uxx_usbdesc.o
 .group         0x00000000        0x8 ./src/hid_lpc11uxx_usbdesc.o
 .group         0x00000000        0x8 ./src/hid_lpc11uxx_usbdesc.o
 .group         0x00000000        0x8 ./src/hid_lpc11uxx_usbdesc.o
 .group         0x00000000        0x8 ./src/hid_lpc11uxx_usbdesc.o
 .group         0x00000000        0x8 ./src/hid_lpc11uxx_usbdesc.o
 .group         0x00000000        0x8 ./src/hid_lpc11uxx_usbdesc.o
 .group         0x00000000        0x8 ./src/hid_lpc11uxx_usbdesc.o
 .group         0x00000000        0x8 ./src/hid_lpc11uxx_usbdesc.o
 .group         0x00000000        0x8 ./src/hid_lpc11uxx_usbdesc.o
 .text          0x00000000        0x0 ./src/hid_lpc11uxx_usbdesc.o
 .data          0x00000000        0x0 ./src/hid_lpc11uxx_usbdesc.o
 .bss           0x00000000        0x0 ./src/hid_lpc11uxx_usbdesc.o
 .debug_macro   0x00000000      0x838 ./src/hid_lpc11uxx_usbdesc.o
 .debug_macro   0x00000000       0x10 ./src/hid_lpc11uxx_usbdesc.o
 .debug_macro   0x00000000      0x12d ./src/hid_lpc11uxx_usbdesc.o
 .debug_macro   0x00000000      0x5b2 ./src/hid_lpc11uxx_usbdesc.o
 .group         0x00000000        0x8 ./src/lpc11uxx_usbd_hid.o
 .group         0x00000000        0x8 ./src/lpc11uxx_usbd_hid.o
 .group         0x00000000        0x8 ./src/lpc11uxx_usbd_hid.o
 .group         0x00000000        0x8 ./src/lpc11uxx_usbd_hid.o
 .group         0x00000000        0x8 ./src/lpc11uxx_usbd_hid.o
 .group         0x00000000        0x8 ./src/lpc11uxx_usbd_hid.o
 .group         0x00000000        0x8 ./src/lpc11uxx_usbd_hid.o
 .group         0x00000000        0x8 ./src/lpc11uxx_usbd_hid.o
 .group         0x00000000        0x8 ./src/lpc11uxx_usbd_hid.o
 .group         0x00000000        0x8 ./src/lpc11uxx_usbd_hid.o
 .group         0x00000000        0x8 ./src/lpc11uxx_usbd_hid.o
 .group         0x00000000        0x8 ./src/lpc11uxx_usbd_hid.o
 .group         0x00000000        0x8 ./src/lpc11uxx_usbd_hid.o
 .group         0x00000000        0x8 ./src/lpc11uxx_usbd_hid.o
 .text          0x00000000        0x0 ./src/lpc11uxx_usbd_hid.o
 .data          0x00000000        0x0 ./src/lpc11uxx_usbd_hid.o
 .bss           0x00000000        0x0 ./src/lpc11uxx_usbd_hid.o
 .debug_macro   0x00000000      0x838 ./src/lpc11uxx_usbd_hid.o
 .debug_macro   0x00000000       0x10 ./src/lpc11uxx_usbd_hid.o
 .debug_macro   0x00000000      0x12d ./src/lpc11uxx_usbd_hid.o
 .debug_macro   0x00000000      0x5b2 ./src/lpc11uxx_usbd_hid.o
 .debug_macro   0x00000000       0x18 ./src/lpc11uxx_usbd_hid.o
 .debug_macro   0x00000000       0x3a ./src/lpc11uxx_usbd_hid.o
 .debug_macro   0x00000000       0x12 ./src/lpc11uxx_usbd_hid.o
 .debug_macro   0x00000000       0x46 ./src/lpc11uxx_usbd_hid.o
 .debug_macro   0x00000000       0xfa ./src/lpc11uxx_usbd_hid.o
 .debug_macro   0x00000000       0xee ./src/lpc11uxx_usbd_hid.o
 .debug_macro   0x00000000      0x68c ./src/lpc11uxx_usbd_hid.o
 .debug_macro   0x00000000      0x272 ./src/lpc11uxx_usbd_hid.o
 .debug_macro   0x00000000       0x10 ./src/lpc11uxx_usbd_hid.o
 .group         0x00000000        0x8 ./src/main.o
 .group         0x00000000        0x8 ./src/main.o
 .group         0x00000000        0x8 ./src/main.o
 .group         0x00000000        0x8 ./src/main.o
 .group         0x00000000        0x8 ./src/main.o
 .group         0x00000000        0x8 ./src/main.o
 .group         0x00000000        0x8 ./src/main.o
 .group         0x00000000        0x8 ./src/main.o
 .group         0x00000000        0x8 ./src/main.o
 .group         0x00000000        0x8 ./src/main.o
 .group         0x00000000        0x8 ./src/main.o
 .group         0x00000000        0x8 ./src/main.o
 .group         0x00000000        0x8 ./src/main.o
 .group         0x00000000        0x8 ./src/main.o
 .group         0x00000000        0x8 ./src/main.o
 .group         0x00000000        0x8 ./src/main.o
 .group         0x00000000        0x8 ./src/main.o
 .group         0x00000000        0x8 ./src/main.o
 .group         0x00000000        0x8 ./src/main.o
 .group         0x00000000        0x8 ./src/main.o
 .text          0x00000000        0x0 ./src/main.o
 .data          0x00000000        0x0 ./src/main.o
 .bss           0x00000000        0x0 ./src/main.o
 .debug_macro   0x00000000      0x838 ./src/main.o
 .debug_macro   0x00000000       0x10 ./src/main.o
 .debug_macro   0x00000000      0x12d ./src/main.o
 .debug_macro   0x00000000       0x1c ./src/main.o
 .debug_macro   0x00000000       0x2e ./src/main.o
 .debug_macro   0x00000000      0x5b2 ./src/main.o
 .debug_macro   0x00000000      0x237 ./src/main.o
 .debug_macro   0x00000000      0x10e ./src/main.o
 .debug_macro   0x00000000       0x18 ./src/main.o
 .debug_macro   0x00000000      0x22d ./src/main.o
 .debug_macro   0x00000000       0x3a ./src/main.o
 .debug_macro   0x00000000       0x12 ./src/main.o
 .debug_macro   0x00000000       0x46 ./src/main.o
 .debug_macro   0x00000000       0xfa ./src/main.o
 .debug_macro   0x00000000       0xee ./src/main.o
 .debug_macro   0x00000000      0x68c ./src/main.o
 .debug_macro   0x00000000      0x272 ./src/main.o
 .debug_macro   0x00000000       0x10 ./src/main.o
 .group         0x00000000        0x8 C:\Users\Yusuke\Documents\LPCXpresso_8.1.4_606\workspace\CMSISv2p00_LPC11Uxx\Debug\libCMSISv2p00_LPC11Uxx.a(system_LPC11Uxx.o)
 .group         0x00000000        0x8 C:\Users\Yusuke\Documents\LPCXpresso_8.1.4_606\workspace\CMSISv2p00_LPC11Uxx\Debug\libCMSISv2p00_LPC11Uxx.a(system_LPC11Uxx.o)
 .group         0x00000000        0x8 C:\Users\Yusuke\Documents\LPCXpresso_8.1.4_606\workspace\CMSISv2p00_LPC11Uxx\Debug\libCMSISv2p00_LPC11Uxx.a(system_LPC11Uxx.o)
 .group         0x00000000        0x8 C:\Users\Yusuke\Documents\LPCXpresso_8.1.4_606\workspace\CMSISv2p00_LPC11Uxx\Debug\libCMSISv2p00_LPC11Uxx.a(system_LPC11Uxx.o)
 .group         0x00000000        0x8 C:\Users\Yusuke\Documents\LPCXpresso_8.1.4_606\workspace\CMSISv2p00_LPC11Uxx\Debug\libCMSISv2p00_LPC11Uxx.a(system_LPC11Uxx.o)
 .group         0x00000000        0x8 C:\Users\Yusuke\Documents\LPCXpresso_8.1.4_606\workspace\CMSISv2p00_LPC11Uxx\Debug\libCMSISv2p00_LPC11Uxx.a(system_LPC11Uxx.o)
 .group         0x00000000        0x8 C:\Users\Yusuke\Documents\LPCXpresso_8.1.4_606\workspace\CMSISv2p00_LPC11Uxx\Debug\libCMSISv2p00_LPC11Uxx.a(system_LPC11Uxx.o)
 .group         0x00000000        0x8 C:\Users\Yusuke\Documents\LPCXpresso_8.1.4_606\workspace\CMSISv2p00_LPC11Uxx\Debug\libCMSISv2p00_LPC11Uxx.a(system_LPC11Uxx.o)
 .text          0x00000000        0x0 C:\Users\Yusuke\Documents\LPCXpresso_8.1.4_606\workspace\CMSISv2p00_LPC11Uxx\Debug\libCMSISv2p00_LPC11Uxx.a(system_LPC11Uxx.o)
 .data          0x00000000        0x0 C:\Users\Yusuke\Documents\LPCXpresso_8.1.4_606\workspace\CMSISv2p00_LPC11Uxx\Debug\libCMSISv2p00_LPC11Uxx.a(system_LPC11Uxx.o)
 .bss           0x00000000        0x0 C:\Users\Yusuke\Documents\LPCXpresso_8.1.4_606\workspace\CMSISv2p00_LPC11Uxx\Debug\libCMSISv2p00_LPC11Uxx.a(system_LPC11Uxx.o)
 .debug_macro   0x00000000       0x10 C:\Users\Yusuke\Documents\LPCXpresso_8.1.4_606\workspace\CMSISv2p00_LPC11Uxx\Debug\libCMSISv2p00_LPC11Uxx.a(system_LPC11Uxx.o)
 .debug_macro   0x00000000      0x12d C:\Users\Yusuke\Documents\LPCXpresso_8.1.4_606\workspace\CMSISv2p00_LPC11Uxx\Debug\libCMSISv2p00_LPC11Uxx.a(system_LPC11Uxx.o)
 .debug_macro   0x00000000      0x5b2 C:\Users\Yusuke\Documents\LPCXpresso_8.1.4_606\workspace\CMSISv2p00_LPC11Uxx\Debug\libCMSISv2p00_LPC11Uxx.a(system_LPC11Uxx.o)
 .debug_macro   0x00000000       0x1c C:\Users\Yusuke\Documents\LPCXpresso_8.1.4_606\workspace\CMSISv2p00_LPC11Uxx\Debug\libCMSISv2p00_LPC11Uxx.a(system_LPC11Uxx.o)
 .debug_macro   0x00000000       0x2e C:\Users\Yusuke\Documents\LPCXpresso_8.1.4_606\workspace\CMSISv2p00_LPC11Uxx\Debug\libCMSISv2p00_LPC11Uxx.a(system_LPC11Uxx.o)
 .debug_macro   0x00000000      0x237 C:\Users\Yusuke\Documents\LPCXpresso_8.1.4_606\workspace\CMSISv2p00_LPC11Uxx\Debug\libCMSISv2p00_LPC11Uxx.a(system_LPC11Uxx.o)
 .debug_macro   0x00000000      0x10e C:\Users\Yusuke\Documents\LPCXpresso_8.1.4_606\workspace\CMSISv2p00_LPC11Uxx\Debug\libCMSISv2p00_LPC11Uxx.a(system_LPC11Uxx.o)
 .group         0x00000000        0x8 C:\Users\Yusuke\Documents\LPCXpresso_8.1.4_606\workspace\LPC11Uxx_Driver_Lib\Debug\libLPC11Uxx_Driver_Lib.a(uart.o)
 .group         0x00000000        0x8 C:\Users\Yusuke\Documents\LPCXpresso_8.1.4_606\workspace\LPC11Uxx_Driver_Lib\Debug\libLPC11Uxx_Driver_Lib.a(uart.o)
 .group         0x00000000        0x8 C:\Users\Yusuke\Documents\LPCXpresso_8.1.4_606\workspace\LPC11Uxx_Driver_Lib\Debug\libLPC11Uxx_Driver_Lib.a(uart.o)
 .group         0x00000000        0x8 C:\Users\Yusuke\Documents\LPCXpresso_8.1.4_606\workspace\LPC11Uxx_Driver_Lib\Debug\libLPC11Uxx_Driver_Lib.a(uart.o)
 .group         0x00000000        0x8 C:\Users\Yusuke\Documents\LPCXpresso_8.1.4_606\workspace\LPC11Uxx_Driver_Lib\Debug\libLPC11Uxx_Driver_Lib.a(uart.o)
 .group         0x00000000        0x8 C:\Users\Yusuke\Documents\LPCXpresso_8.1.4_606\workspace\LPC11Uxx_Driver_Lib\Debug\libLPC11Uxx_Driver_Lib.a(uart.o)
 .group         0x00000000        0x8 C:\Users\Yusuke\Documents\LPCXpresso_8.1.4_606\workspace\LPC11Uxx_Driver_Lib\Debug\libLPC11Uxx_Driver_Lib.a(uart.o)
 .group         0x00000000        0x8 C:\Users\Yusuke\Documents\LPCXpresso_8.1.4_606\workspace\LPC11Uxx_Driver_Lib\Debug\libLPC11Uxx_Driver_Lib.a(uart.o)
 .group         0x00000000        0x8 C:\Users\Yusuke\Documents\LPCXpresso_8.1.4_606\workspace\LPC11Uxx_Driver_Lib\Debug\libLPC11Uxx_Driver_Lib.a(uart.o)
 .group         0x00000000        0x8 C:\Users\Yusuke\Documents\LPCXpresso_8.1.4_606\workspace\LPC11Uxx_Driver_Lib\Debug\libLPC11Uxx_Driver_Lib.a(uart.o)
 .text          0x00000000        0x0 C:\Users\Yusuke\Documents\LPCXpresso_8.1.4_606\workspace\LPC11Uxx_Driver_Lib\Debug\libLPC11Uxx_Driver_Lib.a(uart.o)
 .data          0x00000000        0x0 C:\Users\Yusuke\Documents\LPCXpresso_8.1.4_606\workspace\LPC11Uxx_Driver_Lib\Debug\libLPC11Uxx_Driver_Lib.a(uart.o)
 .bss           0x00000000        0x0 C:\Users\Yusuke\Documents\LPCXpresso_8.1.4_606\workspace\LPC11Uxx_Driver_Lib\Debug\libLPC11Uxx_Driver_Lib.a(uart.o)
 .text.uart_set_divisors
                0x00000000      0x14c C:\Users\Yusuke\Documents\LPCXpresso_8.1.4_606\workspace\LPC11Uxx_Driver_Lib\Debug\libLPC11Uxx_Driver_Lib.a(uart.o)
 .text.print_string
                0x00000000       0x3c C:\Users\Yusuke\Documents\LPCXpresso_8.1.4_606\workspace\LPC11Uxx_Driver_Lib\Debug\libLPC11Uxx_Driver_Lib.a(uart.o)
 .text.get_key  0x00000000       0x4c C:\Users\Yusuke\Documents\LPCXpresso_8.1.4_606\workspace\LPC11Uxx_Driver_Lib\Debug\libLPC11Uxx_Driver_Lib.a(uart.o)
 .debug_macro   0x00000000      0x838 C:\Users\Yusuke\Documents\LPCXpresso_8.1.4_606\workspace\LPC11Uxx_Driver_Lib\Debug\libLPC11Uxx_Driver_Lib.a(uart.o)
 .debug_macro   0x00000000       0x2e C:\Users\Yusuke\Documents\LPCXpresso_8.1.4_606\workspace\LPC11Uxx_Driver_Lib\Debug\libLPC11Uxx_Driver_Lib.a(uart.o)
 .debug_macro   0x00000000       0x10 C:\Users\Yusuke\Documents\LPCXpresso_8.1.4_606\workspace\LPC11Uxx_Driver_Lib\Debug\libLPC11Uxx_Driver_Lib.a(uart.o)
 .debug_macro   0x00000000      0x12d C:\Users\Yusuke\Documents\LPCXpresso_8.1.4_606\workspace\LPC11Uxx_Driver_Lib\Debug\libLPC11Uxx_Driver_Lib.a(uart.o)
 .debug_macro   0x00000000      0x5b2 C:\Users\Yusuke\Documents\LPCXpresso_8.1.4_606\workspace\LPC11Uxx_Driver_Lib\Debug\libLPC11Uxx_Driver_Lib.a(uart.o)
 .debug_macro   0x00000000      0x237 C:\Users\Yusuke\Documents\LPCXpresso_8.1.4_606\workspace\LPC11Uxx_Driver_Lib\Debug\libLPC11Uxx_Driver_Lib.a(uart.o)
 .debug_macro   0x00000000       0xca C:\Users\Yusuke\Documents\LPCXpresso_8.1.4_606\workspace\LPC11Uxx_Driver_Lib\Debug\libLPC11Uxx_Driver_Lib.a(uart.o)
 .text          0x00000000        0x0 c:/nxp/lpcxpresso_8.1.4_606/lpcxpresso/tools/bin/../lib/gcc/arm-none-eabi/5.2.1/../../../../arm-none-eabi/lib/armv6-m\libcr_c.a(memset.o)
 .data          0x00000000        0x0 c:/nxp/lpcxpresso_8.1.4_606/lpcxpresso/tools/bin/../lib/gcc/arm-none-eabi/5.2.1/../../../../arm-none-eabi/lib/armv6-m\libcr_c.a(memset.o)
 .bss           0x00000000        0x0 c:/nxp/lpcxpresso_8.1.4_606/lpcxpresso/tools/bin/../lib/gcc/arm-none-eabi/5.2.1/../../../../arm-none-eabi/lib/armv6-m\libcr_c.a(memset.o)
 .text          0x00000000        0x0 c:/nxp/lpcxpresso_8.1.4_606/lpcxpresso/tools/bin/../lib/gcc/arm-none-eabi/5.2.1/../../../../arm-none-eabi/lib/armv6-m\libcr_c.a(__weak__main.o)
 .data          0x00000000        0x0 c:/nxp/lpcxpresso_8.1.4_606/lpcxpresso/tools/bin/../lib/gcc/arm-none-eabi/5.2.1/../../../../arm-none-eabi/lib/armv6-m\libcr_c.a(__weak__main.o)
 .bss           0x00000000        0x0 c:/nxp/lpcxpresso_8.1.4_606/lpcxpresso/tools/bin/../lib/gcc/arm-none-eabi/5.2.1/../../../../arm-none-eabi/lib/armv6-m\libcr_c.a(__weak__main.o)
 .text          0x00000000        0x0 c:/nxp/lpcxpresso_8.1.4_606/lpcxpresso/tools/bin/../lib/gcc/arm-none-eabi/5.2.1/armv6-m\libcr_eabihelpers.a(division_32.o)
 .data          0x00000000        0x0 c:/nxp/lpcxpresso_8.1.4_606/lpcxpresso/tools/bin/../lib/gcc/arm-none-eabi/5.2.1/armv6-m\libcr_eabihelpers.a(division_32.o)
 .bss           0x00000000        0x0 c:/nxp/lpcxpresso_8.1.4_606/lpcxpresso/tools/bin/../lib/gcc/arm-none-eabi/5.2.1/armv6-m\libcr_eabihelpers.a(division_32.o)
 .text          0x00000000        0x0 c:/nxp/lpcxpresso_8.1.4_606/lpcxpresso/tools/bin/../lib/gcc/arm-none-eabi/5.2.1/armv6-m\libcr_eabihelpers.a(division_idiv0.o)
 .data          0x00000000        0x0 c:/nxp/lpcxpresso_8.1.4_606/lpcxpresso/tools/bin/../lib/gcc/arm-none-eabi/5.2.1/armv6-m\libcr_eabihelpers.a(division_idiv0.o)
 .bss           0x00000000        0x0 c:/nxp/lpcxpresso_8.1.4_606/lpcxpresso/tools/bin/../lib/gcc/arm-none-eabi/5.2.1/armv6-m\libcr_eabihelpers.a(division_idiv0.o)
 .text          0x00000000        0x0 c:/nxp/lpcxpresso_8.1.4_606/lpcxpresso/tools/bin/../lib/gcc/arm-none-eabi/5.2.1/armv6-m\libcr_eabihelpers.a(memcpy.o)
 .data          0x00000000        0x0 c:/nxp/lpcxpresso_8.1.4_606/lpcxpresso/tools/bin/../lib/gcc/arm-none-eabi/5.2.1/armv6-m\libcr_eabihelpers.a(memcpy.o)
 .bss           0x00000000        0x0 c:/nxp/lpcxpresso_8.1.4_606/lpcxpresso/tools/bin/../lib/gcc/arm-none-eabi/5.2.1/armv6-m\libcr_eabihelpers.a(memcpy.o)
 .text.__aeabi_memcpy
                0x00000000       0x2c c:/nxp/lpcxpresso_8.1.4_606/lpcxpresso/tools/bin/../lib/gcc/arm-none-eabi/5.2.1/armv6-m\libcr_eabihelpers.a(memcpy.o)
 .text.__aeabi_memmove
                0x00000000       0x1c c:/nxp/lpcxpresso_8.1.4_606/lpcxpresso/tools/bin/../lib/gcc/arm-none-eabi/5.2.1/armv6-m\libcr_eabihelpers.a(memcpy.o)
 .text.__aeabi_memclr
                0x00000000        0x6 c:/nxp/lpcxpresso_8.1.4_606/lpcxpresso/tools/bin/../lib/gcc/arm-none-eabi/5.2.1/armv6-m\libcr_eabihelpers.a(memcpy.o)
 .text.__aeabi_memset
                0x00000000        0x8 c:/nxp/lpcxpresso_8.1.4_606/lpcxpresso/tools/bin/../lib/gcc/arm-none-eabi/5.2.1/armv6-m\libcr_eabihelpers.a(memcpy.o)

Memory Configuration

Name             Origin             Length             Attributes
MFlash64         0x00000000         0x00010000         xr
RamLoc8          0x10000000         0x00002000         xrw
RamUsb2          0x20004000         0x00000800         xrw
SRAM1_2          0x20000000         0x00000800         xrw
*default*        0x00000000         0xffffffff

Linker script and memory map

LOAD ./src/cr_startup_lpc11u.o
LOAD ./src/hid_lpc11uxx_usbdesc.o
LOAD ./src/lpc11uxx_usbd_hid.o
LOAD ./src/main.o
LOAD C:\Users\Yusuke\Documents\LPCXpresso_8.1.4_606\workspace\CMSISv2p00_LPC11Uxx\Debug\libCMSISv2p00_LPC11Uxx.a
LOAD C:\Users\Yusuke\Documents\LPCXpresso_8.1.4_606\workspace\LPC11Uxx_Driver_Lib\Debug\libLPC11Uxx_Driver_Lib.a
START GROUP
LOAD c:/nxp/lpcxpresso_8.1.4_606/lpcxpresso/tools/bin/../lib/gcc/arm-none-eabi/5.2.1/../../../../arm-none-eabi/lib/armv6-m\libcr_c.a
LOAD c:/nxp/lpcxpresso_8.1.4_606/lpcxpresso/tools/bin/../lib/gcc/arm-none-eabi/5.2.1/armv6-m\libcr_eabihelpers.a
END GROUP
                0x00000000                __base_MFlash64 = 0x0
                0x00000000                __base_Flash = 0x0
                0x00010000                __top_MFlash64 = 0x10000
                0x00010000                __top_Flash = 0x10000
                0x10000000                __base_RamLoc8 = 0x10000000
                0x10000000                __base_RAM = 0x10000000
                0x10002000                __top_RamLoc8 = 0x10002000
                0x10002000                __top_RAM = 0x10002000
                0x20004000                __base_RamUsb2 = 0x20004000
                0x20004000                __base_RAM2 = 0x20004000
                0x20004800                __top_RamUsb2 = 0x20004800
                0x20004800                __top_RAM2 = 0x20004800
                0x20000000                __base_SRAM1_2 = 0x20000000
                0x20000000                __base_RAM3 = 0x20000000
                0x20000800                __top_SRAM1_2 = 0x20000800
                0x20000800                __top_RAM3 = 0x20000800

.text           0x00000000      0xc4c
 FILL mask 0xff
                0x00000000                __vectors_start__ = ABSOLUTE (.)
 *(.isr_vector)
 .isr_vector    0x00000000       0xc0 ./src/cr_startup_lpc11u.o
                0x00000000                g_pfnVectors
                0x000000c0                . = ALIGN (0x4)
                0x000000c0                __section_table_start = .
                0x000000c0                __data_section_table = .
                0x000000c0        0x4 LONG 0xc4c LOADADDR (.data)
                0x000000c4        0x4 LONG 0x10000000 ADDR (.data)
                0x000000c8        0x4 LONG 0x1c SIZEOF (.data)
                0x000000cc        0x4 LONG 0xc4c LOADADDR (.data_RAM2)
                0x000000d0        0x4 LONG 0x20004000 ADDR (.data_RAM2)
                0x000000d4        0x4 LONG 0x0 SIZEOF (.data_RAM2)
                0x000000d8        0x4 LONG 0xc4c LOADADDR (.data_RAM3)
                0x000000dc        0x4 LONG 0x20000000 ADDR (.data_RAM3)
                0x000000e0        0x4 LONG 0x0 SIZEOF (.data_RAM3)
                0x000000e4                __data_section_table_end = .
                0x000000e4                __bss_section_table = .
                0x000000e4        0x4 LONG 0x1000001c ADDR (.bss)
                0x000000e8        0x4 LONG 0x54 SIZEOF (.bss)
                0x000000ec        0x4 LONG 0x20004000 ADDR (.bss_RAM2)
                0x000000f0        0x4 LONG 0x0 SIZEOF (.bss_RAM2)
                0x000000f4        0x4 LONG 0x20000000 ADDR (.bss_RAM3)
                0x000000f8        0x4 LONG 0x0 SIZEOF (.bss_RAM3)
                0x000000fc                __bss_section_table_end = .
                0x000000fc                __section_table_end = .
 *(.after_vectors*)
 .after_vectors
                0x000000fc      0x124 ./src/cr_startup_lpc11u.o
                0x000000fc                data_init
                0x0000013c                bss_init
                0x00000170                ResetISR
                0x000001f0                NMI_Handler
                0x000001f8                HardFault_Handler
                0x00000200                SVC_Handler
                0x00000208                PendSV_Handler
                0x00000210                SysTick_Handler
                0x00000218                TIMER32_1_IRQHandler
                0x00000218                FLEX_INT1_IRQHandler
                0x00000218                IntDefaultHandler
                0x00000218                SSP0_IRQHandler
                0x00000218                USBWakeup_IRQHandler
                0x00000218                FLEX_INT7_IRQHandler
                0x00000218                TIMER32_0_IRQHandler
                0x00000218                FLEX_INT2_IRQHandler
                0x00000218                TIMER16_1_IRQHandler
                0x00000218                USB_FIQHandler
                0x00000218                FLEX_INT5_IRQHandler
                0x00000218                ADC_IRQHandler
                0x00000218                SSP1_IRQHandler
                0x00000218                FLEX_INT3_IRQHandler
                0x00000218                BOD_IRQHandler
                0x00000218                I2C_IRQHandler
                0x00000218                WDT_IRQHandler
                0x00000218                FLEX_INT0_IRQHandler
                0x00000218                GINT0_IRQHandler
                0x00000218                FLEX_INT4_IRQHandler
                0x00000218                TIMER16_0_IRQHandler
                0x00000218                FLEX_INT6_IRQHandler
                0x00000218                FMC_IRQHandler
                0x00000218                GINT1_IRQHandler
 *(.text*)
 .text.USB_Configure_Event
                0x00000220       0x3c ./src/lpc11uxx_usbd_hid.o
                0x00000220                USB_Configure_Event
 .text.HID_GetReport
                0x0000025c       0x4c ./src/lpc11uxx_usbd_hid.o
                0x0000025c                HID_GetReport
 .text.HID_SetReport
                0x000002a8       0x58 ./src/lpc11uxx_usbd_hid.o
                0x000002a8                HID_SetReport
 .text.HID_Ep_Hdlr
                0x00000300       0x60 ./src/lpc11uxx_usbd_hid.o
                0x00000300                HID_Ep_Hdlr
 .text.usb_hid_init
                0x00000360      0x114 ./src/lpc11uxx_usbd_hid.o
                0x00000360                usb_hid_init
 .text.NVIC_EnableIRQ
                0x00000474       0x2c ./src/main.o
 .text.USB_IRQHandler
                0x000004a0       0x24 ./src/main.o
                0x000004a0                USB_IRQHandler
 .text.USB_pin_clk_init
                0x000004c4       0x68 ./src/main.o
                0x000004c4                USB_pin_clk_init
 .text.main     0x0000052c      0x120 ./src/main.o
                0x0000052c                main
 .text.SystemCoreClockUpdate
                0x0000064c       0xa0 C:\Users\Yusuke\Documents\LPCXpresso_8.1.4_606\workspace\CMSISv2p00_LPC11Uxx\Debug\libCMSISv2p00_LPC11Uxx.a(system_LPC11Uxx.o)
                0x0000064c                SystemCoreClockUpdate
 .text.SystemInit
                0x000006ec       0xd4 C:\Users\Yusuke\Documents\LPCXpresso_8.1.4_606\workspace\CMSISv2p00_LPC11Uxx\Debug\libCMSISv2p00_LPC11Uxx.a(system_LPC11Uxx.o)
                0x000006ec                SystemInit
 .text.NVIC_EnableIRQ
                0x000007c0       0x2c C:\Users\Yusuke\Documents\LPCXpresso_8.1.4_606\workspace\LPC11Uxx_Driver_Lib\Debug\libLPC11Uxx_Driver_Lib.a(uart.o)
 .text.NVIC_DisableIRQ
                0x000007ec       0x30 C:\Users\Yusuke\Documents\LPCXpresso_8.1.4_606\workspace\LPC11Uxx_Driver_Lib\Debug\libLPC11Uxx_Driver_Lib.a(uart.o)
 .text.UART_IRQHandler
                0x0000081c      0x110 C:\Users\Yusuke\Documents\LPCXpresso_8.1.4_606\workspace\LPC11Uxx_Driver_Lib\Debug\libLPC11Uxx_Driver_Lib.a(uart.o)
                0x0000081c                UART_IRQHandler
 .text.UARTInit
                0x0000092c      0x100 C:\Users\Yusuke\Documents\LPCXpresso_8.1.4_606\workspace\LPC11Uxx_Driver_Lib\Debug\libLPC11Uxx_Driver_Lib.a(uart.o)
                0x0000092c                UARTInit
 .text.UARTSend
                0x00000a2c       0x40 C:\Users\Yusuke\Documents\LPCXpresso_8.1.4_606\workspace\LPC11Uxx_Driver_Lib\Debug\libLPC11Uxx_Driver_Lib.a(uart.o)
                0x00000a2c                UARTSend
 .text.memset   0x00000a6c        0x8 c:/nxp/lpcxpresso_8.1.4_606/lpcxpresso/tools/bin/../lib/gcc/arm-none-eabi/5.2.1/../../../../arm-none-eabi/lib/armv6-m\libcr_c.a(memset.o)
                0x00000a6c                memset
 .text.__weak_main
                0x00000a74        0x8 c:/nxp/lpcxpresso_8.1.4_606/lpcxpresso/tools/bin/../lib/gcc/arm-none-eabi/5.2.1/../../../../arm-none-eabi/lib/armv6-m\libcr_c.a(__weak__main.o)
                0x00000a74                __weak_main
                0x00000a74                __main
 .text.__aeabi_division_idivmod
                0x00000a7c       0x78 c:/nxp/lpcxpresso_8.1.4_606/lpcxpresso/tools/bin/../lib/gcc/arm-none-eabi/5.2.1/armv6-m\libcr_eabihelpers.a(division_32.o)
                0x00000a7c                __aeabi_idivmod
                0x00000a7c                __aeabi_idiv
                0x00000a82                __aeabi_uidivmod
                0x00000a82                __aeabi_uidiv
 .text.__aeabi_division_idiv0
                0x00000af4        0x2 c:/nxp/lpcxpresso_8.1.4_606/lpcxpresso/tools/bin/../lib/gcc/arm-none-eabi/5.2.1/armv6-m\libcr_eabihelpers.a(division_idiv0.o)
                0x00000af4                __aeabi_idiv0
 .text.__aeabi_memset_lowlevel
                0x00000af6       0x2a c:/nxp/lpcxpresso_8.1.4_606/lpcxpresso/tools/bin/../lib/gcc/arm-none-eabi/5.2.1/armv6-m\libcr_eabihelpers.a(memcpy.o)
                0x00000af6                __aeabi_lowlevel_memset
 *(.rodata .rodata.* .constdata .constdata.*)
 .rodata.HID_ReportDescriptor
                0x00000b20       0x21 ./src/hid_lpc11uxx_usbdesc.o
                0x00000b20                HID_ReportDescriptor
 *fill*         0x00000b41        0x1 ff
 .rodata.HID_ReportDescSize
                0x00000b42        0x2 ./src/hid_lpc11uxx_usbdesc.o
                0x00000b42                HID_ReportDescSize
 .rodata.USB_FsConfigDescriptor
                0x00000b44       0x2a ./src/hid_lpc11uxx_usbdesc.o
                0x00000b44                USB_FsConfigDescriptor
 *fill*         0x00000b6e        0x2 ff
 .rodata.USB_StringDescriptor
                0x00000b70       0x68 ./src/hid_lpc11uxx_usbdesc.o
                0x00000b70                USB_StringDescriptor
 .rodata        0x00000bd8       0x36 ./src/main.o
 *fill*         0x00000c0e        0x2 ff
 .rodata.CSWTCH.9
                0x00000c10       0x3c C:\Users\Yusuke\Documents\LPCXpresso_8.1.4_606\workspace\CMSISv2p00_LPC11Uxx\Debug\libCMSISv2p00_LPC11Uxx.a(system_LPC11Uxx.o)
                0x00000c4c                . = ALIGN (0x4)

.glue_7         0x00000c4c        0x0
 .glue_7        0x00000c4c        0x0 linker stubs

.glue_7t        0x00000c4c        0x0
 .glue_7t       0x00000c4c        0x0 linker stubs

.vfp11_veneer   0x00000c4c        0x0
 .vfp11_veneer  0x00000c4c        0x0 linker stubs

.v4_bx          0x00000c4c        0x0
 .v4_bx         0x00000c4c        0x0 linker stubs

.iplt           0x00000c4c        0x0
 .iplt          0x00000c4c        0x0 ./src/cr_startup_lpc11u.o

.rel.dyn        0x00000c4c        0x0
 .rel.iplt      0x00000c4c        0x0 ./src/cr_startup_lpc11u.o

.ARM.extab
 *(.ARM.extab* .gnu.linkonce.armextab.*)
                0x00000c4c                __exidx_start = .

.ARM.exidx
 *(.ARM.exidx* .gnu.linkonce.armexidx.*)
                0x00000c4c                __exidx_end = .
                0x00000c4c                _etext = .

.data_RAM2      0x20004000        0x0 load address 0x00000c4c
 FILL mask 0xff
                [!provide]                PROVIDE (__start_data_RAM2, .)
 *(.ramfunc.$RAM2)
 *(.ramfunc.$RamUsb2)
 *(.data.$RAM2*)
 *(.data.$RamUsb2*)
                0x20004000                . = ALIGN (0x4)
                [!provide]                PROVIDE (__end_data_RAM2, .)

.data_RAM3      0x20000000        0x0 load address 0x00000c4c
 FILL mask 0xff
                [!provide]                PROVIDE (__start_data_RAM3, .)
 *(.ramfunc.$RAM3)
 *(.ramfunc.$SRAM1_2)
 *(.data.$RAM3*)
 *(.data.$SRAM1_2*)
                0x20000000                . = ALIGN (0x4)
                [!provide]                PROVIDE (__end_data_RAM3, .)

.uninit_RESERVED
                0x10000000        0x0
 *(.bss.$RESERVED*)
                0x10000000                . = ALIGN (0x4)
                0x10000000                _end_uninit_RESERVED = .

.data           0x10000000       0x1c load address 0x00000c4c
 FILL mask 0xff
                0x10000000                _data = .
 *(vtable)
 *(.ramfunc*)
 *(.data*)
 .data.USB_DeviceDescriptor
                0x10000000       0x12 ./src/hid_lpc11uxx_usbdesc.o
                0x10000000                USB_DeviceDescriptor
 *fill*         0x10000012        0x2 ff
 .data.SystemCoreClock
                0x10000014        0x4 C:\Users\Yusuke\Documents\LPCXpresso_8.1.4_606\workspace\CMSISv2p00_LPC11Uxx\Debug\libCMSISv2p00_LPC11Uxx.a(system_LPC11Uxx.o)
                0x10000014                SystemCoreClock
 .data.UARTTxEmpty
                0x10000018        0x1 C:\Users\Yusuke\Documents\LPCXpresso_8.1.4_606\workspace\LPC11Uxx_Driver_Lib\Debug\libLPC11Uxx_Driver_Lib.a(uart.o)
                0x10000018                UARTTxEmpty
                0x1000001c                . = ALIGN (0x4)
 *fill*         0x10000019        0x3 ff
                0x1000001c                _edata = .

.igot.plt       0x1000001c        0x0 load address 0x00000c68
 .igot.plt      0x1000001c        0x0 ./src/cr_startup_lpc11u.o

.bss_RAM2       0x20004000        0x0
                [!provide]                PROVIDE (__start_bss_RAM2, .)
 *(.bss.$RAM2*)
 *(.bss.$RamUsb2*)
                0x20004000                . = ALIGN ((. != 0x0)?0x4:0x1)
                [!provide]                PROVIDE (__end_bss_RAM2, .)

.bss_RAM3       0x20000000        0x0
                [!provide]                PROVIDE (__start_bss_RAM3, .)
 *(.bss.$RAM3*)
 *(.bss.$SRAM1_2*)
                0x20000000                . = ALIGN ((. != 0x0)?0x4:0x1)
                [!provide]                PROVIDE (__end_bss_RAM3, .)

.bss            0x1000001c       0x54
                0x1000001c                _bss = .
 *(.bss*)
 .bss.loopback_report
                0x1000001c        0x4 ./src/lpc11uxx_usbd_hid.o
 .bss.hUsb      0x10000020        0x4 ./src/main.o
 .bss.UARTCount
                0x10000024        0x4 C:\Users\Yusuke\Documents\LPCXpresso_8.1.4_606\workspace\LPC11Uxx_Driver_Lib\Debug\libLPC11Uxx_Driver_Lib.a(uart.o)
                0x10000024                UARTCount
 *(COMMON)
 COMMON         0x10000028        0x4 ./src/main.o
                0x10000028                pUsbApi
 COMMON         0x1000002c       0x44 C:\Users\Yusuke\Documents\LPCXpresso_8.1.4_606\workspace\LPC11Uxx_Driver_Lib\Debug\libLPC11Uxx_Driver_Lib.a(uart.o)
                0x1000002c                UARTBuffer
                0x1000006c                UARTStatus
                0x10000070                . = ALIGN (0x4)
                0x10000070                _ebss = .
                [!provide]                PROVIDE (end, .)

.noinit_RAM2    0x20004000        0x0
 *(.noinit.$RAM2*)
 *(.noinit.$RamUsb2*)
                0x20004000                . = ALIGN (0x4)

.noinit_RAM3    0x20000000        0x0
 *(.noinit.$RAM3*)
 *(.noinit.$SRAM1_2*)
                0x20000000                . = ALIGN (0x4)

.noinit         0x10000070        0x0
                0x10000070                _noinit = .
 *(.noinit*)
                0x10000070                . = ALIGN (0x4)
                0x10000070                _end_noinit = .
                [!provide]                PROVIDE (_pvHeapStart, DEFINED (__user_heap_base)?__user_heap_base:.)
                0x10002000                PROVIDE (_vStackTop, DEFINED (__user_stack_top)?__user_stack_top:(__top_RamLoc8 - 0x0))
                [!provide]                PROVIDE (__valid_user_code_checksum, (0x0 - (((_vStackTop + (ResetISR + 0x1)) + (DEFINED (NMI_Handler)?NMI_Handler:M0_NMI_Handler + 0x1)) + (DEFINED (HardFault_Handler)?HardFault_Handler:M0_HardFault_Handler + 0x1))))
OUTPUT(USB_ROM_HID.axf elf32-littlearm)

.debug_info     0x00000000     0x4cb2
 .debug_info    0x00000000      0x242 ./src/cr_startup_lpc11u.o
 .debug_info    0x00000242      0x12e ./src/hid_lpc11uxx_usbdesc.o
 .debug_info    0x00000370     0x1884 ./src/lpc11uxx_usbd_hid.o
 .debug_info    0x00001bf4     0x1de7 ./src/main.o
 .debug_info    0x000039db      0x541 C:\Users\Yusuke\Documents\LPCXpresso_8.1.4_606\workspace\CMSISv2p00_LPC11Uxx\Debug\libCMSISv2p00_LPC11Uxx.a(system_LPC11Uxx.o)
 .debug_info    0x00003f1c      0xd96 C:\Users\Yusuke\Documents\LPCXpresso_8.1.4_606\workspace\LPC11Uxx_Driver_Lib\Debug\libLPC11Uxx_Driver_Lib.a(uart.o)

.debug_abbrev   0x00000000      0x922
 .debug_abbrev  0x00000000      0x100 ./src/cr_startup_lpc11u.o
 .debug_abbrev  0x00000100       0x60 ./src/hid_lpc11uxx_usbdesc.o
 .debug_abbrev  0x00000160      0x1f7 ./src/lpc11uxx_usbd_hid.o
 .debug_abbrev  0x00000357      0x27a ./src/main.o
 .debug_abbrev  0x000005d1      0x113 C:\Users\Yusuke\Documents\LPCXpresso_8.1.4_606\workspace\CMSISv2p00_LPC11Uxx\Debug\libCMSISv2p00_LPC11Uxx.a(system_LPC11Uxx.o)
 .debug_abbrev  0x000006e4      0x23e C:\Users\Yusuke\Documents\LPCXpresso_8.1.4_606\workspace\LPC11Uxx_Driver_Lib\Debug\libLPC11Uxx_Driver_Lib.a(uart.o)

.debug_aranges  0x00000000      0x170
 .debug_aranges
                0x00000000       0x60 ./src/cr_startup_lpc11u.o
 .debug_aranges
                0x00000060       0x18 ./src/hid_lpc11uxx_usbdesc.o
 .debug_aranges
                0x00000078       0x40 ./src/lpc11uxx_usbd_hid.o
 .debug_aranges
                0x000000b8       0x38 ./src/main.o
 .debug_aranges
                0x000000f0       0x28 C:\Users\Yusuke\Documents\LPCXpresso_8.1.4_606\workspace\CMSISv2p00_LPC11Uxx\Debug\libCMSISv2p00_LPC11Uxx.a(system_LPC11Uxx.o)
 .debug_aranges
                0x00000118       0x58 C:\Users\Yusuke\Documents\LPCXpresso_8.1.4_606\workspace\LPC11Uxx_Driver_Lib\Debug\libLPC11Uxx_Driver_Lib.a(uart.o)

.debug_ranges   0x00000000      0x108
 .debug_ranges  0x00000000       0x50 ./src/cr_startup_lpc11u.o
 .debug_ranges  0x00000050       0x30 ./src/lpc11uxx_usbd_hid.o
 .debug_ranges  0x00000080       0x28 ./src/main.o
 .debug_ranges  0x000000a8       0x18 C:\Users\Yusuke\Documents\LPCXpresso_8.1.4_606\workspace\CMSISv2p00_LPC11Uxx\Debug\libCMSISv2p00_LPC11Uxx.a(system_LPC11Uxx.o)
 .debug_ranges  0x000000c0       0x48 C:\Users\Yusuke\Documents\LPCXpresso_8.1.4_606\workspace\LPC11Uxx_Driver_Lib\Debug\libLPC11Uxx_Driver_Lib.a(uart.o)

.debug_macro    0x00000000     0x32bc
 .debug_macro   0x00000000       0x82 ./src/cr_startup_lpc11u.o
 .debug_macro   0x00000082      0x838 ./src/cr_startup_lpc11u.o
 .debug_macro   0x000008ba       0x1c ./src/cr_startup_lpc11u.o
 .debug_macro   0x000008d6       0x2e ./src/cr_startup_lpc11u.o
 .debug_macro   0x00000904       0x10 ./src/cr_startup_lpc11u.o
 .debug_macro   0x00000914      0x12d ./src/cr_startup_lpc11u.o
 .debug_macro   0x00000a41      0x5b2 ./src/cr_startup_lpc11u.o
 .debug_macro   0x00000ff3      0x237 ./src/cr_startup_lpc11u.o
 .debug_macro   0x0000122a      0x10e ./src/cr_startup_lpc11u.o
 .debug_macro   0x00001338      0x104 ./src/hid_lpc11uxx_usbdesc.o
 .debug_macro   0x0000143c       0x18 ./src/hid_lpc11uxx_usbdesc.o
 .debug_macro   0x00001454      0x227 ./src/hid_lpc11uxx_usbdesc.o
 .debug_macro   0x0000167b       0x3a ./src/hid_lpc11uxx_usbdesc.o
 .debug_macro   0x000016b5       0x12 ./src/hid_lpc11uxx_usbdesc.o
 .debug_macro   0x000016c7       0x46 ./src/hid_lpc11uxx_usbdesc.o
 .debug_macro   0x0000170d       0xfa ./src/hid_lpc11uxx_usbdesc.o
 .debug_macro   0x00001807       0xee ./src/hid_lpc11uxx_usbdesc.o
 .debug_macro   0x000018f5      0x68c ./src/hid_lpc11uxx_usbdesc.o
 .debug_macro   0x00001f81      0x272 ./src/hid_lpc11uxx_usbdesc.o
 .debug_macro   0x000021f3       0x10 ./src/hid_lpc11uxx_usbdesc.o
 .debug_macro   0x00002203       0xe8 ./src/lpc11uxx_usbd_hid.o
 .debug_macro   0x000022eb      0x22d ./src/lpc11uxx_usbd_hid.o
 .debug_macro   0x00002518      0x134 ./src/main.o
 .debug_macro   0x0000264c       0x82 ./src/main.o
 .debug_macro   0x000026ce       0xca ./src/main.o
 .debug_macro   0x00002798      0x117 C:\Users\Yusuke\Documents\LPCXpresso_8.1.4_606\workspace\CMSISv2p00_LPC11Uxx\Debug\libCMSISv2p00_LPC11Uxx.a(system_LPC11Uxx.o)
 .debug_macro   0x000028af      0x838 C:\Users\Yusuke\Documents\LPCXpresso_8.1.4_606\workspace\CMSISv2p00_LPC11Uxx\Debug\libCMSISv2p00_LPC11Uxx.a(system_LPC11Uxx.o)
 .debug_macro   0x000030e7       0x88 C:\Users\Yusuke\Documents\LPCXpresso_8.1.4_606\workspace\LPC11Uxx_Driver_Lib\Debug\libLPC11Uxx_Driver_Lib.a(uart.o)
 .debug_macro   0x0000316f       0x1c C:\Users\Yusuke\Documents\LPCXpresso_8.1.4_606\workspace\LPC11Uxx_Driver_Lib\Debug\libLPC11Uxx_Driver_Lib.a(uart.o)
 .debug_macro   0x0000318b      0x115 C:\Users\Yusuke\Documents\LPCXpresso_8.1.4_606\workspace\LPC11Uxx_Driver_Lib\Debug\libLPC11Uxx_Driver_Lib.a(uart.o)
 .debug_macro   0x000032a0       0x1c C:\Users\Yusuke\Documents\LPCXpresso_8.1.4_606\workspace\LPC11Uxx_Driver_Lib\Debug\libLPC11Uxx_Driver_Lib.a(uart.o)

.debug_line     0x00000000     0x106c
 .debug_line    0x00000000      0x21e ./src/cr_startup_lpc11u.o
 .debug_line    0x0000021e      0x25c ./src/hid_lpc11uxx_usbdesc.o
 .debug_line    0x0000047a      0x2e8 ./src/lpc11uxx_usbd_hid.o
 .debug_line    0x00000762      0x3c7 ./src/main.o
 .debug_line    0x00000b29      0x1e8 C:\Users\Yusuke\Documents\LPCXpresso_8.1.4_606\workspace\CMSISv2p00_LPC11Uxx\Debug\libCMSISv2p00_LPC11Uxx.a(system_LPC11Uxx.o)
 .debug_line    0x00000d11      0x35b C:\Users\Yusuke\Documents\LPCXpresso_8.1.4_606\workspace\LPC11Uxx_Driver_Lib\Debug\libLPC11Uxx_Driver_Lib.a(uart.o)

.debug_str      0x00000000     0xb2a0
 .debug_str     0x00000000     0x4fe7 ./src/cr_startup_lpc11u.o
                               0x5066 (size before relaxing)
 .debug_str     0x00004fe7     0x3de4 ./src/hid_lpc11uxx_usbdesc.o
                               0x78c1 (size before relaxing)
 .debug_str     0x00008dcb     0x1241 ./src/lpc11uxx_usbd_hid.o
                               0x8b49 (size before relaxing)
 .debug_str     0x0000a00c      0xb26 ./src/main.o
                               0xa6b8 (size before relaxing)
 .debug_str     0x0000ab32      0x44f C:\Users\Yusuke\Documents\LPCXpresso_8.1.4_606\workspace\CMSISv2p00_LPC11Uxx\Debug\libCMSISv2p00_LPC11Uxx.a(system_LPC11Uxx.o)
                               0x547d (size before relaxing)
 .debug_str     0x0000af81      0x31f C:\Users\Yusuke\Documents\LPCXpresso_8.1.4_606\workspace\LPC11Uxx_Driver_Lib\Debug\libLPC11Uxx_Driver_Lib.a(uart.o)
                               0x59e5 (size before relaxing)

.comment        0x00000000       0x6e
 .comment       0x00000000       0x6e ./src/cr_startup_lpc11u.o
                                 0x6f (size before relaxing)
 .comment       0x0000006e       0x6f ./src/hid_lpc11uxx_usbdesc.o
 .comment       0x0000006e       0x6f ./src/lpc11uxx_usbd_hid.o
 .comment       0x0000006e       0x6f ./src/main.o
 .comment       0x0000006e       0x6f C:\Users\Yusuke\Documents\LPCXpresso_8.1.4_606\workspace\CMSISv2p00_LPC11Uxx\Debug\libCMSISv2p00_LPC11Uxx.a(system_LPC11Uxx.o)
 .comment       0x0000006e       0x6f C:\Users\Yusuke\Documents\LPCXpresso_8.1.4_606\workspace\LPC11Uxx_Driver_Lib\Debug\libLPC11Uxx_Driver_Lib.a(uart.o)
 .comment       0x0000006e       0x6f c:/nxp/lpcxpresso_8.1.4_606/lpcxpresso/tools/bin/../lib/gcc/arm-none-eabi/5.2.1/../../../../arm-none-eabi/lib/armv6-m\libcr_c.a(memset.o)
 .comment       0x0000006e       0x6f c:/nxp/lpcxpresso_8.1.4_606/lpcxpresso/tools/bin/../lib/gcc/arm-none-eabi/5.2.1/../../../../arm-none-eabi/lib/armv6-m\libcr_c.a(__weak__main.o)

.ARM.attributes
                0x00000000       0x2f
 .ARM.attributes
                0x00000000       0x31 ./src/cr_startup_lpc11u.o
 .ARM.attributes
                0x00000031       0x31 ./src/hid_lpc11uxx_usbdesc.o
 .ARM.attributes
                0x00000062       0x31 ./src/lpc11uxx_usbd_hid.o
 .ARM.attributes
                0x00000093       0x31 ./src/main.o
 .ARM.attributes
                0x000000c4       0x31 C:\Users\Yusuke\Documents\LPCXpresso_8.1.4_606\workspace\CMSISv2p00_LPC11Uxx\Debug\libCMSISv2p00_LPC11Uxx.a(system_LPC11Uxx.o)
 .ARM.attributes
                0x000000f5       0x31 C:\Users\Yusuke\Documents\LPCXpresso_8.1.4_606\workspace\LPC11Uxx_Driver_Lib\Debug\libLPC11Uxx_Driver_Lib.a(uart.o)
 .ARM.attributes
                0x00000126       0x31 c:/nxp/lpcxpresso_8.1.4_606/lpcxpresso/tools/bin/../lib/gcc/arm-none-eabi/5.2.1/../../../../arm-none-eabi/lib/armv6-m\libcr_c.a(memset.o)
 .ARM.attributes
                0x00000157       0x31 c:/nxp/lpcxpresso_8.1.4_606/lpcxpresso/tools/bin/../lib/gcc/arm-none-eabi/5.2.1/../../../../arm-none-eabi/lib/armv6-m\libcr_c.a(__weak__main.o)
 .ARM.attributes
                0x00000188       0x21 c:/nxp/lpcxpresso_8.1.4_606/lpcxpresso/tools/bin/../lib/gcc/arm-none-eabi/5.2.1/armv6-m\libcr_eabihelpers.a(division_32.o)
 .ARM.attributes
                0x000001a9       0x21 c:/nxp/lpcxpresso_8.1.4_606/lpcxpresso/tools/bin/../lib/gcc/arm-none-eabi/5.2.1/armv6-m\libcr_eabihelpers.a(division_idiv0.o)
 .ARM.attributes
                0x000001ca       0x21 c:/nxp/lpcxpresso_8.1.4_606/lpcxpresso/tools/bin/../lib/gcc/arm-none-eabi/5.2.1/armv6-m\libcr_eabihelpers.a(memcpy.o)

.debug_frame    0x00000000      0x3ac
 .debug_frame   0x00000000      0x118 ./src/cr_startup_lpc11u.o
 .debug_frame   0x00000118       0xb0 ./src/lpc11uxx_usbd_hid.o
 .debug_frame   0x000001c8       0x88 ./src/main.o
 .debug_frame   0x00000250       0x4c C:\Users\Yusuke\Documents\LPCXpresso_8.1.4_606\workspace\CMSISv2p00_LPC11Uxx\Debug\libCMSISv2p00_LPC11Uxx.a(system_LPC11Uxx.o)
 .debug_frame   0x0000029c      0x110 C:\Users\Yusuke\Documents\LPCXpresso_8.1.4_606\workspace\LPC11Uxx_Driver_Lib\Debug\libLPC11Uxx_Driver_Lib.a(uart.o)

.debug_loc      0x00000000       0x59
 .debug_loc     0x00000000       0x59 C:\Users\Yusuke\Documents\LPCXpresso_8.1.4_606\workspace\CMSISv2p00_LPC11Uxx\Debug\libCMSISv2p00_LPC11Uxx.a(system_LPC11Uxx.o)
