Archive member included to satisfy reference by file (symbol)

C:\Users\Yusuke\Documents\LPCXpresso_8.1.4_606\workspace\CMSIS_CORE_LPC11Uxx\Debug\libCMSIS_CORE_LPC11Uxx.a(system_LPC11Uxx.o)
                              ./src/peripheral/vcom.o (SystemCoreClockUpdate)
c:/nxp/lpcxpresso_8.1.4_606/lpcxpresso/tools/bin/../lib/gcc/arm-none-eabi/5.2.1/../../../../arm-none-eabi/lib/armv6-m\libcr_nohost.a(_cr__main.o)
                              ./src/cr_startup_lpc11uxx.o (__main)
c:/nxp/lpcxpresso_8.1.4_606/lpcxpresso/tools/bin/../lib/gcc/arm-none-eabi/5.2.1/../../../../arm-none-eabi/lib/armv6-m\libcr_c.a(atan2f.o)
                              ./src/eMPL/MotionDriver.o (atan2f)
c:/nxp/lpcxpresso_8.1.4_606/lpcxpresso/tools/bin/../lib/gcc/arm-none-eabi/5.2.1/../../../../arm-none-eabi/lib/armv6-m\libcr_c.a(atanf.o)
                              c:/nxp/lpcxpresso_8.1.4_606/lpcxpresso/tools/bin/../lib/gcc/arm-none-eabi/5.2.1/../../../../arm-none-eabi/lib/armv6-m\libcr_c.a(atan2f.o) (atanf)
c:/nxp/lpcxpresso_8.1.4_606/lpcxpresso/tools/bin/../lib/gcc/arm-none-eabi/5.2.1/../../../../arm-none-eabi/lib/armv6-m\libcr_c.a(fabsf.o)
                              c:/nxp/lpcxpresso_8.1.4_606/lpcxpresso/tools/bin/../lib/gcc/arm-none-eabi/5.2.1/../../../../arm-none-eabi/lib/armv6-m\libcr_c.a(atan2f.o) (fabsf)
c:/nxp/lpcxpresso_8.1.4_606/lpcxpresso/tools/bin/../lib/gcc/arm-none-eabi/5.2.1/../../../../arm-none-eabi/lib/armv6-m\libcr_c.a(sqrtf.o)
                              ./src/eMPL/MotionDriver.o (sqrtf)
c:/nxp/lpcxpresso_8.1.4_606/lpcxpresso/tools/bin/../lib/gcc/arm-none-eabi/5.2.1/../../../../arm-none-eabi/lib/armv6-m\libcr_c.a(memcpy.o)
                              ./src/peripheral/comm.o (memcpy)
c:/nxp/lpcxpresso_8.1.4_606/lpcxpresso/tools/bin/../lib/gcc/arm-none-eabi/5.2.1/../../../../arm-none-eabi/lib/armv6-m\libcr_c.a(memset.o)
                              ./src/peripheral/microSD.o (memset)
c:/nxp/lpcxpresso_8.1.4_606/lpcxpresso/tools/bin/../lib/gcc/arm-none-eabi/5.2.1/../../../../arm-none-eabi/lib/armv6-m\libcr_c.a(errno.o)
                              c:/nxp/lpcxpresso_8.1.4_606/lpcxpresso/tools/bin/../lib/gcc/arm-none-eabi/5.2.1/../../../../arm-none-eabi/lib/armv6-m\libcr_c.a(atan2f.o) (errno)
c:/nxp/lpcxpresso_8.1.4_606/lpcxpresso/tools/bin/../lib/gcc/arm-none-eabi/5.2.1/../../../../arm-none-eabi/lib/armv6-m\libcr_c.a(fabs.o)
                              ./src/eMPL/inv_mpu.o (fabs)
c:/nxp/lpcxpresso_8.1.4_606/lpcxpresso/tools/bin/../lib/gcc/arm-none-eabi/5.2.1/../../../../arm-none-eabi/lib/armv6-m\libcr_c.a(fpprintf.o)
                              ./src/peripheral/microSD.o (sprintf)
c:/nxp/lpcxpresso_8.1.4_606/lpcxpresso/tools/bin/../lib/gcc/arm-none-eabi/5.2.1/../../../../arm-none-eabi/lib/armv6-m\libcr_c.a(initio.o)
                              c:/nxp/lpcxpresso_8.1.4_606/lpcxpresso/tools/bin/../lib/gcc/arm-none-eabi/5.2.1/../../../../arm-none-eabi/lib/armv6-m\libcr_nohost.a(_cr__main.o) (_initio)
c:/nxp/lpcxpresso_8.1.4_606/lpcxpresso/tools/bin/../lib/gcc/arm-none-eabi/5.2.1/../../../../arm-none-eabi/lib/armv6-m\libcr_c.a(memcmp.o)
                              ./src/eMPL/inv_mpu.o (memcmp)
c:/nxp/lpcxpresso_8.1.4_606/lpcxpresso/tools/bin/../lib/gcc/arm-none-eabi/5.2.1/../../../../arm-none-eabi/lib/armv6-m\libcr_c.a(printf.o)
                              c:/nxp/lpcxpresso_8.1.4_606/lpcxpresso/tools/bin/../lib/gcc/arm-none-eabi/5.2.1/../../../../arm-none-eabi/lib/armv6-m\libcr_c.a(fpprintf.o) (__vfprintf)
c:/nxp/lpcxpresso_8.1.4_606/lpcxpresso/tools/bin/../lib/gcc/arm-none-eabi/5.2.1/../../../../arm-none-eabi/lib/armv6-m\libcr_c.a(setvbuf.o)
                              c:/nxp/lpcxpresso_8.1.4_606/lpcxpresso/tools/bin/../lib/gcc/arm-none-eabi/5.2.1/../../../../arm-none-eabi/lib/armv6-m\libcr_c.a(initio.o) (setvbuf)
c:/nxp/lpcxpresso_8.1.4_606/lpcxpresso/tools/bin/../lib/gcc/arm-none-eabi/5.2.1/../../../../arm-none-eabi/lib/armv6-m\libcr_c.a(stdio.o)
                              c:/nxp/lpcxpresso_8.1.4_606/lpcxpresso/tools/bin/../lib/gcc/arm-none-eabi/5.2.1/../../../../arm-none-eabi/lib/armv6-m\libcr_c.a(fpprintf.o) (__Ciob)
c:/nxp/lpcxpresso_8.1.4_606/lpcxpresso/tools/bin/../lib/gcc/arm-none-eabi/5.2.1/../../../../arm-none-eabi/lib/armv6-m\libcr_c.a(strlen.o)
                              c:/nxp/lpcxpresso_8.1.4_606/lpcxpresso/tools/bin/../lib/gcc/arm-none-eabi/5.2.1/../../../../arm-none-eabi/lib/armv6-m\libcr_c.a(printf.o) (strlen)
c:/nxp/lpcxpresso_8.1.4_606/lpcxpresso/tools/bin/../lib/gcc/arm-none-eabi/5.2.1/../../../../arm-none-eabi/lib/armv6-m\libcr_c.a(time.o)
                              ./src/peripheral/microSD.o (mktime)
c:/nxp/lpcxpresso_8.1.4_606/lpcxpresso/tools/bin/../lib/gcc/arm-none-eabi/5.2.1/../../../../arm-none-eabi/lib/armv6-m\libcr_c.a(__fillbuf.o)
                              c:/nxp/lpcxpresso_8.1.4_606/lpcxpresso/tools/bin/../lib/gcc/arm-none-eabi/5.2.1/../../../../arm-none-eabi/lib/armv6-m\libcr_c.a(stdio.o) (__filbuf)
[...]
Memory Configuration

Name             Origin             Length             Attributes
MFlash64         0x00000000         0x00010000         xr
RamLoc8          0x10000000         0x00002000         xrw
RamUsb2          0x20004000         0x00000800         xrw
SRAM1_2          0x20000000         0x00000800         xrw
*default*        0x00000000         0xffffffff

Linker script and memory map

LOAD ./src/peripheral/adc.o
LOAD ./src/peripheral/cdc_desc.o
LOAD ./src/peripheral/comm.o
LOAD ./src/peripheral/i2c.o
LOAD ./src/peripheral/interrupt.o
LOAD ./src/peripheral/microSD.o
LOAD ./src/peripheral/timer.o
LOAD ./src/peripheral/uart.o
LOAD ./src/peripheral/vcom.o
LOAD ./src/fatfs/ff.o
LOAD ./src/fatfs/mmc_ssp.o
LOAD ./src/eMPL/MotionDriver.o
LOAD ./src/eMPL/inv_mpu.o
LOAD ./src/eMPL/inv_mpu_dmp_motion_driver.o
LOAD ./src/FM.o
LOAD ./src/MPL3115A2.o
LOAD ./src/aeabi_romdiv_patch.o
LOAD ./src/cr_startup_lpc11uxx.o
LOAD ./src/crp.o
LOAD ./src/gps.o
LOAD ./src/power.o
LOAD C:\Users\Yusuke\Documents\LPCXpresso_8.1.4_606\workspace\CMSIS_CORE_LPC11Uxx\Debug\libCMSIS_CORE_LPC11Uxx.a
START GROUP
LOAD c:/nxp/lpcxpresso_8.1.4_606/lpcxpresso/tools/bin/../lib/gcc/arm-none-eabi/5.2.1/../../../../arm-none-eabi/lib/armv6-m\libcr_nohost.a
LOAD c:/nxp/lpcxpresso_8.1.4_606/lpcxpresso/tools/bin/../lib/gcc/arm-none-eabi/5.2.1/../../../../arm-none-eabi/lib/armv6-m\libcr_c.a
LOAD c:/nxp/lpcxpresso_8.1.4_606/lpcxpresso/tools/bin/../lib/gcc/arm-none-eabi/5.2.1/armv6-m\libcr_eabihelpers.a
END GROUP
                0x00000000                __base_MFlash64 = 0x0
                0x00000000                __base_Flash = 0x0
                0x00010000                __top_MFlash64 = 0x10000
                0x00010000                __top_Flash = 0x10000
                0x10000000                __base_RamLoc8 = 0x10000000
                0x10000000                __base_RAM = 0x10000000
                0x10002000                __top_RamLoc8 = 0x10002000
                0x10002000                __top_RAM = 0x10002000
                0x20004000                __base_RamUsb2 = 0x20004000
                0x20004000                __base_RAM2 = 0x20004000
                0x20004800                __top_RamUsb2 = 0x20004800
                0x20004800                __top_RAM2 = 0x20004800
                0x20000000                __base_SRAM1_2 = 0x20000000
                0x20000000                __base_RAM3 = 0x20000000
                0x20000800                __top_SRAM1_2 = 0x20000800
                0x20000800                __top_RAM3 = 0x20000800

.text           0x00000000     0xf4c0
 FILL mask 0xff
                0x00000000                __vectors_start__ = ABSOLUTE (.)
 *(.isr_vector)
 .isr_vector    0x00000000       0xc0 ./src/cr_startup_lpc11uxx.o
                0x00000000                g_pfnVectors
                0x000000c0                . = ALIGN (0x4)
                0x000000c0                __section_table_start = .
                0x000000c0                __data_section_table = .
                0x000000c0        0x4 LONG 0xf4c0 LOADADDR (.data)
                0x000000c4        0x4 LONG 0x10000000 ADDR (.data)
                0x000000c8        0x4 LONG 0x70 SIZEOF (.data)
                0x000000cc        0x4 LONG 0xf4c0 LOADADDR (.data_RAM2)
                0x000000d0        0x4 LONG 0x20004000 ADDR (.data_RAM2)
                0x000000d4        0x4 LONG 0x0 SIZEOF (.data_RAM2)
                0x000000d8        0x4 LONG 0xf4c0 LOADADDR (.data_RAM3)
                0x000000dc        0x4 LONG 0x20000000 ADDR (.data_RAM3)
                0x000000e0        0x4 LONG 0x0 SIZEOF (.data_RAM3)
                0x000000e4                __data_section_table_end = .
                0x000000e4                __bss_section_table = .
                0x000000e4        0x4 LONG 0x10000070 ADDR (.bss)
                0x000000e8        0x4 LONG 0x9cc SIZEOF (.bss)
                0x000000ec        0x4 LONG 0x20004000 ADDR (.bss_RAM2)
                0x000000f0        0x4 LONG 0x0 SIZEOF (.bss_RAM2)
                0x000000f4        0x4 LONG 0x20000000 ADDR (.bss_RAM3)
                0x000000f8        0x4 LONG 0x0 SIZEOF (.bss_RAM3)
                0x000000fc                __bss_section_table_end = .
                0x000000fc                __section_table_end = .
 *(.after_vectors*)
 .after_vectors
                0x000000fc      0x138 ./src/cr_startup_lpc11uxx.o
                0x000000fc                data_init
                0x0000013c                bss_init
                0x00000170                ResetISR
                0x00000204                NMI_Handler
                0x0000020c                HardFault_Handler
                0x00000214                SVC_Handler
                0x0000021c                PendSV_Handler
                0x0000022c                FLEX_INT7_IRQHandler
                0x0000022c                FLEX_INT2_IRQHandler
                0x0000022c                USBWakeup_IRQHandler
                0x0000022c                SSP0_IRQHandler
                0x0000022c                FLEX_INT5_IRQHandler
                0x0000022c                ADC_IRQHandler
                0x0000022c                SSP1_IRQHandler
                0x0000022c                FLEX_INT3_IRQHandler
                0x0000022c                BOD_IRQHandler
                0x0000022c                WDT_IRQHandler
                0x0000022c                IntDefaultHandler
                0x0000022c                GINT0_IRQHandler
                0x0000022c                FLEX_INT4_IRQHandler
                0x0000022c                USB_FIQHandler
                0x0000022c                FLEX_INT6_IRQHandler
                0x0000022c                FMC_IRQHandler
                0x0000022c                GINT1_IRQHandler
                0x000002fc                . = 0x2fc
 *fill*         0x00000234       0xc8 ff
                0x000002fc                PROVIDE (__CRP_WORD_START__, .)
 *(.crp)
 .crp           0x000002fc        0x4 ./src/crp.o
                0x000002fc                CRP_WORD
                0x00000300                PROVIDE (__CRP_WORD_END__, .)
                0x00000001                ASSERT (! ((__CRP_WORD_START__ == __CRP_WORD_END__)), Linker CRP Enabled, but no CRP_WORD provided within application)
 *(.text*)
 .text.ADC_initialize
                0x00000300       0x90 ./src/peripheral/adc.o
                0x00000300                ADC_initialize
 .text.ADC_read
                0x00000390       0x48 ./src/peripheral/adc.o
                0x00000390                ADC_read
 .text.ADC_SMA_initialize
                0x000003d8       0x28 ./src/peripheral/adc.o
                0x000003d8                ADC_SMA_initialize
 .text.ADC_SMA_read
                0x00000400       0x80 ./src/peripheral/adc.o
                0x00000400                ADC_SMA_read
 .text.UART_IRQHandler
                0x00000480      0x1a4 ./src/peripheral/comm.o
                0x00000480                UART_IRQHandler
 .text.SavePacket
                0x00000624      0x220 ./src/peripheral/comm.o
                0x00000624                SavePacket
 .text.AnalyzePacket
                0x00000844      0x10c ./src/peripheral/comm.o
                0x00000844                AnalyzePacket
 .text.checksum
                0x00000950       0x48 ./src/peripheral/comm.o
                0x00000950                checksum
 .text.Binary_Simplicity
                0x00000998      0x144 ./src/peripheral/comm.o
                0x00000998                Binary_Simplicity
 .text.Binary_Extension
                0x00000adc      0x154 ./src/peripheral/comm.o
                0x00000adc                Binary_Extension
 .text.send_GPS
                0x00000c30      0x21c ./src/peripheral/comm.o
                0x00000c30                send_GPS
 .text.send_Pressure
                0x00000e4c       0x70 ./src/peripheral/comm.o
                0x00000e4c                send_Pressure
 .text.send_data
                0x00000ebc      0x470 ./src/peripheral/comm.o
                0x00000ebc                send_data
 .text.send_PC  0x0000132c      0x270 ./src/peripheral/comm.o
                0x0000132c                send_PC
 .text.send_Status
                0x0000159c       0xa4 ./src/peripheral/comm.o
                0x0000159c                send_Status
 .text.send_Display
                0x00001640       0x74 ./src/peripheral/comm.o
                0x00001640                send_Display
 .text.check_connection
                0x000016b4       0xa8 ./src/peripheral/comm.o
                0x000016b4                check_connection
 .text.NVIC_EnableIRQ
                0x0000175c       0x2c ./src/peripheral/i2c.o
 .text.I2C_IRQHandler
                0x00001788      0x220 ./src/peripheral/i2c.o
                0x00001788                I2C_IRQHandler
 .text.I2C_Engine
                0x000019a8       0x6c ./src/peripheral/i2c.o
                0x000019a8                I2C_Engine
 .text.I2C_Initialize
                0x00001a14       0x60 ./src/peripheral/i2c.o
                0x00001a14                I2C_Initialize
 .text.I2C_Read
                0x00001a74       0xb8 ./src/peripheral/i2c.o
                0x00001a74                I2C_Read
 .text.I2C_Write
                0x00001b2c       0xa8 ./src/peripheral/i2c.o
                0x00001b2c                I2C_Write
 .text.I2C_ublox_Write
                0x00001bd4       0x78 ./src/peripheral/i2c.o
                0x00001bd4                I2C_ublox_Write
 .text.NVIC_EnableIRQ
                0x00001c4c       0x2c ./src/peripheral/interrupt.o
 .text.FLEX_INT0_IRQHandler
                0x00001c78       0xb0 ./src/peripheral/interrupt.o
                0x00001c78                FLEX_INT0_IRQHandler
 .text.FLEX_INT1_IRQHandler
                0x00001d28       0x60 ./src/peripheral/interrupt.o
                0x00001d28                FLEX_INT1_IRQHandler
 .text.interrupt_initialize
                0x00001d88       0xc8 ./src/peripheral/interrupt.o
                0x00001d88                interrupt_initialize
 .text.open_microSD
                0x00001e50       0xd8 ./src/peripheral/microSD.o
                0x00001e50                open_microSD
 .text.save_GPS
                0x00001f28      0x2e8 ./src/peripheral/microSD.o
                0x00001f28                save_GPS
 .text.save_QUAT
                0x00002210      0x278 ./src/peripheral/microSD.o
                0x00002210                save_QUAT
 .text.save_Instrument
                0x00002488      0x18c ./src/peripheral/microSD.o
                0x00002488                save_Instrument
 .text.save_PowerMeter
                0x00002614      0x218 ./src/peripheral/microSD.o
                0x00002614                save_PowerMeter
 .text.save_Status
                0x0000282c      0x17c ./src/peripheral/microSD.o
                0x0000282c                save_Status
 .text.save_Pressure
                0x000029a8      0x1a4 ./src/peripheral/microSD.o
                0x000029a8                save_Pressure
 .text.NVIC_EnableIRQ
                0x00002b4c       0x2c ./src/peripheral/timer.o
 .text.NVIC_SetPriority
                0x00002b78       0xdc ./src/peripheral/timer.o
 .text.SysTick_Config
                0x00002c54       0x48 ./src/peripheral/timer.o
 .text.SysTick_Handler
                0x00002c9c       0x1c ./src/peripheral/timer.o
                0x00002c9c                SysTick_Handler
 .text.TIMER16_0_IRQHandler
                0x00002cb8       0x30 ./src/peripheral/timer.o
                0x00002cb8                TIMER16_0_IRQHandler
 .text.TIMER16_1_IRQHandler
                0x00002ce8      0x1d8 ./src/peripheral/timer.o
                0x00002ce8                TIMER16_1_IRQHandler
 .text.TIMER32_0_IRQHandler
                0x00002ec0       0x30 ./src/peripheral/timer.o
                0x00002ec0                TIMER32_0_IRQHandler
 .text.TIMER32_1_IRQHandler
                0x00002ef0       0x30 ./src/peripheral/timer.o
                0x00002ef0                TIMER32_1_IRQHandler
 .text.SysTick_initialize
                0x00002f20       0x24 ./src/peripheral/timer.o
                0x00002f20                SysTick_initialize
 .text.get_ms   0x00002f44       0x1c ./src/peripheral/timer.o
                0x00002f44                get_ms
 .text.delay_ms
                0x00002f60       0x2c ./src/peripheral/timer.o
                0x00002f60                delay_ms
 .text.Timer16_0_initialize
                0x00002f8c       0x64 ./src/peripheral/timer.o
                0x00002f8c                Timer16_0_initialize
 .text.Timer16_1_initialize
                0x00002ff0       0x6c ./src/peripheral/timer.o
                0x00002ff0                Timer16_1_initialize
 .text.Timer16_0_start
                0x0000305c       0x1c ./src/peripheral/timer.o
                0x0000305c                Timer16_0_start
 .text.Timer32_0_initialize
                0x00003078       0x5c ./src/peripheral/timer.o
                0x00003078                Timer32_0_initialize
 .text.Timer32_0_start
                0x000030d4       0x1c ./src/peripheral/timer.o
                0x000030d4                Timer32_0_start
 .text.Timer32_1_initialize
                0x000030f0       0x5c ./src/peripheral/timer.o
                0x000030f0                Timer32_1_initialize
 .text.Timer32_1_start
                0x0000314c       0x1c ./src/peripheral/timer.o
                0x0000314c                Timer32_1_start
 .text.NVIC_EnableIRQ
                0x00003168       0x2c ./src/peripheral/uart.o
 .text.NVIC_DisableIRQ
                0x00003194       0x30 ./src/peripheral/uart.o
 .text.UART_Initialize
                0x000031c4       0xc0 ./src/peripheral/uart.o
                0x000031c4                UART_Initialize
 .text.UART_Send
                0x00003284       0x40 ./src/peripheral/uart.o
                0x00003284                UART_Send
 .text.UART_printf
                0x000032c4       0x98 ./src/peripheral/uart.o
                0x000032c4                UART_printf
 .text.NVIC_EnableIRQ
                0x0000335c       0x2c ./src/peripheral/vcom.o
 .text.USB_pin_clk_init
                0x00003388       0x68 ./src/peripheral/vcom.o
                0x00003388                USB_pin_clk_init
 .text.VCOM_usb_send
                0x000033f0       0x40 ./src/peripheral/vcom.o
                0x000033f0                VCOM_usb_send
 .text.VCOM_SetLineCode
                0x00003430       0x50 ./src/peripheral/vcom.o
                0x00003430                VCOM_SetLineCode
 .text.VCOM_sof_event
                0x00003480       0x38 ./src/peripheral/vcom.o
                0x00003480                VCOM_sof_event
 .text.VCOM_SendBreak
                0x000034b8       0x60 ./src/peripheral/vcom.o
                0x000034b8                VCOM_SendBreak
 .text.VCOM_bulk_in_hdlr
                0x00003518       0x18 ./src/peripheral/vcom.o
                0x00003518                VCOM_bulk_in_hdlr
 .text.VCOM_bulk_out_hdlr
                0x00003530       0x60 ./src/peripheral/vcom.o
                0x00003530                VCOM_bulk_out_hdlr
 .text.USB_IRQHandler
                0x00003590       0x24 ./src/peripheral/vcom.o
                0x00003590                USB_IRQHandler
 .text.vcom_send
                0x000035b4       0xcc ./src/peripheral/vcom.o
                0x000035b4                vcom_send
 .text.vcom_printf
                0x00003680       0x98 ./src/peripheral/vcom.o
                0x00003680                vcom_printf
 .text.vcom_init
                0x00003718      0x21c ./src/peripheral/vcom.o
                0x00003718                vcom_init
 .text.ld_word  0x00003934       0x3c ./src/fatfs/ff.o
 .text.ld_dword
                0x00003970       0x44 ./src/fatfs/ff.o
 .text.st_word  0x000039b4       0x3c ./src/fatfs/ff.o
 .text.st_dword
                0x000039f0       0x54 ./src/fatfs/ff.o
 .text.mem_cpy  0x00003a44       0x40 ./src/fatfs/ff.o
 .text.mem_set  0x00003a84       0x30 ./src/fatfs/ff.o
 .text.mem_cmp  0x00003ab4       0x4c ./src/fatfs/ff.o
 .text.chk_chr  0x00003b00       0x34 ./src/fatfs/ff.o
 .text.sync_window
                0x00003b34       0x94 ./src/fatfs/ff.o
 .text.move_window
                0x00003bc8       0x70 ./src/fatfs/ff.o
 .text.sync_fs  0x00003c38       0xfc ./src/fatfs/ff.o
 .text.clust2sect
                0x00003d34       0x38 ./src/fatfs/ff.o
 .text.get_fat  0x00003d6c      0x154 ./src/fatfs/ff.o
 .text.put_fat  0x00003ec0      0x218 ./src/fatfs/ff.o
 .text.remove_chain
                0x000040d8       0xe8 ./src/fatfs/ff.o
 .text.create_chain
                0x000041c0      0x150 ./src/fatfs/ff.o
 .text.dir_sdi  0x00004310      0x100 ./src/fatfs/ff.o
 .text.dir_next
                0x00004410      0x198 ./src/fatfs/ff.o
 .text.dir_alloc
                0x000045a8       0xb8 ./src/fatfs/ff.o
 .text.ld_clust
                0x00004660       0x40 ./src/fatfs/ff.o
 .text.st_clust
                0x000046a0       0x40 ./src/fatfs/ff.o
 .text.dir_find
                0x000046e0       0xdc ./src/fatfs/ff.o
 .text.dir_register
                0x000047bc       0x7c ./src/fatfs/ff.o
 .text.create_name
                0x00004838      0x328 ./src/fatfs/ff.o
 .text.follow_path
                0x00004b60      0x160 ./src/fatfs/ff.o
 .text.get_ldnumber
                0x00004cc0       0x84 ./src/fatfs/ff.o
 .text.check_fs
                0x00004d44       0x94 ./src/fatfs/ff.o
 .text.find_volume
                0x00004dd8      0x4e8 ./src/fatfs/ff.o
 .text.validate
                0x000052c0       0x78 ./src/fatfs/ff.o
 .text.f_mount  0x00005338       0x94 ./src/fatfs/ff.o
                0x00005338                f_mount
 .text.f_open   0x000053cc      0x2b8 ./src/fatfs/ff.o
                0x000053cc                f_open
 .text.f_write  0x00005684      0x2dc ./src/fatfs/ff.o
                0x00005684                f_write
 .text.f_sync   0x00005960      0x118 ./src/fatfs/ff.o
                0x00005960                f_sync
 .text.get_fattime
                0x00005a78       0x58 ./src/fatfs/ff.o
                0x00005a78                get_fattime
 .text.xchg_spi
                0x00005ad0       0x34 ./src/fatfs/mmc_ssp.o
 .text.rcvr_spi_multi
                0x00005b04       0xe0 ./src/fatfs/mmc_ssp.o
 .text.xmit_spi_multi
                0x00005be4       0xec ./src/fatfs/mmc_ssp.o
 .text.wait_ready
                0x00005cd0       0x48 ./src/fatfs/mmc_ssp.o
 .text.deselect
                0x00005d18       0x20 ./src/fatfs/mmc_ssp.o
 .text.select   0x00005d38       0x38 ./src/fatfs/mmc_ssp.o
 .text.power_on
                0x00005d70      0x120 ./src/fatfs/mmc_ssp.o
 .text.power_off
                0x00005e90       0x14 ./src/fatfs/mmc_ssp.o
 .text.rcvr_datablock
                0x00005ea4       0x64 ./src/fatfs/mmc_ssp.o
 .text.xmit_datablock
                0x00005f08       0x74 ./src/fatfs/mmc_ssp.o
 .text.send_cmd
                0x00005f7c      0x128 ./src/fatfs/mmc_ssp.o
 .text.disk_initialize
                0x000060a4      0x228 ./src/fatfs/mmc_ssp.o
                0x000060a4                disk_initialize
 .text.disk_status
                0x000062cc       0x2c ./src/fatfs/mmc_ssp.o
                0x000062cc                disk_status
 .text.disk_read
                0x000062f8       0xd0 ./src/fatfs/mmc_ssp.o
                0x000062f8                disk_read
 .text.disk_write
                0x000063c8      0x100 ./src/fatfs/mmc_ssp.o
                0x000063c8                disk_write
 .text.disk_ioctl
                0x000064c8      0x42c ./src/fatfs/mmc_ssp.o
                0x000064c8                disk_ioctl
 .text.disk_timerproc
                0x000068f4       0xa8 ./src/fatfs/mmc_ssp.o
                0x000068f4                disk_timerproc
 .text.inv_row_2_scale
                0x0000699c       0xa0 ./src/eMPL/MotionDriver.o
 .text.inv_orientation_matrix_to_scalar
                0x00006a3c       0x68 ./src/eMPL/MotionDriver.o
 .text.tap_cb   0x00006aa4       0x30 ./src/eMPL/MotionDriver.o
 .text.android_orient_cb
                0x00006ad4       0x14 ./src/eMPL/MotionDriver.o
 .text.dmp_initialize
                0x00006ae8      0x214 ./src/eMPL/MotionDriver.o
                0x00006ae8                dmp_initialize
 .text.inv_q29_mult
                0x00006cfc       0x4c ./src/eMPL/MotionDriver.o
                0x00006cfc                inv_q29_mult
 .text.quat2euler
                0x00006d48      0x524 ./src/eMPL/MotionDriver.o
                0x00006d48                quat2euler
 .text.dmp_read_quat
                0x0000726c       0x90 ./src/eMPL/MotionDriver.o
                0x0000726c                dmp_read_quat
 .text.reg_int_cb
                0x000072fc       0x14 ./src/eMPL/inv_mpu.o
 .text.set_int_enable
                0x00007310       0xd0 ./src/eMPL/inv_mpu.o
 .text.mpu_init
                0x000073e0      0x194 ./src/eMPL/inv_mpu.o
                0x000073e0                mpu_init
 .text.mpu_lp_accel_mode
                0x00007574      0x1c4 ./src/eMPL/inv_mpu.o
                0x00007574                mpu_lp_accel_mode
 .text.mpu_reset_fifo
                0x00007738      0x20c ./src/eMPL/inv_mpu.o
                0x00007738                mpu_reset_fifo
 .text.mpu_get_gyro_fsr
                0x00007944       0x60 ./src/eMPL/inv_mpu.o
                0x00007944                mpu_get_gyro_fsr
 .text.mpu_set_gyro_fsr
                0x000079a4       0xc8 ./src/eMPL/inv_mpu.o
                0x000079a4                mpu_set_gyro_fsr
 .text.mpu_get_accel_fsr
                0x00007a6c       0x6c ./src/eMPL/inv_mpu.o
                0x00007a6c                mpu_get_accel_fsr
 .text.mpu_set_accel_fsr
                0x00007ad8       0xb4 ./src/eMPL/inv_mpu.o
                0x00007ad8                mpu_set_accel_fsr
 .text.mpu_set_lpf
                0x00007b8c       0xf8 ./src/eMPL/inv_mpu.o
                0x00007b8c                mpu_set_lpf
 .text.mpu_get_sample_rate
                0x00007c84       0x30 ./src/eMPL/inv_mpu.o
                0x00007c84                mpu_get_sample_rate
 .text.mpu_set_sample_rate
                0x00007cb4      0x104 ./src/eMPL/inv_mpu.o
                0x00007cb4                mpu_set_sample_rate
 .text.mpu_set_compass_sample_rate
                0x00007db8       0x9c ./src/eMPL/inv_mpu.o
                0x00007db8                mpu_set_compass_sample_rate
 .text.mpu_get_fifo_count
                0x00007e54       0x54 ./src/eMPL/inv_mpu.o
                0x00007e54                mpu_get_fifo_count
 .text.mpu_configure_fifo
                0x00007ea8       0xb8 ./src/eMPL/inv_mpu.o
                0x00007ea8                mpu_configure_fifo
 .text.mpu_set_sensors
                0x00007f60      0x21c ./src/eMPL/inv_mpu.o
                0x00007f60                mpu_set_sensors
 .text.mpu_read_fifo_stream
                0x0000817c      0x128 ./src/eMPL/inv_mpu.o
                0x0000817c                mpu_read_fifo_stream
 .text.mpu_set_bypass
                0x000082a4      0x1c8 ./src/eMPL/inv_mpu.o
                0x000082a4                mpu_set_bypass
 .text.mpu_set_int_latched
                0x0000846c       0xa8 ./src/eMPL/inv_mpu.o
                0x0000846c                mpu_set_int_latched
 .text.mpu_write_mem
                0x00008514       0xb8 ./src/eMPL/inv_mpu.o
                0x00008514                mpu_write_mem
 .text.mpu_read_mem
                0x000085cc       0xb8 ./src/eMPL/inv_mpu.o
                0x000085cc                mpu_read_mem
 .text.mpu_load_firmware
                0x00008684      0x150 ./src/eMPL/inv_mpu.o
                0x00008684                mpu_load_firmware
 .text.mpu_set_dmp_state
                0x000087d4       0xb8 ./src/eMPL/inv_mpu.o
                0x000087d4                mpu_set_dmp_state
 .text.setup_compass
                0x0000888c      0x2a4 ./src/eMPL/inv_mpu.o
 .text.dmp_load_motion_driver_firmware
                0x00008b30       0x24 ./src/eMPL/inv_mpu_dmp_motion_driver.o
                0x00008b30                dmp_load_motion_driver_firmware
 .text.dmp_set_orientation
                0x00008b54      0x224 ./src/eMPL/inv_mpu_dmp_motion_driver.o
                0x00008b54                dmp_set_orientation
 .text.dmp_set_fifo_rate
                0x00008d78       0xb8 ./src/eMPL/inv_mpu_dmp_motion_driver.o
                0x00008d78                dmp_set_fifo_rate
 .text.dmp_set_tap_thresh
                0x00008e30      0x260 ./src/eMPL/inv_mpu_dmp_motion_driver.o
                0x00008e30                dmp_set_tap_thresh
 .text.dmp_set_tap_axes
                0x00009090       0x84 ./src/eMPL/inv_mpu_dmp_motion_driver.o
                0x00009090                dmp_set_tap_axes
 .text.dmp_set_tap_count
                0x00009114       0x54 ./src/eMPL/inv_mpu_dmp_motion_driver.o
                0x00009114                dmp_set_tap_count
 .text.dmp_set_tap_time
                0x00009168       0x5c ./src/eMPL/inv_mpu_dmp_motion_driver.o
                0x00009168                dmp_set_tap_time
 .text.dmp_set_tap_time_multi
                0x000091c4       0x5c ./src/eMPL/inv_mpu_dmp_motion_driver.o
                0x000091c4                dmp_set_tap_time_multi
 .text.dmp_set_shake_reject_thresh
                0x00009220       0x70 ./src/eMPL/inv_mpu_dmp_motion_driver.o
                0x00009220                dmp_set_shake_reject_thresh
 .text.dmp_set_shake_reject_time
                0x00009290       0x54 ./src/eMPL/inv_mpu_dmp_motion_driver.o
                0x00009290                dmp_set_shake_reject_time
 .text.dmp_set_shake_reject_timeout
                0x000092e4       0x54 ./src/eMPL/inv_mpu_dmp_motion_driver.o
                0x000092e4                dmp_set_shake_reject_timeout
 .text.dmp_enable_feature
                0x00009338      0x2f0 ./src/eMPL/inv_mpu_dmp_motion_driver.o
                0x00009338                dmp_enable_feature
 .text.dmp_enable_gyro_cal
                0x00009628       0x70 ./src/eMPL/inv_mpu_dmp_motion_driver.o
                0x00009628                dmp_enable_gyro_cal
 .text.dmp_enable_lp_quat
                0x00009698       0x64 ./src/eMPL/inv_mpu_dmp_motion_driver.o
                0x00009698                dmp_enable_lp_quat
 .text.dmp_enable_6x_lp_quat
                0x000096fc       0x64 ./src/eMPL/inv_mpu_dmp_motion_driver.o
                0x000096fc                dmp_enable_6x_lp_quat
 .text.decode_gesture
                0x00009760       0xac ./src/eMPL/inv_mpu_dmp_motion_driver.o
 .text.dmp_set_interrupt_mode
                0x0000980c       0x78 ./src/eMPL/inv_mpu_dmp_motion_driver.o
                0x0000980c                dmp_set_interrupt_mode
 .text.dmp_read_fifo
                0x00009884      0x340 ./src/eMPL/inv_mpu_dmp_motion_driver.o
                0x00009884                dmp_read_fifo
 .text.dmp_register_tap_cb
                0x00009bc4       0x1c ./src/eMPL/inv_mpu_dmp_motion_driver.o
                0x00009bc4                dmp_register_tap_cb
 .text.dmp_register_android_orient_cb
                0x00009be0       0x1c ./src/eMPL/inv_mpu_dmp_motion_driver.o
                0x00009be0                dmp_register_android_orient_cb
 .text.main     0x00009bfc      0x540 ./src/FM.o
                0x00009bfc                main
 .text.MPL3115A2_WriteReg
                0x0000a13c       0x38 ./src/MPL3115A2.o
                0x0000a13c                MPL3115A2_WriteReg
 .text.MPL3115A2_ReadRegs
                0x0000a174       0x30 ./src/MPL3115A2.o
                0x0000a174                MPL3115A2_ReadRegs
 .text.MPL3115A2_initialize
                0x0000a1a4       0x4c ./src/MPL3115A2.o
                0x0000a1a4                MPL3115A2_initialize
 .text.MPL3115A2_Read
                0x0000a1f0       0x64 ./src/MPL3115A2.o
                0x0000a1f0                MPL3115A2_Read
 .text.UBX_send
                0x0000a254      0x1a4 ./src/gps.o
                0x0000a254                UBX_send
 .text.GPS_initialize
                0x0000a3f8       0xe0 ./src/gps.o
                0x0000a3f8                GPS_initialize
 .text.GPS_fifo_length
                0x0000a4d8       0x34 ./src/gps.o
                0x0000a4d8                GPS_fifo_length
 .text.GPS_read_fifo
                0x0000a50c       0x54 ./src/gps.o
                0x0000a50c                GPS_read_fifo
 .text.GPS_read_NAV_PVT
                0x0000a560      0x260 ./src/gps.o
                0x0000a560                GPS_read_NAV_PVT
 .text.PowerMeter_getPower
                0x0000a7c0      0x10c ./src/power.o
                0x0000a7c0                PowerMeter_getPower
 .text.PowerMeter_initialize
                0x0000a8cc       0x20 ./src/power.o
                0x0000a8cc                PowerMeter_initialize
 .text.PowerMeter_setOffset
                0x0000a8ec       0x84 ./src/power.o
                0x0000a8ec                PowerMeter_setOffset
 .text.SystemCoreClockUpdate
                0x0000a970       0xa0 C:\Users\Yusuke\Documents\LPCXpresso_8.1.4_606\workspace\CMSIS_CORE_LPC11Uxx\Debug\libCMSIS_CORE_LPC11Uxx.a(system_LPC11Uxx.o)
                0x0000a970                SystemCoreClockUpdate
 .text.SystemInit
                0x0000aa10       0xd4 C:\Users\Yusuke\Documents\LPCXpresso_8.1.4_606\workspace\CMSIS_CORE_LPC11Uxx\Debug\libCMSIS_CORE_LPC11Uxx.a(system_LPC11Uxx.o)
                0x0000aa10                SystemInit
 .text.__main   0x0000aae4       0x12 c:/nxp/lpcxpresso_8.1.4_606/lpcxpresso/tools/bin/../lib/gcc/arm-none-eabi/5.2.1/../../../../arm-none-eabi/lib/armv6-m\libcr_nohost.a(_cr__main.o)
                0x0000aae4                __main
 *fill*         0x0000aaf6        0x2 ff
 .text.atan2f   0x0000aaf8       0xc0 c:/nxp/lpcxpresso_8.1.4_606/lpcxpresso/tools/bin/../lib/gcc/arm-none-eabi/5.2.1/../../../../arm-none-eabi/lib/armv6-m\libcr_c.a(atan2f.o)
                0x0000aaf8                atan2f
 .text.atanf    0x0000abb8      0x114 c:/nxp/lpcxpresso_8.1.4_606/lpcxpresso/tools/bin/../lib/gcc/arm-none-eabi/5.2.1/../../../../arm-none-eabi/lib/armv6-m\libcr_c.a(atanf.o)
                0x0000abb8                atanf
 .text.fabsf    0x0000accc       0x1a c:/nxp/lpcxpresso_8.1.4_606/lpcxpresso/tools/bin/../lib/gcc/arm-none-eabi/5.2.1/../../../../arm-none-eabi/lib/armv6-m\libcr_c.a(fabsf.o)
                0x0000accc                fabsf
 *fill*         0x0000ace6        0x2 ff
 .text.sqrtf    0x0000ace8       0xbc c:/nxp/lpcxpresso_8.1.4_606/lpcxpresso/tools/bin/../lib/gcc/arm-none-eabi/5.2.1/../../../../arm-none-eabi/lib/armv6-m\libcr_c.a(sqrtf.o)
                0x0000ace8                sqrtf
 .text.memcpy   0x0000ada4        0x8 c:/nxp/lpcxpresso_8.1.4_606/lpcxpresso/tools/bin/../lib/gcc/arm-none-eabi/5.2.1/../../../../arm-none-eabi/lib/armv6-m\libcr_c.a(memcpy.o)
                0x0000ada4                memcpy
 .text.memset   0x0000adac        0x8 c:/nxp/lpcxpresso_8.1.4_606/lpcxpresso/tools/bin/../lib/gcc/arm-none-eabi/5.2.1/../../../../arm-none-eabi/lib/armv6-m\libcr_c.a(memset.o)
                0x0000adac                memset
 .text.fp_round
                0x0000adb4       0x4a c:/nxp/lpcxpresso_8.1.4_606/lpcxpresso/tools/bin/../lib/gcc/arm-none-eabi/5.2.1/../../../../arm-none-eabi/lib/armv6-m\libcr_c.a(fpprintf.o)
 .text.pr_dec.constprop.1
                0x0000adfe       0x2a c:/nxp/lpcxpresso_8.1.4_606/lpcxpresso/tools/bin/../lib/gcc/arm-none-eabi/5.2.1/../../../../arm-none-eabi/lib/armv6-m\libcr_c.a(fpprintf.o)
 .text.sprintf  0x0000ae28       0x6c c:/nxp/lpcxpresso_8.1.4_606/lpcxpresso/tools/bin/../lib/gcc/arm-none-eabi/5.2.1/../../../../arm-none-eabi/lib/armv6-m\libcr_c.a(fpprintf.o)
                0x0000ae28                sprintf
 .text.fp_display
                0x0000ae94      0x93c c:/nxp/lpcxpresso_8.1.4_606/lpcxpresso/tools/bin/../lib/gcc/arm-none-eabi/5.2.1/../../../../arm-none-eabi/lib/armv6-m\libcr_c.a(fpprintf.o)
 .text.vsprintf
                0x0000b7d0       0x60 c:/nxp/lpcxpresso_8.1.4_606/lpcxpresso/tools/bin/../lib/gcc/arm-none-eabi/5.2.1/../../../../arm-none-eabi/lib/armv6-m\libcr_c.a(fpprintf.o)
                0x0000b7d0                vsprintf
 .text._initio  0x0000b830       0xa8 c:/nxp/lpcxpresso_8.1.4_606/lpcxpresso/tools/bin/../lib/gcc/arm-none-eabi/5.2.1/../../../../arm-none-eabi/lib/armv6-m\libcr_c.a(initio.o)
                0x0000b830                _initio
 .text.memcmp   0x0000b8d8       0x3a c:/nxp/lpcxpresso_8.1.4_606/lpcxpresso/tools/bin/../lib/gcc/arm-none-eabi/5.2.1/../../../../arm-none-eabi/lib/armv6-m\libcr_c.a(memcmp.o)
                0x0000b8d8                memcmp
 *fill*         0x0000b912        0x2 ff
 .text.__vfprintf
                0x0000b914      0xd5c c:/nxp/lpcxpresso_8.1.4_606/lpcxpresso/tools/bin/../lib/gcc/arm-none-eabi/5.2.1/../../../../arm-none-eabi/lib/armv6-m\libcr_c.a(printf.o)
                0x0000b914                __vfprintf
 .text.setvbuf  0x0000c670       0x48 c:/nxp/lpcxpresso_8.1.4_606/lpcxpresso/tools/bin/../lib/gcc/arm-none-eabi/5.2.1/../../../../arm-none-eabi/lib/armv6-m\libcr_c.a(setvbuf.o)
                0x0000c670                setvbuf
 .text.strlen   0x0000c6b8       0x54 c:/nxp/lpcxpresso_8.1.4_606/lpcxpresso/tools/bin/../lib/gcc/arm-none-eabi/5.2.1/../../../../arm-none-eabi/lib/armv6-m\libcr_c.a(strlen.o)
                0x0000c6b8                strlen
 .text.tm_carry
                0x0000c70c       0x50 c:/nxp/lpcxpresso_8.1.4_606/lpcxpresso/tools/bin/../lib/gcc/arm-none-eabi/5.2.1/../../../../arm-none-eabi/lib/armv6-m\libcr_c.a(time.o)
 .text.mktime   0x0000c75c      0x180 c:/nxp/lpcxpresso_8.1.4_606/lpcxpresso/tools/bin/../lib/gcc/arm-none-eabi/5.2.1/../../../../arm-none-eabi/lib/armv6-m\libcr_c.a(time.o)
                0x0000c75c                mktime
 .text.localtime
                0x0000c8dc       0xd4 c:/nxp/lpcxpresso_8.1.4_606/lpcxpresso/tools/bin/../lib/gcc/arm-none-eabi/5.2.1/../../../../arm-none-eabi/lib/armv6-m\libcr_c.a(time.o)
                0x0000c8dc                localtime
 .text.gmtime   0x0000c9b0        0x8 c:/nxp/lpcxpresso_8.1.4_606/lpcxpresso/tools/bin/../lib/gcc/arm-none-eabi/5.2.1/../../../../arm-none-eabi/lib/armv6-m\libcr_c.a(time.o)
                0x0000c9b0                gmtime
 .text._deferredlazyseek
                0x0000c9b8       0x44 c:/nxp/lpcxpresso_8.1.4_606/lpcxpresso/tools/bin/../lib/gcc/arm-none-eabi/5.2.1/../../../../arm-none-eabi/lib/armv6-m\libcr_c.a(_deferredlazyseek.o)
                0x0000c9b8                _deferredlazyseek
 .text.__flsbuf
                0x0000c9fc      0x150 c:/nxp/lpcxpresso_8.1.4_606/lpcxpresso/tools/bin/../lib/gcc/arm-none-eabi/5.2.1/../../../../arm-none-eabi/lib/armv6-m\libcr_c.a(_deferredlazyseek.o)
                0x0000c9fc                __flsbuf
 .text._fdopen  0x0000cb4c       0x74 c:/nxp/lpcxpresso_8.1.4_606/lpcxpresso/tools/bin/../lib/gcc/arm-none-eabi/5.2.1/../../../../arm-none-eabi/lib/armv6-m\libcr_c.a(_fdopen.o)
                0x0000cb4c                _fdopen
 .text._fflush  0x0000cbc0       0x64 c:/nxp/lpcxpresso_8.1.4_606/lpcxpresso/tools/bin/../lib/gcc/arm-none-eabi/5.2.1/../../../../arm-none-eabi/lib/armv6-m\libcr_c.a(_fflush.o)
                0x0000cbc0                _fflush
 .text._frexpl  0x0000cc24       0x80 c:/nxp/lpcxpresso_8.1.4_606/lpcxpresso/tools/bin/../lib/gcc/arm-none-eabi/5.2.1/../../../../arm-none-eabi/lib/armv6-m\libcr_c.a(_frexpl.o)
                0x0000cc24                _frexpl
 .text._ldexpl  0x0000cca4       0x58 c:/nxp/lpcxpresso_8.1.4_606/lpcxpresso/tools/bin/../lib/gcc/arm-none-eabi/5.2.1/../../../../arm-none-eabi/lib/armv6-m\libcr_c.a(_ldexpl.o)
                0x0000cca4                _ldexpl
 .text._Cwritebuf
                0x0000ccfc       0x6c c:/nxp/lpcxpresso_8.1.4_606/lpcxpresso/tools/bin/../lib/gcc/arm-none-eabi/5.2.1/../../../../arm-none-eabi/lib/armv6-m\libcr_c.a(_writebuf.o)
                0x0000ccfc                _Cwritebuf
 .text.malloc   0x0000cd68       0xcc c:/nxp/lpcxpresso_8.1.4_606/lpcxpresso/tools/bin/../lib/gcc/arm-none-eabi/5.2.1/../../../../arm-none-eabi/lib/armv6-m\libcr_c.a(alloc.o)
                0x0000cd68                malloc
 .text.free     0x0000ce34       0x2e c:/nxp/lpcxpresso_8.1.4_606/lpcxpresso/tools/bin/../lib/gcc/arm-none-eabi/5.2.1/../../../../arm-none-eabi/lib/armv6-m\libcr_c.a(alloc.o)
                0x0000ce34                free
 *fill*         0x0000ce62        0x2 ff
 .text._Csys_alloc
                0x0000ce64       0x20 c:/nxp/lpcxpresso_8.1.4_606/lpcxpresso/tools/bin/../lib/gcc/arm-none-eabi/5.2.1/../../../../arm-none-eabi/lib/armv6-m\libcr_c.a(alloc.o)
                0x0000ce64                _Csys_alloc
 .text.fclose   0x0000ce84       0x70 c:/nxp/lpcxpresso_8.1.4_606/lpcxpresso/tools/bin/../lib/gcc/arm-none-eabi/5.2.1/../../../../arm-none-eabi/lib/armv6-m\libcr_c.a(fclose.o)
                0x0000ce84                fclose
 .text.fflush   0x0000cef4       0x34 c:/nxp/lpcxpresso_8.1.4_606/lpcxpresso/tools/bin/../lib/gcc/arm-none-eabi/5.2.1/../../../../arm-none-eabi/lib/armv6-m\libcr_c.a(fflush.o)
                0x0000cef4                fflush
 .text.fseek    0x0000cf28      0x100 c:/nxp/lpcxpresso_8.1.4_606/lpcxpresso/tools/bin/../lib/gcc/arm-none-eabi/5.2.1/../../../../arm-none-eabi/lib/armv6-m\libcr_c.a(fseek.o)
                0x0000cf28                fseek
 .text.ftell    0x0000d028       0x4c c:/nxp/lpcxpresso_8.1.4_606/lpcxpresso/tools/bin/../lib/gcc/arm-none-eabi/5.2.1/../../../../arm-none-eabi/lib/armv6-m\libcr_c.a(ftell.o)
                0x0000d028                ftell
 .text.remove   0x0000d074       0x12 c:/nxp/lpcxpresso_8.1.4_606/lpcxpresso/tools/bin/../lib/gcc/arm-none-eabi/5.2.1/../../../../arm-none-eabi/lib/armv6-m\libcr_c.a(remove.o)
                0x0000d074                remove
 *fill*         0x0000d086        0x2 ff
 .text._sbrk    0x0000d088       0x40 c:/nxp/lpcxpresso_8.1.4_606/lpcxpresso/tools/bin/../lib/gcc/arm-none-eabi/5.2.1/../../../../arm-none-eabi/lib/armv6-m\libcr_c.a(_cr_sbrk.o)
                0x0000d088                _sbrk
 .text._do_fflush
                0x0000d0c8       0x48 c:/nxp/lpcxpresso_8.1.4_606/lpcxpresso/tools/bin/../lib/gcc/arm-none-eabi/5.2.1/../../../../arm-none-eabi/lib/armv6-m\libcr_c.a(_do_fflush.o)
                0x0000d0c8                _do_fflush
 .text.__check_heap_overflow
                0x0000d110       0x14 c:/nxp/lpcxpresso_8.1.4_606/lpcxpresso/tools/bin/../lib/gcc/arm-none-eabi/5.2.1/../../../../arm-none-eabi/lib/armv6-m\libcr_c.a(_cr_check_heap.o)
                0x0000d110                __check_heap_overflow
 .text.__aeabi_division_idivmod
                0x0000d124       0x78 c:/nxp/lpcxpresso_8.1.4_606/lpcxpresso/tools/bin/../lib/gcc/arm-none-eabi/5.2.1/armv6-m\libcr_eabihelpers.a(division_32.o)
                0x0000d124                __aeabi_idivmod
                0x0000d124                __aeabi_idiv
                0x0000d12a                __aeabi_uidivmod
                0x0000d12a                __aeabi_uidiv
 .text.__aeabi_division_uldivmod
                0x0000d19c       0x5a c:/nxp/lpcxpresso_8.1.4_606/lpcxpresso/tools/bin/../lib/gcc/arm-none-eabi/5.2.1/armv6-m\libcr_eabihelpers.a(division_64.o)
                0x0000d19c                __aeabi_uldivmod
 .text.__aeabi_division_ldivmod
                0x0000d1f6       0x32 c:/nxp/lpcxpresso_8.1.4_606/lpcxpresso/tools/bin/../lib/gcc/arm-none-eabi/5.2.1/armv6-m\libcr_eabihelpers.a(division_64.o)
                0x0000d1f6                __aeabi_ldivmod
 .text.__aeabi_division_idiv0
                0x0000d228        0x2 c:/nxp/lpcxpresso_8.1.4_606/lpcxpresso/tools/bin/../lib/gcc/arm-none-eabi/5.2.1/armv6-m\libcr_eabihelpers.a(division_idiv0.o)
                0x0000d228                __aeabi_idiv0
 *fill*         0x0000d22a        0x2 ff
 .text.__aeabi_dmul
                0x0000d22c      0x17c c:/nxp/lpcxpresso_8.1.4_606/lpcxpresso/tools/bin/../lib/gcc/arm-none-eabi/5.2.1/armv6-m\libcr_eabihelpers.a(double.o)
                0x0000d22c                __aeabi_dmul
 .text.__aeabi_ddiv
                0x0000d3a8      0x14c c:/nxp/lpcxpresso_8.1.4_606/lpcxpresso/tools/bin/../lib/gcc/arm-none-eabi/5.2.1/armv6-m\libcr_eabihelpers.a(double.o)
                0x0000d3a8                __aeabi_ddiv
 .text.__aeabi_dsub
                0x0000d4f4      0x1c8 c:/nxp/lpcxpresso_8.1.4_606/lpcxpresso/tools/bin/../lib/gcc/arm-none-eabi/5.2.1/armv6-m\libcr_eabihelpers.a(double.o)
                0x0000d4f4                __aeabi_dsub
 .text.__aeabi_dadd
                0x0000d6bc      0x130 c:/nxp/lpcxpresso_8.1.4_606/lpcxpresso/tools/bin/../lib/gcc/arm-none-eabi/5.2.1/armv6-m\libcr_eabihelpers.a(double.o)
                0x0000d6bc                __aeabi_dadd
 .text.__aeabi_d2iz
                0x0000d7ec       0x44 c:/nxp/lpcxpresso_8.1.4_606/lpcxpresso/tools/bin/../lib/gcc/arm-none-eabi/5.2.1/armv6-m\libcr_eabihelpers.a(double.o)
                0x0000d7ec                __aeabi_d2iz
 .text.__bhs_ui2d
                0x0000d830       0x5e c:/nxp/lpcxpresso_8.1.4_606/lpcxpresso/tools/bin/../lib/gcc/arm-none-eabi/5.2.1/armv6-m\libcr_eabihelpers.a(double.o)
                0x0000d830                __bhs_ui2d
 .text.__aeabi_i2d
                0x0000d88e       0x16 c:/nxp/lpcxpresso_8.1.4_606/lpcxpresso/tools/bin/../lib/gcc/arm-none-eabi/5.2.1/armv6-m\libcr_eabihelpers.a(double.o)
                0x0000d88e                __aeabi_i2d
 .text.__aeabi_dcmpeq
                0x0000d8a4       0x30 c:/nxp/lpcxpresso_8.1.4_606/lpcxpresso/tools/bin/../lib/gcc/arm-none-eabi/5.2.1/armv6-m\libcr_eabihelpers.a(double.o)
                0x0000d8a4                __aeabi_dcmpeq
 .text.__aeabi_dcmplt
                0x0000d8d4       0x5c c:/nxp/lpcxpresso_8.1.4_606/lpcxpresso/tools/bin/../lib/gcc/arm-none-eabi/5.2.1/armv6-m\libcr_eabihelpers.a(double.o)
                0x0000d8d4                __aeabi_dcmplt
 .text.__aeabi_dcmple
                0x0000d930       0x5c c:/nxp/lpcxpresso_8.1.4_606/lpcxpresso/tools/bin/../lib/gcc/arm-none-eabi/5.2.1/armv6-m\libcr_eabihelpers.a(double.o)
                0x0000d930                __aeabi_dcmple
 .text.__aeabi_dcmpge
                0x0000d98c       0x60 c:/nxp/lpcxpresso_8.1.4_606/lpcxpresso/tools/bin/../lib/gcc/arm-none-eabi/5.2.1/armv6-m\libcr_eabihelpers.a(double.o)
                0x0000d98c                __aeabi_dcmpge
 .text.__aeabi_fmul
                0x0000d9ec       0xc4 c:/nxp/lpcxpresso_8.1.4_606/lpcxpresso/tools/bin/../lib/gcc/arm-none-eabi/5.2.1/armv6-m\libcr_eabihelpers.a(float.o)
                0x0000d9ec                __aeabi_fmul
 .text.__aeabi_fdiv
                0x0000dab0       0xf0 c:/nxp/lpcxpresso_8.1.4_606/lpcxpresso/tools/bin/../lib/gcc/arm-none-eabi/5.2.1/armv6-m\libcr_eabihelpers.a(float.o)
                0x0000dab0                __aeabi_fdiv
 .text.__aeabi_fsub
                0x0000dba0      0x130 c:/nxp/lpcxpresso_8.1.4_606/lpcxpresso/tools/bin/../lib/gcc/arm-none-eabi/5.2.1/armv6-m\libcr_eabihelpers.a(float.o)
                0x0000dba0                __aeabi_fsub
 .text.__aeabi_fadd
                0x0000dcd0       0xb8 c:/nxp/lpcxpresso_8.1.4_606/lpcxpresso/tools/bin/../lib/gcc/arm-none-eabi/5.2.1/armv6-m\libcr_eabihelpers.a(float.o)
                0x0000dcd0                __aeabi_fadd
 .text.__aeabi_f2iz
                0x0000dd88       0x38 c:/nxp/lpcxpresso_8.1.4_606/lpcxpresso/tools/bin/../lib/gcc/arm-none-eabi/5.2.1/armv6-m\libcr_eabihelpers.a(float.o)
                0x0000dd88                __aeabi_f2iz
 .text.__aeabi_f2uiz
                0x0000ddc0       0x28 c:/nxp/lpcxpresso_8.1.4_606/lpcxpresso/tools/bin/../lib/gcc/arm-none-eabi/5.2.1/armv6-m\libcr_eabihelpers.a(float.o)
                0x0000ddc0                __aeabi_f2uiz
 .text.__bhs_ui2f
                0x0000dde8       0x62 c:/nxp/lpcxpresso_8.1.4_606/lpcxpresso/tools/bin/../lib/gcc/arm-none-eabi/5.2.1/armv6-m\libcr_eabihelpers.a(float.o)
                0x0000dde8                __bhs_ui2f
 .text.__aeabi_i2f
                0x0000de4a       0x16 c:/nxp/lpcxpresso_8.1.4_606/lpcxpresso/tools/bin/../lib/gcc/arm-none-eabi/5.2.1/armv6-m\libcr_eabihelpers.a(float.o)
                0x0000de4a                __aeabi_i2f
 .text.__aeabi_ui2f
                0x0000de60        0xc c:/nxp/lpcxpresso_8.1.4_606/lpcxpresso/tools/bin/../lib/gcc/arm-none-eabi/5.2.1/armv6-m\libcr_eabihelpers.a(float.o)
                0x0000de60                __aeabi_ui2f
 .text.__aeabi_f2d
                0x0000de6c       0x40 c:/nxp/lpcxpresso_8.1.4_606/lpcxpresso/tools/bin/../lib/gcc/arm-none-eabi/5.2.1/armv6-m\libcr_eabihelpers.a(float.o)
                0x0000de6c                __aeabi_f2d
 .text.__aeabi_fcmpeq
                0x0000deac       0x20 c:/nxp/lpcxpresso_8.1.4_606/lpcxpresso/tools/bin/../lib/gcc/arm-none-eabi/5.2.1/armv6-m\libcr_eabihelpers.a(float.o)
                0x0000deac                __aeabi_fcmpeq
 .text.__aeabi_fcmplt
                0x0000decc       0x44 c:/nxp/lpcxpresso_8.1.4_606/lpcxpresso/tools/bin/../lib/gcc/arm-none-eabi/5.2.1/armv6-m\libcr_eabihelpers.a(float.o)
                0x0000decc                __aeabi_fcmplt
 .text.__aeabi_fcmpgt
                0x0000df10       0x3e c:/nxp/lpcxpresso_8.1.4_606/lpcxpresso/tools/bin/../lib/gcc/arm-none-eabi/5.2.1/armv6-m\libcr_eabihelpers.a(float.o)
                0x0000df10                __aeabi_fcmpgt
 .text.__aeabi_fcmple
                0x0000df4e       0x40 c:/nxp/lpcxpresso_8.1.4_606/lpcxpresso/tools/bin/../lib/gcc/arm-none-eabi/5.2.1/armv6-m\libcr_eabihelpers.a(float.o)
                0x0000df4e                __aeabi_fcmple
 .text.__aeabi_fcmpge
                0x0000df8e       0x3c c:/nxp/lpcxpresso_8.1.4_606/lpcxpresso/tools/bin/../lib/gcc/arm-none-eabi/5.2.1/armv6-m\libcr_eabihelpers.a(float.o)
                0x0000df8e                __aeabi_fcmpge
 .text.__aeabi_llong_lmul
                0x0000dfca       0x2e c:/nxp/lpcxpresso_8.1.4_606/lpcxpresso/tools/bin/../lib/gcc/arm-none-eabi/5.2.1/armv6-m\libcr_eabihelpers.a(llong.o)
                0x0000dfca                __aeabi_lmul
 .text.__aeabi_memcpy
                0x0000dff8       0x2c c:/nxp/lpcxpresso_8.1.4_606/lpcxpresso/tools/bin/../lib/gcc/arm-none-eabi/5.2.1/armv6-m\libcr_eabihelpers.a(memcpy.o)
                0x0000dff8                __aeabi_memcpy4
                0x0000dff8                __aeabi_memcpy8
                0x0000dff8                __aeabi_memcpy
 .text.__aeabi_memset_lowlevel
                0x0000e024       0x2a c:/nxp/lpcxpresso_8.1.4_606/lpcxpresso/tools/bin/../lib/gcc/arm-none-eabi/5.2.1/armv6-m\libcr_eabihelpers.a(memcpy.o)
                0x0000e024                __aeabi_lowlevel_memset
 .text.__sys_appexit
                0x0000e04e        0x2 c:/nxp/lpcxpresso_8.1.4_606/lpcxpresso/tools/bin/../lib/gcc/arm-none-eabi/5.2.1/../../../../arm-none-eabi/lib/armv6-m\libcr_nohost.a(__sys_appexit.o)
                0x0000e04e                __sys_appexit
                0x0000e04e                __exit
 .text.__sys_close
                0x0000e050        0x6 c:/nxp/lpcxpresso_8.1.4_606/lpcxpresso/tools/bin/../lib/gcc/arm-none-eabi/5.2.1/../../../../arm-none-eabi/lib/armv6-m\libcr_nohost.a(__sys_close.o)
                0x0000e050                __sys_close
 .text.__sys_flen
                0x0000e056        0x6 c:/nxp/lpcxpresso_8.1.4_606/lpcxpresso/tools/bin/../lib/gcc/arm-none-eabi/5.2.1/../../../../arm-none-eabi/lib/armv6-m\libcr_nohost.a(__sys_flen.o)
                0x0000e056                __sys_flen
 .text.__sys_istty
                0x0000e05c        0x6 c:/nxp/lpcxpresso_8.1.4_606/lpcxpresso/tools/bin/../lib/gcc/arm-none-eabi/5.2.1/../../../../arm-none-eabi/lib/armv6-m\libcr_nohost.a(__sys_istty.o)
                0x0000e05c                __sys_istty
 .text.__sys_remove
                0x0000e062        0x6 c:/nxp/lpcxpresso_8.1.4_606/lpcxpresso/tools/bin/../lib/gcc/arm-none-eabi/5.2.1/../../../../arm-none-eabi/lib/armv6-m\libcr_nohost.a(__sys_remove.o)
                0x0000e062                __sys_remove
 .text.__sys_seek
                0x0000e068        0x6 c:/nxp/lpcxpresso_8.1.4_606/lpcxpresso/tools/bin/../lib/gcc/arm-none-eabi/5.2.1/../../../../arm-none-eabi/lib/armv6-m\libcr_nohost.a(__sys_seek.o)
                0x0000e068                __sys_seek
 .text.__sys_tmpnam
                0x0000e06e        0x6 c:/nxp/lpcxpresso_8.1.4_606/lpcxpresso/tools/bin/../lib/gcc/arm-none-eabi/5.2.1/../../../../arm-none-eabi/lib/armv6-m\libcr_nohost.a(__sys_tmpnam.o)
                0x0000e06e                __sys_tmpnam
 .text.__sys_write
                0x0000e074        0x4 c:/nxp/lpcxpresso_8.1.4_606/lpcxpresso/tools/bin/../lib/gcc/arm-none-eabi/5.2.1/../../../../arm-none-eabi/lib/armv6-m\libcr_nohost.a(__sys_write.o)
                0x0000e074                __sys_write
                0x0000e074                __write
 *(.rodata .rodata.* .constdata .constdata.*)
 .rodata.VCOM_DeviceDescriptor
                0x0000e078       0x12 ./src/peripheral/cdc_desc.o
                0x0000e078                VCOM_DeviceDescriptor
 *fill*         0x0000e08a        0x2 ff
 .rodata.VCOM_ConfigDescriptor
                0x0000e08c       0x44 ./src/peripheral/cdc_desc.o
                0x0000e08c                VCOM_ConfigDescriptor
 .rodata.VCOM_StringDescriptor
                0x0000e0d0       0x28 ./src/peripheral/cdc_desc.o
                0x0000e0d0                VCOM_StringDescriptor
 .rodata.UART_IRQHandler
                0x0000e0f8       0x18 ./src/peripheral/comm.o
 .rodata.SavePacket
                0x0000e110       0x58 ./src/peripheral/comm.o
 .rodata        0x0000e168      0x1d8 ./src/peripheral/comm.o
 .rodata.I2C_IRQHandler
                0x0000e340      0x144 ./src/peripheral/i2c.o
 .rodata        0x0000e484       0x14 ./src/peripheral/interrupt.o
 .rodata        0x0000e498       0x2c ./src/peripheral/microSD.o
 .rodata.TIMER16_1_IRQHandler
                0x0000e4c4       0x64 ./src/peripheral/timer.o
 .rodata        0x0000e528       0x44 ./src/fatfs/ff.o
 .rodata.disk_ioctl
                0x0000e56c       0xdc ./src/fatfs/mmc_ssp.o
 .rodata.reg    0x0000e648       0x2a ./src/eMPL/inv_mpu.o
                0x0000e648                reg
 *fill*         0x0000e672        0x2 ff
 .rodata.hw     0x0000e674        0xe ./src/eMPL/inv_mpu.o
                0x0000e674                hw
 *fill*         0x0000e682        0x2 ff
 .rodata.test   0x0000e684       0x30 ./src/eMPL/inv_mpu.o
                0x0000e684                test
 .rodata.dmp_memory
                0x0000e6b4      0xbf6 ./src/eMPL/inv_mpu_dmp_motion_driver.o
 *fill*         0x0000f2aa        0x2 ff
 .rodata        0x0000f2ac       0x4b ./src/eMPL/inv_mpu_dmp_motion_driver.o
 *fill*         0x0000f2f7        0x1 ff
 .rodata        0x0000f2f8       0x1f ./src/FM.o
 *fill*         0x0000f317        0x1 ff
 .rodata.main   0x0000f318       0x74 ./src/FM.o
 .rodata        0x0000f38c       0x28 ./src/gps.o
 .rodata.CSWTCH.9
                0x0000f3b4       0x3c C:\Users\Yusuke\Documents\LPCXpresso_8.1.4_606\workspace\CMSIS_CORE_LPC11Uxx\Debug\libCMSIS_CORE_LPC11Uxx.a(system_LPC11Uxx.o)
 .rodata.a.3983
                0x0000f3f0       0x10 c:/nxp/lpcxpresso_8.1.4_606/lpcxpresso/tools/bin/../lib/gcc/arm-none-eabi/5.2.1/../../../../arm-none-eabi/lib/armv6-m\libcr_c.a(atanf.o)
 .rodata.str1.1
                0x0000f400       0x34 c:/nxp/lpcxpresso_8.1.4_606/lpcxpresso/tools/bin/../lib/gcc/arm-none-eabi/5.2.1/../../../../arm-none-eabi/lib/armv6-m\libcr_c.a(fpprintf.o)
                                 0x35 (size before relaxing)
 .rodata.str1.1
                0x0000f434        0x4 c:/nxp/lpcxpresso_8.1.4_606/lpcxpresso/tools/bin/../lib/gcc/arm-none-eabi/5.2.1/../../../../arm-none-eabi/lib/armv6-m\libcr_c.a(initio.o)
 .rodata.str1.1
                0x0000f438       0x31 c:/nxp/lpcxpresso_8.1.4_606/lpcxpresso/tools/bin/../lib/gcc/arm-none-eabi/5.2.1/../../../../arm-none-eabi/lib/armv6-m\libcr_c.a(printf.o)
                                 0x38 (size before relaxing)
 *fill*         0x0000f469        0x3 ff
 .rodata.monlen
                0x0000f46c       0x34 c:/nxp/lpcxpresso_8.1.4_606/lpcxpresso/tools/bin/../lib/gcc/arm-none-eabi/5.2.1/../../../../arm-none-eabi/lib/armv6-m\libcr_c.a(time.o)
 .rodata.str1.1
                0x0000f4a0       0x18 c:/nxp/lpcxpresso_8.1.4_606/lpcxpresso/tools/bin/../lib/gcc/arm-none-eabi/5.2.1/../../../../arm-none-eabi/lib/armv6-m\libcr_c.a(alloc.o)
 .rodata.__huge_vall
                0x0000f4b8        0x8 c:/nxp/lpcxpresso_8.1.4_606/lpcxpresso/tools/bin/../lib/gcc/arm-none-eabi/5.2.1/../../../../arm-none-eabi/lib/armv6-m\libcr_c.a(_hugeval.o)
                0x0000f4b8                __huge_vall
                0x0000f4c0                . = ALIGN (0x4)

.glue_7         0x0000f4c0        0x0
 .glue_7        0x0000f4c0        0x0 linker stubs

.glue_7t        0x0000f4c0        0x0
 .glue_7t       0x0000f4c0        0x0 linker stubs

.vfp11_veneer   0x0000f4c0        0x0
 .vfp11_veneer  0x0000f4c0        0x0 linker stubs

.v4_bx          0x0000f4c0        0x0
 .v4_bx         0x0000f4c0        0x0 linker stubs

.iplt           0x0000f4c0        0x0
 .iplt          0x0000f4c0        0x0 ./src/peripheral/adc.o

.rel.dyn        0x0000f4c0        0x0
 .rel.iplt      0x0000f4c0        0x0 ./src/peripheral/adc.o

.ARM.extab
 *(.ARM.extab* .gnu.linkonce.armextab.*)
                0x0000f4c0                __exidx_start = .

.ARM.exidx
 *(.ARM.exidx* .gnu.linkonce.armexidx.*)
                0x0000f4c0                __exidx_end = .
                0x0000f4c0                _etext = .

.data_RAM2      0x20004000        0x0 load address 0x0000f4c0
 FILL mask 0xff
                [!provide]                PROVIDE (__start_data_RAM2, .)
 *(.ramfunc.$RAM2)
 *(.ramfunc.$RamUsb2)
 *(.data.$RAM2*)
 *(.data.$RamUsb2*)
                0x20004000                . = ALIGN (0x4)
                [!provide]                PROVIDE (__end_data_RAM2, .)

.data_RAM3      0x20000000        0x0 load address 0x0000f4c0
 FILL mask 0xff
                [!provide]                PROVIDE (__start_data_RAM3, .)
 *(.ramfunc.$RAM3)
 *(.ramfunc.$SRAM1_2)
 *(.data.$RAM3*)
 *(.data.$SRAM1_2*)
                0x20000000                . = ALIGN (0x4)
                [!provide]                PROVIDE (__end_data_RAM3, .)

.uninit_RESERVED
                0x10000000        0x0
 *(.bss.$RESERVED*)
                0x10000000                . = ALIGN (0x4)
                0x10000000                _end_uninit_RESERVED = .

.data           0x10000000       0x70 load address 0x0000f4c0
 FILL mask 0xff
                0x10000000                _data = .
 *(vtable)
 *(.ramfunc*)
 *(.data*)
 .data.Stat     0x10000000        0x1 ./src/fatfs/mmc_ssp.o
 *fill*         0x10000001        0x3 ff
 .data.gyro_orientation
                0x10000004        0x9 ./src/eMPL/MotionDriver.o
 *fill*         0x1000000d        0x3 ff
 .data.st       0x10000010       0x38 ./src/eMPL/inv_mpu.o
 .data.logger   0x10000048        0x4 ./src/FM.o
                0x10000048                logger
 .data.quat     0x1000004c        0x4 ./src/FM.o
                0x1000004c                quat
 .data.gps      0x10000050        0x4 ./src/FM.o
                0x10000050                gps
 .data.pressure
                0x10000054        0x4 ./src/FM.o
                0x10000054                pressure
 .data.air      0x10000058        0x4 ./src/FM.o
                0x10000058                air
 .data.tacho    0x1000005c        0x4 ./src/FM.o
                0x1000005c                tacho
 .data.alt      0x10000060        0x4 ./src/FM.o
                0x10000060                alt
 .data.lp       0x10000064        0x4 ./src/FM.o
                0x10000064                lp
 .data.rp       0x10000068        0x4 ./src/FM.o
                0x10000068                rp
 .data.SystemCoreClock
                0x1000006c        0x4 C:\Users\Yusuke\Documents\LPCXpresso_8.1.4_606\workspace\CMSIS_CORE_LPC11Uxx\Debug\libCMSIS_CORE_LPC11Uxx.a(system_LPC11Uxx.o)
                0x1000006c                SystemCoreClock
                0x10000070                . = ALIGN (0x4)
                0x10000070                _edata = .

.igot.plt       0x10000070        0x0 load address 0x0000f530
 .igot.plt      0x10000070        0x0 ./src/peripheral/adc.o

.bss_RAM2       0x20004000        0x0
                [!provide]                PROVIDE (__start_bss_RAM2, .)
 *(.bss.$RAM2*)
 *(.bss.$RamUsb2*)
                0x20004000                . = ALIGN ((. != 0x0)?0x4:0x1)
                [!provide]                PROVIDE (__end_bss_RAM2, .)

.bss_RAM3       0x20000000        0x0
                [!provide]                PROVIDE (__start_bss_RAM3, .)
 *(.bss.$RAM3*)
 *(.bss.$SRAM1_2*)
                0x20000000                . = ALIGN ((. != 0x0)?0x4:0x1)
                [!provide]                PROVIDE (__end_bss_RAM3, .)

.bss            0x10000070      0x9cc
                0x10000070                _bss = .
 *(.bss*)
 .bss.adc_fifo  0x10000070       0x64 ./src/peripheral/adc.o
                0x10000070                adc_fifo
 .bss.packetStatus
                0x100000d4        0x1 ./src/peripheral/comm.o
                0x100000d4                packetStatus
 *fill*         0x100000d5        0x1 
 .bss.dataPointer
                0x100000d6        0x2 ./src/peripheral/comm.o
                0x100000d6                dataPointer
 .bss.packet    0x100000d8      0x100 ./src/peripheral/comm.o
                0x100000d8                packet
 .bss.packetLength
                0x100001d8        0x2 ./src/peripheral/comm.o
                0x100001d8                packetLength
 *fill*         0x100001da        0x2 
 .bss.I2CMasterState
                0x100001dc        0x4 ./src/peripheral/i2c.o
                0x100001dc                I2CMasterState
 .bss.RdIndex   0x100001e0        0x4 ./src/peripheral/i2c.o
                0x100001e0                RdIndex
 .bss.WrIndex   0x100001e4        0x4 ./src/peripheral/i2c.o
                0x100001e4                WrIndex
 .bss.timeout   0x100001e8        0x4 ./src/peripheral/i2c.o
                0x100001e8                timeout
 .bss.I2CMasterBuffer
                0x100001ec       0x80 ./src/peripheral/i2c.o
                0x100001ec                I2CMasterBuffer
 .bss.I2CSlaveBuffer
                0x1000026c        0x4 ./src/peripheral/i2c.o
                0x1000026c                I2CSlaveBuffer
 .bss.I2CReadLength
                0x10000270        0x4 ./src/peripheral/i2c.o
                0x10000270                I2CReadLength
 .bss.I2CWriteLength
                0x10000274        0x4 ./src/peripheral/i2c.o
                0x10000274                I2CWriteLength
 .bss.timer16_0_count
                0x10000278        0x1 ./src/peripheral/timer.o
                0x10000278                timer16_0_count
 *fill*         0x10000279        0x3 
 .bss.pUsbApi   0x1000027c        0x4 ./src/peripheral/vcom.o
                0x1000027c                pUsbApi
 .bss.g_vCOM    0x10000280       0x2c ./src/peripheral/vcom.o
                0x10000280                g_vCOM
 .bss.FatFs     0x100002ac        0x4 ./src/fatfs/ff.o
 .bss.Fsid      0x100002b0        0x2 ./src/fatfs/ff.o
 *fill*         0x100002b2        0x2 
 .bss.Timer1    0x100002b4        0x4 ./src/fatfs/mmc_ssp.o
 .bss.Timer2    0x100002b8        0x4 ./src/fatfs/mmc_ssp.o
 .bss.CardType  0x100002bc        0x1 ./src/fatfs/mmc_ssp.o
 *fill*         0x100002bd        0x3 
 .bss.hal       0x100002c0        0x8 ./src/eMPL/MotionDriver.o
 .bss.calibration_data
                0x100002c8       0x10 ./src/eMPL/MotionDriver.o
                0x100002c8                calibration_data
 .bss.calibration_count
                0x100002d8        0x4 ./src/eMPL/MotionDriver.o
                0x100002d8                calibration_count
 .bss.dmp       0x100002dc       0x10 ./src/eMPL/inv_mpu_dmp_motion_driver.o
 .bss.fs        0x100002ec      0x234 ./src/FM.o
                0x100002ec                fs
 .bss.fp        0x10000520      0x228 ./src/FM.o
                0x10000520                fp
 .bss._time     0x10000748        0x4 ./src/FM.o
                0x10000748                _time
 .bss.quat_flag
                0x1000074c        0x1 ./src/FM.o
                0x1000074c                quat_flag
 .bss.gps_flag  0x1000074d        0x1 ./src/FM.o
                0x1000074d                gps_flag
 .bss.pressure_flag
                0x1000074e        0x1 ./src/FM.o
                0x1000074e                pressure_flag
 .bss.calibration_mode
                0x1000074f        0x1 ./src/FM.o
                0x1000074f                calibration_mode
 .bss.loop_count
                0x10000750        0x1 ./src/FM.o
                0x10000750                loop_count
 .bss.instrument_flag
                0x10000751        0x1 ./src/FM.o
                0x10000751                instrument_flag
 *fill*         0x10000752        0x6 
 .bss.nowdata   0x10000758      0x170 ./src/FM.o
                0x10000758                nowdata
 .bss.errno     0x100008c8        0x4 c:/nxp/lpcxpresso_8.1.4_606/lpcxpresso/tools/bin/../lib/gcc/arm-none-eabi/5.2.1/../../../../arm-none-eabi/lib/armv6-m\libcr_c.a(errno.o)
                0x100008c8                errno
 .bss._extra    0x100008cc        0x4 c:/nxp/lpcxpresso_8.1.4_606/lpcxpresso/tools/bin/../lib/gcc/arm-none-eabi/5.2.1/../../../../arm-none-eabi/lib/armv6-m\libcr_c.a(initio.o)
                0x100008cc                _extra
 .bss.__Ciob    0x100008d0      0x140 c:/nxp/lpcxpresso_8.1.4_606/lpcxpresso/tools/bin/../lib/gcc/arm-none-eabi/5.2.1/../../../../arm-none-eabi/lib/armv6-m\libcr_c.a(stdio.o)
                0x100008d0                __Ciob
 .bss._tms.4180
                0x10000a10       0x24 c:/nxp/lpcxpresso_8.1.4_606/lpcxpresso/tools/bin/../lib/gcc/arm-none-eabi/5.2.1/../../../../arm-none-eabi/lib/armv6-m\libcr_c.a(time.o)
 .bss.__heaps   0x10000a34        0x4 c:/nxp/lpcxpresso_8.1.4_606/lpcxpresso/tools/bin/../lib/gcc/arm-none-eabi/5.2.1/../../../../arm-none-eabi/lib/armv6-m\libcr_c.a(__init_alloc.o)
                0x10000a34                __heaps
 .bss.__end_of_heap
                0x10000a38        0x4 c:/nxp/lpcxpresso_8.1.4_606/lpcxpresso/tools/bin/../lib/gcc/arm-none-eabi/5.2.1/../../../../arm-none-eabi/lib/armv6-m\libcr_c.a(__init_alloc.o)
                0x10000a38                __end_of_heap
 *(COMMON)
                0x10000a3c                . = ALIGN (0x4)
                0x10000a3c                _ebss = .
                [!provide]                PROVIDE (end, .)

.noinit_RAM2    0x20004000        0x0
 *(.noinit.$RAM2*)
 *(.noinit.$RamUsb2*)
                0x20004000                . = ALIGN (0x4)

.noinit_RAM3    0x20000000        0x0
 *(.noinit.$RAM3*)
 *(.noinit.$SRAM1_2*)
                0x20000000                . = ALIGN (0x4)

.noinit         0x10000a3c        0x0
                0x10000a3c                _noinit = .
 *(.noinit*)
                0x10000a3c                . = ALIGN (0x4)
                0x10000a3c                _end_noinit = .
                0x10000a3c                PROVIDE (_pvHeapStart, DEFINED (__user_heap_base)?__user_heap_base:.)
                0x10002000                PROVIDE (_vStackTop, DEFINED (__user_stack_top)?__user_stack_top:(__top_RamLoc8 - 0x0))
                0xefffda7d                PROVIDE (__valid_user_code_checksum, (0x0 - (((_vStackTop + (ResetISR + 0x1)) + (DEFINED (NMI_Handler)?NMI_Handler:M0_NMI_Handler + 0x1)) + (DEFINED (HardFault_Handler)?HardFault_Handler:M0_HardFault_Handler + 0x1))))
OUTPUT(FM.axf elf32-littlearm)

.debug_info     0x00000000     0xf394
 .debug_info    0x00000000      0x973 ./src/peripheral/adc.o
 .debug_info    0x00000973       0xec ./src/peripheral/cdc_desc.o
 .debug_info    0x00000a5f      0xcae ./src/peripheral/comm.o
 .debug_info    0x0000170d      0xcbd ./src/peripheral/i2c.o
 .debug_info    0x000023ca      0x915 ./src/peripheral/interrupt.o
 .debug_info    0x00002cdf      0xa27 ./src/peripheral/microSD.o
 .debug_info    0x00003706     0x1084 ./src/peripheral/timer.o
 .debug_info    0x0000478a      0xc75 ./src/peripheral/uart.o
 .debug_info    0x000053ff     0x21df ./src/peripheral/vcom.o
 .debug_info    0x000075de     0x23d6 ./src/fatfs/ff.o
 .debug_info    0x000099b4      0xfc6 ./src/fatfs/mmc_ssp.o
 .debug_info    0x0000a97a      0x605 ./src/eMPL/MotionDriver.o
 .debug_info    0x0000af7f     0x1a0c ./src/eMPL/inv_mpu.o
 .debug_info    0x0000c98b      0xa59 ./src/eMPL/inv_mpu_dmp_motion_driver.o
 .debug_info    0x0000d3e4      0xf70 ./src/FM.o
 .debug_info    0x0000e354      0x1e0 ./src/MPL3115A2.o
 .debug_info    0x0000e534      0x21b ./src/cr_startup_lpc11uxx.o
 .debug_info    0x0000e74f       0x3f ./src/crp.o
 .debug_info    0x0000e78e      0x42f ./src/gps.o
 .debug_info    0x0000ebbd      0x296 ./src/power.o
 .debug_info    0x0000ee53      0x541 C:\Users\Yusuke\Documents\LPCXpresso_8.1.4_606\workspace\CMSIS_CORE_LPC11Uxx\Debug\libCMSIS_CORE_LPC11Uxx.a(system_LPC11Uxx.o)

.debug_abbrev   0x00000000     0x2197
 .debug_abbrev  0x00000000      0x16b ./src/peripheral/adc.o
 .debug_abbrev  0x0000016b       0x60 ./src/peripheral/cdc_desc.o
 .debug_abbrev  0x000001cb      0x222 ./src/peripheral/comm.o
 .debug_abbrev  0x000003ed      0x214 ./src/peripheral/i2c.o
 .debug_abbrev  0x00000601      0x1a1 ./src/peripheral/interrupt.o
 .debug_abbrev  0x000007a2      0x15d ./src/peripheral/microSD.o
 .debug_abbrev  0x000008ff      0x290 ./src/peripheral/timer.o
 .debug_abbrev  0x00000b8f      0x1e7 ./src/peripheral/uart.o
 .debug_abbrev  0x00000d76      0x2e3 ./src/peripheral/vcom.o
 .debug_abbrev  0x00001059      0x210 ./src/fatfs/ff.o
 .debug_abbrev  0x00001269      0x2b8 ./src/fatfs/mmc_ssp.o
 .debug_abbrev  0x00001521      0x21e ./src/eMPL/MotionDriver.o
 .debug_abbrev  0x0000173f      0x1da ./src/eMPL/inv_mpu.o
 .debug_abbrev  0x00001919      0x158 ./src/eMPL/inv_mpu_dmp_motion_driver.o
 .debug_abbrev  0x00001a71      0x21d ./src/FM.o
 .debug_abbrev  0x00001c8e       0xb8 ./src/MPL3115A2.o
 .debug_abbrev  0x00001d46       0xfc ./src/cr_startup_lpc11uxx.o
 .debug_abbrev  0x00001e42       0x36 ./src/crp.o
 .debug_abbrev  0x00001e78      0x113 ./src/gps.o
 .debug_abbrev  0x00001f8b       0xf9 ./src/power.o
 .debug_abbrev  0x00002084      0x113 C:\Users\Yusuke\Documents\LPCXpresso_8.1.4_606\workspace\CMSIS_CORE_LPC11Uxx\Debug\libCMSIS_CORE_LPC11Uxx.a(system_LPC11Uxx.o)

.debug_aranges  0x00000000      0xa50
 .debug_aranges
                0x00000000       0x38 ./src/peripheral/adc.o
 .debug_aranges
                0x00000038       0x18 ./src/peripheral/cdc_desc.o
 .debug_aranges
                0x00000050       0x80 ./src/peripheral/comm.o
 .debug_aranges
                0x000000d0       0x50 ./src/peripheral/i2c.o
 .debug_aranges
                0x00000120       0x38 ./src/peripheral/interrupt.o
 .debug_aranges
                0x00000158       0x50 ./src/peripheral/microSD.o
 .debug_aranges
                0x000001a8       0xb0 ./src/peripheral/timer.o
 .debug_aranges
                0x00000258       0x40 ./src/peripheral/uart.o
 .debug_aranges
                0x00000298       0x78 ./src/peripheral/vcom.o
 .debug_aranges
                0x00000310      0x208 ./src/fatfs/ff.o
 .debug_aranges
                0x00000518       0xa0 ./src/fatfs/mmc_ssp.o
 .debug_aranges
                0x000005b8       0x68 ./src/eMPL/MotionDriver.o
 .debug_aranges
                0x00000620      0x1d0 ./src/eMPL/inv_mpu.o
 .debug_aranges
                0x000007f0       0xf8 ./src/eMPL/inv_mpu_dmp_motion_driver.o
 .debug_aranges
                0x000008e8       0x20 ./src/FM.o
 .debug_aranges
                0x00000908       0x38 ./src/MPL3115A2.o
 .debug_aranges
                0x00000940       0x60 ./src/cr_startup_lpc11uxx.o
 .debug_aranges
                0x000009a0       0x18 ./src/crp.o
 .debug_aranges
                0x000009b8       0x40 ./src/gps.o
 .debug_aranges
                0x000009f8       0x30 ./src/power.o
 .debug_aranges
                0x00000a28       0x28 C:\Users\Yusuke\Documents\LPCXpresso_8.1.4_606\workspace\CMSIS_CORE_LPC11Uxx\Debug\libCMSIS_CORE_LPC11Uxx.a(system_LPC11Uxx.o)

.debug_ranges   0x00000000      0x938
 .debug_ranges  0x00000000       0x28 ./src/peripheral/adc.o
 .debug_ranges  0x00000028       0x70 ./src/peripheral/comm.o
 .debug_ranges  0x00000098       0x40 ./src/peripheral/i2c.o
 .debug_ranges  0x000000d8       0x28 ./src/peripheral/interrupt.o
 .debug_ranges  0x00000100       0x40 ./src/peripheral/microSD.o
 .debug_ranges  0x00000140       0xa0 ./src/peripheral/timer.o
 .debug_ranges  0x000001e0       0x30 ./src/peripheral/uart.o
 .debug_ranges  0x00000210       0x80 ./src/peripheral/vcom.o
 .debug_ranges  0x00000290      0x1f8 ./src/fatfs/ff.o
 .debug_ranges  0x00000488       0x90 ./src/fatfs/mmc_ssp.o
 .debug_ranges  0x00000518       0x70 ./src/eMPL/MotionDriver.o
 .debug_ranges  0x00000588      0x1d8 ./src/eMPL/inv_mpu.o
 .debug_ranges  0x00000760       0xe8 ./src/eMPL/inv_mpu_dmp_motion_driver.o
 .debug_ranges  0x00000848       0x10 ./src/FM.o
 .debug_ranges  0x00000858       0x28 ./src/MPL3115A2.o
 .debug_ranges  0x00000880       0x50 ./src/cr_startup_lpc11uxx.o
 .debug_ranges  0x000008d0       0x30 ./src/gps.o
 .debug_ranges  0x00000900       0x20 ./src/power.o
 .debug_ranges  0x00000920       0x18 C:\Users\Yusuke\Documents\LPCXpresso_8.1.4_606\workspace\CMSIS_CORE_LPC11Uxx\Debug\libCMSIS_CORE_LPC11Uxx.a(system_LPC11Uxx.o)

.debug_macro    0x00000000     0x6331
 .debug_macro   0x00000000       0x80 ./src/peripheral/adc.o
 .debug_macro   0x00000080      0x84a ./src/peripheral/adc.o
 .debug_macro   0x000008ca       0x1c ./src/peripheral/adc.o
 .debug_macro   0x000008e6       0x3a ./src/peripheral/adc.o
 .debug_macro   0x00000920       0x10 ./src/peripheral/adc.o
 .debug_macro   0x00000930      0x12d ./src/peripheral/adc.o
 .debug_macro   0x00000a5d      0x5b2 ./src/peripheral/adc.o
 .debug_macro   0x0000100f       0x1f ./src/peripheral/adc.o
 .debug_macro   0x0000102e      0x242 ./src/peripheral/adc.o
 .debug_macro   0x00001270      0x10e ./src/peripheral/adc.o
 .debug_macro   0x0000137e       0xfc ./src/peripheral/cdc_desc.o
 .debug_macro   0x0000147a       0x58 ./src/peripheral/cdc_desc.o
 .debug_macro   0x000014d2      0x227 ./src/peripheral/cdc_desc.o
 .debug_macro   0x000016f9       0x18 ./src/peripheral/cdc_desc.o
 .debug_macro   0x00001711       0x12 ./src/peripheral/cdc_desc.o
 .debug_macro   0x00001723       0x46 ./src/peripheral/cdc_desc.o
 .debug_macro   0x00001769       0xfa ./src/peripheral/cdc_desc.o
 .debug_macro   0x00001863       0xee ./src/peripheral/cdc_desc.o
 .debug_macro   0x00001951      0x68c ./src/peripheral/cdc_desc.o
 .debug_macro   0x00001fdd      0x272 ./src/peripheral/cdc_desc.o
 .debug_macro   0x0000224f       0x10 ./src/peripheral/cdc_desc.o
 .debug_macro   0x0000225f      0x132 ./src/peripheral/comm.o
 .debug_macro   0x00002391       0x82 ./src/peripheral/comm.o
 .debug_macro   0x00002413       0xa0 ./src/peripheral/comm.o
 .debug_macro   0x000024b3       0xe8 ./src/peripheral/comm.o
 .debug_macro   0x0000259b       0xd9 ./src/peripheral/comm.o
 .debug_macro   0x00002674       0x28 ./src/peripheral/comm.o
 .debug_macro   0x0000269c       0x1c ./src/peripheral/comm.o
 .debug_macro   0x000026b8       0xc4 ./src/peripheral/comm.o
 .debug_macro   0x0000277c       0x82 ./src/peripheral/comm.o
 .debug_macro   0x000027fe       0xa6 ./src/peripheral/comm.o
 .debug_macro   0x000028a4       0x40 ./src/peripheral/comm.o
 .debug_macro   0x000028e4       0x9b ./src/peripheral/i2c.o
 .debug_macro   0x0000297f       0xe2 ./src/peripheral/i2c.o
 .debug_macro   0x00002a61      0x101 ./src/peripheral/interrupt.o
 .debug_macro   0x00002b62       0xd0 ./src/peripheral/interrupt.o
 .debug_macro   0x00002c32      0x102 ./src/peripheral/microSD.o
 .debug_macro   0x00002d34       0x10 ./src/peripheral/microSD.o
 .debug_macro   0x00002d44       0xd6 ./src/peripheral/timer.o
 .debug_macro   0x00002e1a       0x9c ./src/peripheral/uart.o
 .debug_macro   0x00002eb6      0x1f0 ./src/peripheral/vcom.o
 .debug_macro   0x000030a6       0x1c ./src/peripheral/vcom.o
 .debug_macro   0x000030c2       0x6a ./src/peripheral/vcom.o
 .debug_macro   0x0000312c       0x9a ./src/peripheral/vcom.o
 .debug_macro   0x000031c6      0x485 ./src/fatfs/ff.o
 .debug_macro   0x0000364b      0x18a ./src/fatfs/mmc_ssp.o
 .debug_macro   0x000037d5       0x1c ./src/fatfs/mmc_ssp.o
 .debug_macro   0x000037f1       0xb8 ./src/fatfs/mmc_ssp.o
 .debug_macro   0x000038a9      0x10a ./src/eMPL/MotionDriver.o
 .debug_macro   0x000039b3      0x334 ./src/eMPL/inv_mpu.o
 .debug_macro   0x00003ce7       0x22 ./src/eMPL/inv_mpu.o
 .debug_macro   0x00003d09      0x5ca ./src/eMPL/inv_mpu_dmp_motion_driver.o
 .debug_macro   0x000042d3      0xb8a ./src/eMPL/inv_mpu_dmp_motion_driver.o
 .debug_macro   0x00004e5d      0x659 ./src/eMPL/inv_mpu_dmp_motion_driver.o
 .debug_macro   0x000054b6      0x15f ./src/FM.o
 .debug_macro   0x00005615       0x10 ./src/FM.o
 .debug_macro   0x00005625       0x46 ./src/FM.o
 .debug_macro   0x0000566b       0xdb ./src/MPL3115A2.o
 .debug_macro   0x00005746       0x40 ./src/MPL3115A2.o
 .debug_macro   0x00005786       0x1d ./src/cr_startup_lpc11uxx.o
 .debug_macro   0x000057a3       0x1a ./src/crp.o
 .debug_macro   0x000057bd       0x34 ./src/crp.o
 .debug_macro   0x000057f1      0x10c ./src/gps.o
 .debug_macro   0x000058fd       0xdf ./src/power.o
 .debug_macro   0x000059dc      0x117 C:\Users\Yusuke\Documents\LPCXpresso_8.1.4_606\workspace\CMSIS_CORE_LPC11Uxx\Debug\libCMSIS_CORE_LPC11Uxx.a(system_LPC11Uxx.o)
 .debug_macro   0x00005af3      0x83e C:\Users\Yusuke\Documents\LPCXpresso_8.1.4_606\workspace\CMSIS_CORE_LPC11Uxx\Debug\libCMSIS_CORE_LPC11Uxx.a(system_LPC11Uxx.o)

.debug_line     0x00000000     0x62bf
 .debug_line    0x00000000      0x26f ./src/peripheral/adc.o
 .debug_line    0x0000026f      0x256 ./src/peripheral/cdc_desc.o
 .debug_line    0x000004c5      0x56f ./src/peripheral/comm.o
 .debug_line    0x00000a34      0x392 ./src/peripheral/i2c.o
 .debug_line    0x00000dc6      0x324 ./src/peripheral/interrupt.o
 .debug_line    0x000010ea      0x3fb ./src/peripheral/microSD.o
 .debug_line    0x000014e5      0x463 ./src/peripheral/timer.o
 .debug_line    0x00001948      0x294 ./src/peripheral/uart.o
 .debug_line    0x00001bdc      0x4fc ./src/peripheral/vcom.o
 .debug_line    0x000020d8     0x1349 ./src/fatfs/ff.o
 .debug_line    0x00003421      0x5d7 ./src/fatfs/mmc_ssp.o
 .debug_line    0x000039f8      0x443 ./src/eMPL/MotionDriver.o
 .debug_line    0x00003e3b      0xdce ./src/eMPL/inv_mpu.o
 .debug_line    0x00004c09      0x692 ./src/eMPL/inv_mpu_dmp_motion_driver.o
 .debug_line    0x0000529b      0x3a8 ./src/FM.o
 .debug_line    0x00005643      0x2c5 ./src/MPL3115A2.o
 .debug_line    0x00005908       0xbf ./src/cr_startup_lpc11uxx.o
 .debug_line    0x000059c7       0x78 ./src/crp.o
 .debug_line    0x00005a3f      0x384 ./src/gps.o
 .debug_line    0x00005dc3      0x2ca ./src/power.o
 .debug_line    0x0000608d      0x232 C:\Users\Yusuke\Documents\LPCXpresso_8.1.4_606\workspace\CMSIS_CORE_LPC11Uxx\Debug\libCMSIS_CORE_LPC11Uxx.a(system_LPC11Uxx.o)

.debug_str      0x00000000    0x14c8e
 .debug_str     0x00000000     0x5433 ./src/peripheral/adc.o
                               0x54ca (size before relaxing)
 .debug_str     0x00005433     0x3e29 ./src/peripheral/cdc_desc.o
                               0x7934 (size before relaxing)
 .debug_str     0x0000925c     0x1b37 ./src/peripheral/comm.o
                               0x6bf5 (size before relaxing)
 .debug_str     0x0000ad93      0x61b ./src/peripheral/i2c.o
                               0x6116 (size before relaxing)
 .debug_str     0x0000b3ae      0x2ec ./src/peripheral/interrupt.o
                               0x6473 (size before relaxing)
 .debug_str     0x0000b69a      0x22b ./src/peripheral/microSD.o
                               0x605a (size before relaxing)
 .debug_str     0x0000b8c5      0x1f0 ./src/peripheral/timer.o
                               0x66c5 (size before relaxing)
 .debug_str     0x0000bab5       0x7d ./src/peripheral/uart.o
                               0x5a3a (size before relaxing)
 .debug_str     0x0000bb32     0x13dc ./src/peripheral/vcom.o
                               0xac47 (size before relaxing)
 .debug_str     0x0000cf0e      0xcf4 ./src/fatfs/ff.o
                               0x6e04 (size before relaxing)
 .debug_str     0x0000dc02      0x57f ./src/fatfs/mmc_ssp.o
                               0x5c6b (size before relaxing)
 .debug_str     0x0000e181      0x18d ./src/eMPL/MotionDriver.o
                               0x6ad3 (size before relaxing)
 .debug_str     0x0000e30e     0x1303 ./src/eMPL/inv_mpu.o
                               0x7c28 (size before relaxing)
 .debug_str     0x0000f611     0x4d20 ./src/eMPL/inv_mpu_dmp_motion_driver.o
                               0xb669 (size before relaxing)
 .debug_str     0x00014331      0x139 ./src/FM.o
                               0x7094 (size before relaxing)
 .debug_str     0x0001446a       0x5d ./src/MPL3115A2.o
                               0x5fb5 (size before relaxing)
 .debug_str     0x000144c7      0x17e ./src/cr_startup_lpc11uxx.o
                               0x2548 (size before relaxing)
 .debug_str     0x00014645       0xe9 ./src/crp.o
                               0x2494 (size before relaxing)
 .debug_str     0x0001472e       0x8f ./src/gps.o
                               0x6255 (size before relaxing)
 .debug_str     0x000147bd       0x96 ./src/power.o
                               0x5d07 (size before relaxing)
 .debug_str     0x00014853      0x43b C:\Users\Yusuke\Documents\LPCXpresso_8.1.4_606\workspace\CMSIS_CORE_LPC11Uxx\Debug\libCMSIS_CORE_LPC11Uxx.a(system_LPC11Uxx.o)
                               0x556f (size before relaxing)

.comment        0x00000000       0x6e
 .comment       0x00000000       0x6e ./src/peripheral/adc.o
                                 0x6f (size before relaxing)
 .comment       0x0000006e       0x6f ./src/peripheral/cdc_desc.o
 .comment       0x0000006e       0x6f ./src/peripheral/comm.o
 .comment       0x0000006e       0x6f ./src/peripheral/i2c.o
 .comment       0x0000006e       0x6f ./src/peripheral/interrupt.o
 .comment       0x0000006e       0x6f ./src/peripheral/microSD.o
 .comment       0x0000006e       0x6f ./src/peripheral/timer.o
 .comment       0x0000006e       0x6f ./src/peripheral/uart.o
 .comment       0x0000006e       0x6f ./src/peripheral/vcom.o
 .comment       0x0000006e       0x6f ./src/fatfs/ff.o
 .comment       0x0000006e       0x6f ./src/fatfs/mmc_ssp.o
 .comment       0x0000006e       0x6f ./src/eMPL/MotionDriver.o
 .comment       0x0000006e       0x6f ./src/eMPL/inv_mpu.o
 .comment       0x0000006e       0x6f ./src/eMPL/inv_mpu_dmp_motion_driver.o
 .comment       0x0000006e       0x6f ./src/FM.o
 .comment       0x0000006e       0x6f ./src/MPL3115A2.o
 .comment       0x0000006e       0x6f ./src/cr_startup_lpc11uxx.o
 .comment       0x0000006e       0x6f ./src/crp.o
 .comment       0x0000006e       0x6f ./src/gps.o
 .comment       0x0000006e       0x6f ./src/power.o
 .comment       0x0000006e       0x6f C:\Users\Yusuke\Documents\LPCXpresso_8.1.4_606\workspace\CMSIS_CORE_LPC11Uxx\Debug\libCMSIS_CORE_LPC11Uxx.a(system_LPC11Uxx.o)
 .comment       0x0000006e       0x6f c:/nxp/lpcxpresso_8.1.4_606/lpcxpresso/tools/bin/../lib/gcc/arm-none-eabi/5.2.1/../../../../arm-none-eabi/lib/armv6-m\libcr_nohost.a(_cr__main.o)
 .comment       0x0000006e       0x6f c:/nxp/lpcxpresso_8.1.4_606/lpcxpresso/tools/bin/../lib/gcc/arm-none-eabi/5.2.1/../../../../arm-none-eabi/lib/armv6-m\libcr_c.a(atan2f.o)
 .comment       0x0000006e       0x6f c:/nxp/lpcxpresso_8.1.4_606/lpcxpresso/tools/bin/../lib/gcc/arm-none-eabi/5.2.1/../../../../arm-none-eabi/lib/armv6-m\libcr_c.a(atanf.o)
 .comment       0x0000006e       0x6f c:/nxp/lpcxpresso_8.1.4_606/lpcxpresso/tools/bin/../lib/gcc/arm-none-eabi/5.2.1/../../../../arm-none-eabi/lib/armv6-m\libcr_c.a(fabsf.o)
 .comment       0x0000006e       0x6f c:/nxp/lpcxpresso_8.1.4_606/lpcxpresso/tools/bin/../lib/gcc/arm-none-eabi/5.2.1/../../../../arm-none-eabi/lib/armv6-m\libcr_c.a(sqrtf.o)
 .comment       0x0000006e       0x6f c:/nxp/lpcxpresso_8.1.4_606/lpcxpresso/tools/bin/../lib/gcc/arm-none-eabi/5.2.1/../../../../arm-none-eabi/lib/armv6-m\libcr_c.a(memcpy.o)
 .comment       0x0000006e       0x6f c:/nxp/lpcxpresso_8.1.4_606/lpcxpresso/tools/bin/../lib/gcc/arm-none-eabi/5.2.1/../../../../arm-none-eabi/lib/armv6-m\libcr_c.a(memset.o)
 .comment       0x0000006e       0x6f c:/nxp/lpcxpresso_8.1.4_606/lpcxpresso/tools/bin/../lib/gcc/arm-none-eabi/5.2.1/../../../../arm-none-eabi/lib/armv6-m\libcr_c.a(errno.o)
 .comment       0x0000006e       0x6f c:/nxp/lpcxpresso_8.1.4_606/lpcxpresso/tools/bin/../lib/gcc/arm-none-eabi/5.2.1/../../../../arm-none-eabi/lib/armv6-m\libcr_c.a(fpprintf.o)
 .comment       0x0000006e       0x6f c:/nxp/lpcxpresso_8.1.4_606/lpcxpresso/tools/bin/../lib/gcc/arm-none-eabi/5.2.1/../../../../arm-none-eabi/lib/armv6-m\libcr_c.a(initio.o)
 .comment       0x0000006e       0x6f c:/nxp/lpcxpresso_8.1.4_606/lpcxpresso/tools/bin/../lib/gcc/arm-none-eabi/5.2.1/../../../../arm-none-eabi/lib/armv6-m\libcr_c.a(memcmp.o)
 .comment       0x0000006e       0x6f c:/nxp/lpcxpresso_8.1.4_606/lpcxpresso/tools/bin/../lib/gcc/arm-none-eabi/5.2.1/../../../../arm-none-eabi/lib/armv6-m\libcr_c.a(printf.o)
 .comment       0x0000006e       0x6f c:/nxp/lpcxpresso_8.1.4_606/lpcxpresso/tools/bin/../lib/gcc/arm-none-eabi/5.2.1/../../../../arm-none-eabi/lib/armv6-m\libcr_c.a(setvbuf.o)
 .comment       0x0000006e       0x6f c:/nxp/lpcxpresso_8.1.4_606/lpcxpresso/tools/bin/../lib/gcc/arm-none-eabi/5.2.1/../../../../arm-none-eabi/lib/armv6-m\libcr_c.a(stdio.o)
 .comment       0x0000006e       0x6f c:/nxp/lpcxpresso_8.1.4_606/lpcxpresso/tools/bin/../lib/gcc/arm-none-eabi/5.2.1/../../../../arm-none-eabi/lib/armv6-m\libcr_c.a(strlen.o)
 .comment       0x0000006e       0x6f c:/nxp/lpcxpresso_8.1.4_606/lpcxpresso/tools/bin/../lib/gcc/arm-none-eabi/5.2.1/../../../../arm-none-eabi/lib/armv6-m\libcr_c.a(time.o)
 .comment       0x0000006e       0x6f c:/nxp/lpcxpresso_8.1.4_606/lpcxpresso/tools/bin/../lib/gcc/arm-none-eabi/5.2.1/../../../../arm-none-eabi/lib/armv6-m\libcr_c.a(_deferredlazyseek.o)
 .comment       0x0000006e       0x6f c:/nxp/lpcxpresso_8.1.4_606/lpcxpresso/tools/bin/../lib/gcc/arm-none-eabi/5.2.1/../../../../arm-none-eabi/lib/armv6-m\libcr_c.a(_fdopen.o)
 .comment       0x0000006e       0x6f c:/nxp/lpcxpresso_8.1.4_606/lpcxpresso/tools/bin/../lib/gcc/arm-none-eabi/5.2.1/../../../../arm-none-eabi/lib/armv6-m\libcr_c.a(_fflush.o)
 .comment       0x0000006e       0x6f c:/nxp/lpcxpresso_8.1.4_606/lpcxpresso/tools/bin/../lib/gcc/arm-none-eabi/5.2.1/../../../../arm-none-eabi/lib/armv6-m\libcr_c.a(_frexpl.o)
 .comment       0x0000006e       0x6f c:/nxp/lpcxpresso_8.1.4_606/lpcxpresso/tools/bin/../lib/gcc/arm-none-eabi/5.2.1/../../../../arm-none-eabi/lib/armv6-m\libcr_c.a(_ldexpl.o)
 .comment       0x0000006e       0x6f c:/nxp/lpcxpresso_8.1.4_606/lpcxpresso/tools/bin/../lib/gcc/arm-none-eabi/5.2.1/../../../../arm-none-eabi/lib/armv6-m\libcr_c.a(_writebuf.o)
 .comment       0x0000006e       0x6f c:/nxp/lpcxpresso_8.1.4_606/lpcxpresso/tools/bin/../lib/gcc/arm-none-eabi/5.2.1/../../../../arm-none-eabi/lib/armv6-m\libcr_c.a(alloc.o)
 .comment       0x0000006e       0x6f c:/nxp/lpcxpresso_8.1.4_606/lpcxpresso/tools/bin/../lib/gcc/arm-none-eabi/5.2.1/../../../../arm-none-eabi/lib/armv6-m\libcr_c.a(fclose.o)
 .comment       0x0000006e       0x6f c:/nxp/lpcxpresso_8.1.4_606/lpcxpresso/tools/bin/../lib/gcc/arm-none-eabi/5.2.1/../../../../arm-none-eabi/lib/armv6-m\libcr_c.a(fflush.o)
 .comment       0x0000006e       0x6f c:/nxp/lpcxpresso_8.1.4_606/lpcxpresso/tools/bin/../lib/gcc/arm-none-eabi/5.2.1/../../../../arm-none-eabi/lib/armv6-m\libcr_c.a(fseek.o)
 .comment       0x0000006e       0x6f c:/nxp/lpcxpresso_8.1.4_606/lpcxpresso/tools/bin/../lib/gcc/arm-none-eabi/5.2.1/../../../../arm-none-eabi/lib/armv6-m\libcr_c.a(ftell.o)
 .comment       0x0000006e       0x6f c:/nxp/lpcxpresso_8.1.4_606/lpcxpresso/tools/bin/../lib/gcc/arm-none-eabi/5.2.1/../../../../arm-none-eabi/lib/armv6-m\libcr_c.a(remove.o)
 .comment       0x0000006e       0x6f c:/nxp/lpcxpresso_8.1.4_606/lpcxpresso/tools/bin/../lib/gcc/arm-none-eabi/5.2.1/../../../../arm-none-eabi/lib/armv6-m\libcr_c.a(__init_alloc.o)
 .comment       0x0000006e       0x6f c:/nxp/lpcxpresso_8.1.4_606/lpcxpresso/tools/bin/../lib/gcc/arm-none-eabi/5.2.1/../../../../arm-none-eabi/lib/armv6-m\libcr_c.a(_cr_sbrk.o)
 .comment       0x0000006e       0x6f c:/nxp/lpcxpresso_8.1.4_606/lpcxpresso/tools/bin/../lib/gcc/arm-none-eabi/5.2.1/../../../../arm-none-eabi/lib/armv6-m\libcr_c.a(_do_fflush.o)
 .comment       0x0000006e       0x6f c:/nxp/lpcxpresso_8.1.4_606/lpcxpresso/tools/bin/../lib/gcc/arm-none-eabi/5.2.1/../../../../arm-none-eabi/lib/armv6-m\libcr_c.a(_hugeval.o)
 .comment       0x0000006e       0x6f c:/nxp/lpcxpresso_8.1.4_606/lpcxpresso/tools/bin/../lib/gcc/arm-none-eabi/5.2.1/../../../../arm-none-eabi/lib/armv6-m\libcr_c.a(_cr_check_heap.o)
 .comment       0x0000006e       0x6f c:/nxp/lpcxpresso_8.1.4_606/lpcxpresso/tools/bin/../lib/gcc/arm-none-eabi/5.2.1/armv6-m\libcr_eabihelpers.a(double.o)
 .comment       0x0000006e       0x6f c:/nxp/lpcxpresso_8.1.4_606/lpcxpresso/tools/bin/../lib/gcc/arm-none-eabi/5.2.1/armv6-m\libcr_eabihelpers.a(float.o)
 .comment       0x0000006e       0x6f c:/nxp/lpcxpresso_8.1.4_606/lpcxpresso/tools/bin/../lib/gcc/arm-none-eabi/5.2.1/../../../../arm-none-eabi/lib/armv6-m\libcr_nohost.a(__sys_appexit.o)
 .comment       0x0000006e       0x6f c:/nxp/lpcxpresso_8.1.4_606/lpcxpresso/tools/bin/../lib/gcc/arm-none-eabi/5.2.1/../../../../arm-none-eabi/lib/armv6-m\libcr_nohost.a(__sys_close.o)
 .comment       0x0000006e       0x6f c:/nxp/lpcxpresso_8.1.4_606/lpcxpresso/tools/bin/../lib/gcc/arm-none-eabi/5.2.1/../../../../arm-none-eabi/lib/armv6-m\libcr_nohost.a(__sys_flen.o)
 .comment       0x0000006e       0x6f c:/nxp/lpcxpresso_8.1.4_606/lpcxpresso/tools/bin/../lib/gcc/arm-none-eabi/5.2.1/../../../../arm-none-eabi/lib/armv6-m\libcr_nohost.a(__sys_istty.o)
 .comment       0x0000006e       0x6f c:/nxp/lpcxpresso_8.1.4_606/lpcxpresso/tools/bin/../lib/gcc/arm-none-eabi/5.2.1/../../../../arm-none-eabi/lib/armv6-m\libcr_nohost.a(__sys_remove.o)
 .comment       0x0000006e       0x6f c:/nxp/lpcxpresso_8.1.4_606/lpcxpresso/tools/bin/../lib/gcc/arm-none-eabi/5.2.1/../../../../arm-none-eabi/lib/armv6-m\libcr_nohost.a(__sys_seek.o)
 .comment       0x0000006e       0x6f c:/nxp/lpcxpresso_8.1.4_606/lpcxpresso/tools/bin/../lib/gcc/arm-none-eabi/5.2.1/../../../../arm-none-eabi/lib/armv6-m\libcr_nohost.a(__sys_tmpnam.o)
 .comment       0x0000006e       0x6f c:/nxp/lpcxpresso_8.1.4_606/lpcxpresso/tools/bin/../lib/gcc/arm-none-eabi/5.2.1/../../../../arm-none-eabi/lib/armv6-m\libcr_nohost.a(__sys_write.o)

.ARM.attributes
                0x00000000       0x2f
 .ARM.attributes
                0x00000000       0x31 ./src/peripheral/adc.o
 .ARM.attributes
                0x00000031       0x31 ./src/peripheral/cdc_desc.o
 .ARM.attributes
                0x00000062       0x31 ./src/peripheral/comm.o
 .ARM.attributes
                0x00000093       0x31 ./src/peripheral/i2c.o
 .ARM.attributes
                0x000000c4       0x31 ./src/peripheral/interrupt.o
 .ARM.attributes
                0x000000f5       0x31 ./src/peripheral/microSD.o
 .ARM.attributes
                0x00000126       0x31 ./src/peripheral/timer.o
 .ARM.attributes
                0x00000157       0x31 ./src/peripheral/uart.o
 .ARM.attributes
                0x00000188       0x31 ./src/peripheral/vcom.o
 .ARM.attributes
                0x000001b9       0x31 ./src/fatfs/ff.o
 .ARM.attributes
                0x000001ea       0x31 ./src/fatfs/mmc_ssp.o
 .ARM.attributes
                0x0000021b       0x31 ./src/eMPL/MotionDriver.o
 .ARM.attributes
                0x0000024c       0x31 ./src/eMPL/inv_mpu.o
 .ARM.attributes
                0x0000027d       0x31 ./src/eMPL/inv_mpu_dmp_motion_driver.o
 .ARM.attributes
                0x000002ae       0x31 ./src/FM.o
 .ARM.attributes
                0x000002df       0x31 ./src/MPL3115A2.o
 .ARM.attributes
                0x00000310       0x31 ./src/cr_startup_lpc11uxx.o
 .ARM.attributes
                0x00000341       0x31 ./src/crp.o
 .ARM.attributes
                0x00000372       0x31 ./src/gps.o
 .ARM.attributes
                0x000003a3       0x31 ./src/power.o
 .ARM.attributes
                0x000003d4       0x31 C:\Users\Yusuke\Documents\LPCXpresso_8.1.4_606\workspace\CMSIS_CORE_LPC11Uxx\Debug\libCMSIS_CORE_LPC11Uxx.a(system_LPC11Uxx.o)
 .ARM.attributes
                0x00000405       0x31 c:/nxp/lpcxpresso_8.1.4_606/lpcxpresso/tools/bin/../lib/gcc/arm-none-eabi/5.2.1/../../../../arm-none-eabi/lib/armv6-m\libcr_nohost.a(_cr__main.o)
 .ARM.attributes
                0x00000436       0x31 c:/nxp/lpcxpresso_8.1.4_606/lpcxpresso/tools/bin/../lib/gcc/arm-none-eabi/5.2.1/../../../../arm-none-eabi/lib/armv6-m\libcr_c.a(atan2f.o)
 .ARM.attributes
                0x00000467       0x31 c:/nxp/lpcxpresso_8.1.4_606/lpcxpresso/tools/bin/../lib/gcc/arm-none-eabi/5.2.1/../../../../arm-none-eabi/lib/armv6-m\libcr_c.a(atanf.o)
 .ARM.attributes
                0x00000498       0x31 c:/nxp/lpcxpresso_8.1.4_606/lpcxpresso/tools/bin/../lib/gcc/arm-none-eabi/5.2.1/../../../../arm-none-eabi/lib/armv6-m\libcr_c.a(fabsf.o)
 .ARM.attributes
                0x000004c9       0x31 c:/nxp/lpcxpresso_8.1.4_606/lpcxpresso/tools/bin/../lib/gcc/arm-none-eabi/5.2.1/../../../../arm-none-eabi/lib/armv6-m\libcr_c.a(sqrtf.o)
 .ARM.attributes
                0x000004fa       0x31 c:/nxp/lpcxpresso_8.1.4_606/lpcxpresso/tools/bin/../lib/gcc/arm-none-eabi/5.2.1/../../../../arm-none-eabi/lib/armv6-m\libcr_c.a(memcpy.o)
 .ARM.attributes
                0x0000052b       0x31 c:/nxp/lpcxpresso_8.1.4_606/lpcxpresso/tools/bin/../lib/gcc/arm-none-eabi/5.2.1/../../../../arm-none-eabi/lib/armv6-m\libcr_c.a(memset.o)
 .ARM.attributes
                0x0000055c       0x31 c:/nxp/lpcxpresso_8.1.4_606/lpcxpresso/tools/bin/../lib/gcc/arm-none-eabi/5.2.1/../../../../arm-none-eabi/lib/armv6-m\libcr_c.a(errno.o)
 .ARM.attributes
                0x0000058d       0x31 c:/nxp/lpcxpresso_8.1.4_606/lpcxpresso/tools/bin/../lib/gcc/arm-none-eabi/5.2.1/../../../../arm-none-eabi/lib/armv6-m\libcr_c.a(fpprintf.o)
 .ARM.attributes
                0x000005be       0x31 c:/nxp/lpcxpresso_8.1.4_606/lpcxpresso/tools/bin/../lib/gcc/arm-none-eabi/5.2.1/../../../../arm-none-eabi/lib/armv6-m\libcr_c.a(initio.o)
 .ARM.attributes
                0x000005ef       0x31 c:/nxp/lpcxpresso_8.1.4_606/lpcxpresso/tools/bin/../lib/gcc/arm-none-eabi/5.2.1/../../../../arm-none-eabi/lib/armv6-m\libcr_c.a(memcmp.o)
 .ARM.attributes
                0x00000620       0x31 c:/nxp/lpcxpresso_8.1.4_606/lpcxpresso/tools/bin/../lib/gcc/arm-none-eabi/5.2.1/../../../../arm-none-eabi/lib/armv6-m\libcr_c.a(printf.o)
 .ARM.attributes
                0x00000651       0x31 c:/nxp/lpcxpresso_8.1.4_606/lpcxpresso/tools/bin/../lib/gcc/arm-none-eabi/5.2.1/../../../../arm-none-eabi/lib/armv6-m\libcr_c.a(setvbuf.o)
 .ARM.attributes
                0x00000682       0x31 c:/nxp/lpcxpresso_8.1.4_606/lpcxpresso/tools/bin/../lib/gcc/arm-none-eabi/5.2.1/../../../../arm-none-eabi/lib/armv6-m\libcr_c.a(stdio.o)
 .ARM.attributes
                0x000006b3       0x31 c:/nxp/lpcxpresso_8.1.4_606/lpcxpresso/tools/bin/../lib/gcc/arm-none-eabi/5.2.1/../../../../arm-none-eabi/lib/armv6-m\libcr_c.a(strlen.o)
 .ARM.attributes
                0x000006e4       0x31 c:/nxp/lpcxpresso_8.1.4_606/lpcxpresso/tools/bin/../lib/gcc/arm-none-eabi/5.2.1/../../../../arm-none-eabi/lib/armv6-m\libcr_c.a(time.o)
 .ARM.attributes
                0x00000715       0x31 c:/nxp/lpcxpresso_8.1.4_606/lpcxpresso/tools/bin/../lib/gcc/arm-none-eabi/5.2.1/../../../../arm-none-eabi/lib/armv6-m\libcr_c.a(_deferredlazyseek.o)
 .ARM.attributes
                0x00000746       0x31 c:/nxp/lpcxpresso_8.1.4_606/lpcxpresso/tools/bin/../lib/gcc/arm-none-eabi/5.2.1/../../../../arm-none-eabi/lib/armv6-m\libcr_c.a(_fdopen.o)
 .ARM.attributes
                0x00000777       0x31 c:/nxp/lpcxpresso_8.1.4_606/lpcxpresso/tools/bin/../lib/gcc/arm-none-eabi/5.2.1/../../../../arm-none-eabi/lib/armv6-m\libcr_c.a(_fflush.o)
 .ARM.attributes
                0x000007a8       0x31 c:/nxp/lpcxpresso_8.1.4_606/lpcxpresso/tools/bin/../lib/gcc/arm-none-eabi/5.2.1/../../../../arm-none-eabi/lib/armv6-m\libcr_c.a(_frexpl.o)
 .ARM.attributes
                0x000007d9       0x31 c:/nxp/lpcxpresso_8.1.4_606/lpcxpresso/tools/bin/../lib/gcc/arm-none-eabi/5.2.1/../../../../arm-none-eabi/lib/armv6-m\libcr_c.a(_ldexpl.o)
 .ARM.attributes
                0x0000080a       0x31 c:/nxp/lpcxpresso_8.1.4_606/lpcxpresso/tools/bin/../lib/gcc/arm-none-eabi/5.2.1/../../../../arm-none-eabi/lib/armv6-m\libcr_c.a(_writebuf.o)
 .ARM.attributes
                0x0000083b       0x31 c:/nxp/lpcxpresso_8.1.4_606/lpcxpresso/tools/bin/../lib/gcc/arm-none-eabi/5.2.1/../../../../arm-none-eabi/lib/armv6-m\libcr_c.a(alloc.o)
 .ARM.attributes
                0x0000086c       0x31 c:/nxp/lpcxpresso_8.1.4_606/lpcxpresso/tools/bin/../lib/gcc/arm-none-eabi/5.2.1/../../../../arm-none-eabi/lib/armv6-m\libcr_c.a(fclose.o)
 .ARM.attributes
                0x0000089d       0x31 c:/nxp/lpcxpresso_8.1.4_606/lpcxpresso/tools/bin/../lib/gcc/arm-none-eabi/5.2.1/../../../../arm-none-eabi/lib/armv6-m\libcr_c.a(fflush.o)
 .ARM.attributes
                0x000008ce       0x31 c:/nxp/lpcxpresso_8.1.4_606/lpcxpresso/tools/bin/../lib/gcc/arm-none-eabi/5.2.1/../../../../arm-none-eabi/lib/armv6-m\libcr_c.a(fseek.o)
 .ARM.attributes
                0x000008ff       0x31 c:/nxp/lpcxpresso_8.1.4_606/lpcxpresso/tools/bin/../lib/gcc/arm-none-eabi/5.2.1/../../../../arm-none-eabi/lib/armv6-m\libcr_c.a(ftell.o)
 .ARM.attributes
                0x00000930       0x31 c:/nxp/lpcxpresso_8.1.4_606/lpcxpresso/tools/bin/../lib/gcc/arm-none-eabi/5.2.1/../../../../arm-none-eabi/lib/armv6-m\libcr_c.a(remove.o)
 .ARM.attributes
                0x00000961       0x31 c:/nxp/lpcxpresso_8.1.4_606/lpcxpresso/tools/bin/../lib/gcc/arm-none-eabi/5.2.1/../../../../arm-none-eabi/lib/armv6-m\libcr_c.a(__init_alloc.o)
 .ARM.attributes
                0x00000992       0x31 c:/nxp/lpcxpresso_8.1.4_606/lpcxpresso/tools/bin/../lib/gcc/arm-none-eabi/5.2.1/../../../../arm-none-eabi/lib/armv6-m\libcr_c.a(_cr_sbrk.o)
 .ARM.attributes
                0x000009c3       0x31 c:/nxp/lpcxpresso_8.1.4_606/lpcxpresso/tools/bin/../lib/gcc/arm-none-eabi/5.2.1/../../../../arm-none-eabi/lib/armv6-m\libcr_c.a(_do_fflush.o)
 .ARM.attributes